/home/sk3686/hazan/stu-dreamer-jax/.venv/lib/python3.13/site-packages/optax/_src/linear_algebra.py:44: DeprecationWarning: optax.global_norm is deprecated in favor of optax.tree.norm
  warnings.warn(
/home/sk3686/hazan/stu-dreamer-jax/.venv/lib/python3.13/site-packages/optax/_src/linear_algebra.py:44: DeprecationWarning: optax.global_norm is deprecated in favor of optax.tree.norm
  warnings.warn(
2026-04-15 16:08:23.570829: E external/xla/xla/python/profiler/internal/python_hooks.cc:412] Can't import tensorflow.python.profiler.trace
2026-04-15 16:08:24.452206: E external/xla/xla/python/profiler/internal/python_hooks.cc:412] Can't import tensorflow.python.profiler.trace
---  ___                           __   ______ ---
--- |   \ _ _ ___ __ _ _ __  ___ _ \ \ / /__ / ---
--- | |) | '_/ -_) _` | '  \/ -_) '/\ V / |_ \ ---
--- |___/|_| \___\__,_|_|_|_\___|_|  \_/ |___/ ---
Replica: 0 / 1
Logdir: /home/sk3686/logdir/dreamer/round2_walker_walk_baseline_12m_20260415_160724_della-stellato
Run script: train
Observations
  reward           Space(float32, shape=(), low=-inf, high=inf)
  is_first         Space(bool, shape=(), low=False, high=True)
  is_last          Space(bool, shape=(), low=False, high=True)
  is_terminal      Space(bool, shape=(), low=False, high=True)
  orientations     Space(float32, shape=(14,), low=-inf, high=inf)
  height           Space(float32, shape=(), low=-inf, high=inf)
  velocity         Space(float32, shape=(9,), low=-inf, high=inf)
Actions
  action           Space(float32, shape=(6,), low=-1.0, high=1.0)
Extras
  consec           Space(int32, shape=(), low=-2147483648, high=2147483647)
  stepid           Space(uint8, shape=(20,), low=0, high=255)
  dyn/deter        Space(float32, shape=(2048,), low=-inf, high=inf)
  dyn/stoch        Space(float32, shape=(32, 16), low=-inf, high=inf)
JAX devices (1): [cuda:0]
Policy devices: cuda:0
Train devices:  cuda:0
Initializing parameters...
Optimizer opt has 9,738,019 params:
     5,783,040 dyn
       853,503 val
       794,136 dec
       791,052 pol
       721,407 rew
       656,129 con
       138,752 enc
Done initializing!
Compiling 1 checkpoint groups...
Largest checkpoint group: 0 GB
Compiling train and report...
Train cost analysis:
No available
Report cost analysis:
No available
Done compiling!
Did not find any checkpoint.
Saving checkpoint: /home/sk3686/logdir/dreamer/round2_walker_walk_baseline_12m_20260415_160724_della-stellato/ckpt/20260415T160811F163185
Saved checkpoint.
Start training loop
Start JAX profiler: /home/sk3686/logdir/dreamer/round2_walker_walk_baseline_12m_20260415_160724_della-stellato
Stop JAX profiler

--------------------[Agent Step 7_904]--------------------
Metrics filtered by: 'score|length|fps|ratio|train/loss/|train/rand/'
train/loss/con 0.04 / train/loss/dyn 5.25 / train/loss/height 0.03 / train/loss/orientations 1.02 / train/loss/policy 1.43 / train/loss/rep 5.25 / train/loss/repval 3.88 / train/loss/rew 1.23 / train/loss/value 2.59 / train/loss/velocity 4.09 / replay/replay_ratio 442.91 / fps/policy 63.49 / fps/train 2.4e4

Writing metrics: /home/sk3686/logdir/dreamer/round2_walker_walk_baseline_12m_20260415_160724_della-stellato/scores.jsonl
Writing metrics: /home/sk3686/logdir/dreamer/round2_walker_walk_baseline_12m_20260415_160724_della-stellato/metrics.jsonl

--------------------[Agent Step 14_064]--------------------
Metrics filtered by: 'score|length|fps|ratio|train/loss/|train/rand/'
train/loss/con 0.02 / train/loss/dyn 2.16 / train/loss/height 4.7e-3 / train/loss/orientations 0.24 / train/loss/policy -0.3 / train/loss/rep 2.16 / train/loss/repval 1.29 / train/loss/rew 0.51 / train/loss/value 1.11 / train/loss/velocity 0.77 / replay/replay_ratio 520 / fps/policy 51.22 / fps/train 2.6e4

Writing metrics: /home/sk3686/logdir/dreamer/round2_walker_walk_baseline_12m_20260415_160724_della-stellato/metrics.jsonl
Writing metrics: /home/sk3686/logdir/dreamer/round2_walker_walk_baseline_12m_20260415_160724_della-stellato/scores.jsonl

--------------------[Agent Step 20_208]--------------------
Metrics filtered by: 'score|length|fps|ratio|train/loss/|train/rand/'
episode/score 68.58 / episode/length 1001 / train/loss/con 0.02 / train/loss/dyn 2.24 / train/loss/height 4.2e-3 / train/loss/orientations 0.21 / train/loss/policy -0.17 / train/loss/rep 2.24 / train/loss/repval 1.16 / train/loss/rew 0.52 / train/loss/value 0.97 / train/loss/velocity 0.64 / replay/replay_ratio 520 / fps/policy 51.18 / fps/train 2.6e4

Writing metrics: /home/sk3686/logdir/dreamer/round2_walker_walk_baseline_12m_20260415_160724_della-stellato/metrics.jsonl
Writing metrics: /home/sk3686/logdir/dreamer/round2_walker_walk_baseline_12m_20260415_160724_della-stellato/scores.jsonl

--------------------[Agent Step 26_352]--------------------
Metrics filtered by: 'score|length|fps|ratio|train/loss/|train/rand/'
train/loss/con 0.02 / train/loss/dyn 2.36 / train/loss/height 3.6e-3 / train/loss/orientations 0.18 / train/loss/policy -0.23 / train/loss/rep 2.36 / train/loss/repval 1.14 / train/loss/rew 0.51 / train/loss/value 1.07 / train/loss/velocity 0.57 / replay/replay_ratio 520 / fps/policy 51.19 / fps/train 2.6e4

Writing metrics: /home/sk3686/logdir/dreamer/round2_walker_walk_baseline_12m_20260415_160724_della-stellato/scores.jsonl
Writing metrics: /home/sk3686/logdir/dreamer/round2_walker_walk_baseline_12m_20260415_160724_della-stellato/metrics.jsonl

--------------------[Agent Step 32_528]--------------------
Metrics filtered by: 'score|length|fps|ratio|train/loss/|train/rand/'
episode/score 57.53 / episode/length 1001 / train/loss/con 0.02 / train/loss/dyn 2.53 / train/loss/height 3.1e-3 / train/loss/orientations 0.17 / train/loss/policy -0.28 / train/loss/rep 2.53 / train/loss/repval 1.08 / train/loss/rew 0.52 / train/loss/value 1.02 / train/loss/velocity 0.58 / replay/replay_ratio 520 / fps/policy 51.41 / fps/train 2.6e4

Writing metrics: /home/sk3686/logdir/dreamer/round2_walker_walk_baseline_12m_20260415_160724_della-stellato/metrics.jsonl
Writing metrics: /home/sk3686/logdir/dreamer/round2_walker_walk_baseline_12m_20260415_160724_della-stellato/scores.jsonl

--------------------[Agent Step 38_704]--------------------
Metrics filtered by: 'score|length|fps|ratio|train/loss/|train/rand/'
train/loss/con 0.02 / train/loss/dyn 2.49 / train/loss/height 3.2e-3 / train/loss/orientations 0.18 / train/loss/policy -0.15 / train/loss/rep 2.49 / train/loss/repval 0.99 / train/loss/rew 0.52 / train/loss/value 1.04 / train/loss/velocity 0.58 / replay/replay_ratio 520 / fps/policy 51.36 / fps/train 2.6e4

Writing metrics: /home/sk3686/logdir/dreamer/round2_walker_walk_baseline_12m_20260415_160724_della-stellato/scores.jsonl
Writing metrics: /home/sk3686/logdir/dreamer/round2_walker_walk_baseline_12m_20260415_160724_della-stellato/metrics.jsonl

--------------------[Agent Step 44_880]--------------------
Metrics filtered by: 'score|length|fps|ratio|train/loss/|train/rand/'
train/loss/con 0.02 / train/loss/dyn 2.42 / train/loss/height 3e-3 / train/loss/orientations 0.17 / train/loss/policy -0.13 / train/loss/rep 2.42 / train/loss/repval 1.08 / train/loss/rew 0.51 / train/loss/value 1.02 / train/loss/velocity 0.55 / replay/replay_ratio 520 / fps/policy 51.38 / fps/train 2.6e4

Writing metrics: /home/sk3686/logdir/dreamer/round2_walker_walk_baseline_12m_20260415_160724_della-stellato/metrics.jsonl
Writing metrics: /home/sk3686/logdir/dreamer/round2_walker_walk_baseline_12m_20260415_160724_della-stellato/scores.jsonl
Saving checkpoint: /home/sk3686/logdir/dreamer/round2_walker_walk_baseline_12m_20260415_160724_della-stellato/ckpt/20260415T162314F643838
Saved checkpoint.

--------------------[Agent Step 51_040]--------------------
Metrics filtered by: 'score|length|fps|ratio|train/loss/|train/rand/'
episode/score 69.95 / episode/length 1001 / train/loss/con 0.02 / train/loss/dyn 2.49 / train/loss/height 3e-3 / train/loss/orientations 0.17 / train/loss/policy -0.11 / train/loss/rep 2.49 / train/loss/repval 1.06 / train/loss/rew 0.51 / train/loss/value 1.09 / train/loss/velocity 0.56 / replay/replay_ratio 520 / fps/policy 51.22 / fps/train 2.6e4

Writing metrics: /home/sk3686/logdir/dreamer/round2_walker_walk_baseline_12m_20260415_160724_della-stellato/metrics.jsonl
Writing metrics: /home/sk3686/logdir/dreamer/round2_walker_walk_baseline_12m_20260415_160724_della-stellato/scores.jsonl

--------------------[Agent Step 57_200]--------------------
Metrics filtered by: 'score|length|fps|ratio|train/loss/|train/rand/'
train/loss/con 0.02 / train/loss/dyn 2.46 / train/loss/height 2.9e-3 / train/loss/orientations 0.16 / train/loss/policy -0.11 / train/loss/rep 2.46 / train/loss/repval 1.02 / train/loss/rew 0.52 / train/loss/value 1.17 / train/loss/velocity 0.55 / replay/replay_ratio 520 / fps/policy 51.22 / fps/train 2.6e4

Writing metrics: /home/sk3686/logdir/dreamer/round2_walker_walk_baseline_12m_20260415_160724_della-stellato/scores.jsonl
Writing metrics: /home/sk3686/logdir/dreamer/round2_walker_walk_baseline_12m_20260415_160724_della-stellato/metrics.jsonl

--------------------[Agent Step 63_376]--------------------
Metrics filtered by: 'score|length|fps|ratio|train/loss/|train/rand/'
train/loss/con 0.02 / train/loss/dyn 2.42 / train/loss/height 2.7e-3 / train/loss/orientations 0.15 / train/loss/policy -0.16 / train/loss/rep 2.42 / train/loss/repval 1.15 / train/loss/rew 0.52 / train/loss/value 0.93 / train/loss/velocity 0.53 / replay/replay_ratio 520 / fps/policy 51.36 / fps/train 2.6e4

Writing metrics: /home/sk3686/logdir/dreamer/round2_walker_walk_baseline_12m_20260415_160724_della-stellato/scores.jsonl
Writing metrics: /home/sk3686/logdir/dreamer/round2_walker_walk_baseline_12m_20260415_160724_della-stellato/metrics.jsonl

--------------------[Agent Step 69_536]--------------------
Metrics filtered by: 'score|length|fps|ratio|train/loss/|train/rand/'
episode/score 220.5 / episode/length 1001 / train/loss/con 0.02 / train/loss/dyn 2.42 / train/loss/height 2.6e-3 / train/loss/orientations 0.14 / train/loss/policy -0.17 / train/loss/rep 2.42 / train/loss/repval 1.02 / train/loss/rew 0.53 / train/loss/value 0.86 / train/loss/velocity 0.52 / replay/replay_ratio 520 / fps/policy 51.28 / fps/train 2.6e4

Writing metrics: /home/sk3686/logdir/dreamer/round2_walker_walk_baseline_12m_20260415_160724_della-stellato/scores.jsonl
Writing metrics: /home/sk3686/logdir/dreamer/round2_walker_walk_baseline_12m_20260415_160724_della-stellato/metrics.jsonl

--------------------[Agent Step 75_712]--------------------
Metrics filtered by: 'score|length|fps|ratio|train/loss/|train/rand/'
train/loss/con 0.02 / train/loss/dyn 2.4 / train/loss/height 2.5e-3 / train/loss/orientations 0.14 / train/loss/policy -0.17 / train/loss/rep 2.4 / train/loss/repval 1 / train/loss/rew 0.53 / train/loss/value 1.17 / train/loss/velocity 0.51 / replay/replay_ratio 520 / fps/policy 51.35 / fps/train 2.6e4

Writing metrics: /home/sk3686/logdir/dreamer/round2_walker_walk_baseline_12m_20260415_160724_della-stellato/metrics.jsonl
Writing metrics: /home/sk3686/logdir/dreamer/round2_walker_walk_baseline_12m_20260415_160724_della-stellato/scores.jsonl

--------------------[Agent Step 81_920]--------------------
Metrics filtered by: 'score|length|fps|ratio|train/loss/|train/rand/'
episode/score 244.68 / episode/length 1001 / train/loss/con 0.02 / train/loss/dyn 2.42 / train/loss/height 2.3e-3 / train/loss/orientations 0.13 / train/loss/policy -0.18 / train/loss/rep 2.42 / train/loss/repval 1.14 / train/loss/rew 0.53 / train/loss/value 0.93 / train/loss/velocity 0.51 / replay/replay_ratio 520 / fps/policy 51.71 / fps/train 2.6e4

Writing metrics: /home/sk3686/logdir/dreamer/round2_walker_walk_baseline_12m_20260415_160724_della-stellato/scores.jsonl
Writing metrics: /home/sk3686/logdir/dreamer/round2_walker_walk_baseline_12m_20260415_160724_della-stellato/metrics.jsonl

--------------------[Agent Step 88_160]--------------------
Metrics filtered by: 'score|length|fps|ratio|train/loss/|train/rand/'
train/loss/con 0.02 / train/loss/dyn 2.44 / train/loss/height 2.3e-3 / train/loss/orientations 0.13 / train/loss/policy -0.16 / train/loss/rep 2.44 / train/loss/repval 1.03 / train/loss/rew 0.53 / train/loss/value 1.06 / train/loss/velocity 0.52 / replay/replay_ratio 520 / fps/policy 51.89 / fps/train 2.7e4

Writing metrics: /home/sk3686/logdir/dreamer/round2_walker_walk_baseline_12m_20260415_160724_della-stellato/metrics.jsonl
Writing metrics: /home/sk3686/logdir/dreamer/round2_walker_walk_baseline_12m_20260415_160724_della-stellato/scores.jsonl
Saving checkpoint: /home/sk3686/logdir/dreamer/round2_walker_walk_baseline_12m_20260415_160724_della-stellato/ckpt/20260415T163814F738343
Saved checkpoint.

--------------------[Agent Step 94_400]--------------------
Metrics filtered by: 'score|length|fps|ratio|train/loss/|train/rand/'
train/loss/con 0.02 / train/loss/dyn 2.41 / train/loss/height 2.2e-3 / train/loss/orientations 0.12 / train/loss/policy -0.16 / train/loss/rep 2.41 / train/loss/repval 1.15 / train/loss/rew 0.53 / train/loss/value 1.13 / train/loss/velocity 0.51 / replay/replay_ratio 520 / fps/policy 51.96 / fps/train 2.7e4

Writing metrics: /home/sk3686/logdir/dreamer/round2_walker_walk_baseline_12m_20260415_160724_della-stellato/scores.jsonl
Writing metrics: /home/sk3686/logdir/dreamer/round2_walker_walk_baseline_12m_20260415_160724_della-stellato/metrics.jsonl

--------------------[Agent Step 100_608]--------------------
Metrics filtered by: 'score|length|fps|ratio|train/loss/|train/rand/'
episode/score 392.29 / episode/length 1001 / train/loss/con 0.02 / train/loss/dyn 2.44 / train/loss/height 2.2e-3 / train/loss/orientations 0.12 / train/loss/policy -0.2 / train/loss/rep 2.44 / train/loss/repval 1.1 / train/loss/rew 0.53 / train/loss/value 0.86 / train/loss/velocity 0.5 / replay/replay_ratio 520 / fps/policy 51.73 / fps/train 2.6e4

Writing metrics: /home/sk3686/logdir/dreamer/round2_walker_walk_baseline_12m_20260415_160724_della-stellato/scores.jsonl
Writing metrics: /home/sk3686/logdir/dreamer/round2_walker_walk_baseline_12m_20260415_160724_della-stellato/metrics.jsonl

--------------------[Agent Step 106_848]--------------------
Metrics filtered by: 'score|length|fps|ratio|train/loss/|train/rand/'
train/loss/con 0.02 / train/loss/dyn 2.43 / train/loss/height 2.1e-3 / train/loss/orientations 0.11 / train/loss/policy -0.17 / train/loss/rep 2.43 / train/loss/repval 1.08 / train/loss/rew 0.53 / train/loss/value 1.15 / train/loss/velocity 0.5 / replay/replay_ratio 520 / fps/policy 51.92 / fps/train 2.7e4

Writing metrics: /home/sk3686/logdir/dreamer/round2_walker_walk_baseline_12m_20260415_160724_della-stellato/scores.jsonl
Writing metrics: /home/sk3686/logdir/dreamer/round2_walker_walk_baseline_12m_20260415_160724_della-stellato/metrics.jsonl

--------------------[Agent Step 113_072]--------------------
Metrics filtered by: 'score|length|fps|ratio|train/loss/|train/rand/'
episode/score 295.07 / episode/length 1001 / train/loss/con 0.02 / train/loss/dyn 2.45 / train/loss/height 2e-3 / train/loss/orientations 0.11 / train/loss/policy -0.16 / train/loss/rep 2.45 / train/loss/repval 1.16 / train/loss/rew 0.53 / train/loss/value 0.9 / train/loss/velocity 0.5 / replay/replay_ratio 520 / fps/policy 51.82 / fps/train 2.7e4

Writing metrics: /home/sk3686/logdir/dreamer/round2_walker_walk_baseline_12m_20260415_160724_della-stellato/scores.jsonl
Writing metrics: /home/sk3686/logdir/dreamer/round2_walker_walk_baseline_12m_20260415_160724_della-stellato/metrics.jsonl

--------------------[Agent Step 119_280]--------------------
Metrics filtered by: 'score|length|fps|ratio|train/loss/|train/rand/'
train/loss/con 0.02 / train/loss/dyn 2.46 / train/loss/height 2e-3 / train/loss/orientations 0.11 / train/loss/policy -0.14 / train/loss/rep 2.46 / train/loss/repval 1.03 / train/loss/rew 0.53 / train/loss/value 0.75 / train/loss/velocity 0.5 / replay/replay_ratio 520 / fps/policy 51.61 / fps/train 2.6e4

Writing metrics: /home/sk3686/logdir/dreamer/round2_walker_walk_baseline_12m_20260415_160724_della-stellato/metrics.jsonl
Writing metrics: /home/sk3686/logdir/dreamer/round2_walker_walk_baseline_12m_20260415_160724_della-stellato/scores.jsonl

--------------------[Agent Step 125_504]--------------------
Metrics filtered by: 'score|length|fps|ratio|train/loss/|train/rand/'
train/loss/con 0.02 / train/loss/dyn 2.44 / train/loss/height 1.9e-3 / train/loss/orientations 0.1 / train/loss/policy -0.18 / train/loss/rep 2.44 / train/loss/repval 0.97 / train/loss/rew 0.53 / train/loss/value 0.74 / train/loss/velocity 0.49 / replay/replay_ratio 520 / fps/policy 51.86 / fps/train 2.7e4

Writing metrics: /home/sk3686/logdir/dreamer/round2_walker_walk_baseline_12m_20260415_160724_della-stellato/scores.jsonl
Writing metrics: /home/sk3686/logdir/dreamer/round2_walker_walk_baseline_12m_20260415_160724_della-stellato/metrics.jsonl

--------------------[Agent Step 131_696]--------------------
Metrics filtered by: 'score|length|fps|ratio|train/loss/|train/rand/'
episode/score 361.63 / episode/length 1001 / train/loss/con 0.02 / train/loss/dyn 2.45 / train/loss/height 1.9e-3 / train/loss/orientations 0.1 / train/loss/policy -0.15 / train/loss/rep 2.45 / train/loss/repval 0.92 / train/loss/rew 0.54 / train/loss/value 0.84 / train/loss/velocity 0.48 / replay/replay_ratio 520 / fps/policy 51.59 / fps/train 2.6e4

Writing metrics: /home/sk3686/logdir/dreamer/round2_walker_walk_baseline_12m_20260415_160724_della-stellato/metrics.jsonl
Writing metrics: /home/sk3686/logdir/dreamer/round2_walker_walk_baseline_12m_20260415_160724_della-stellato/scores.jsonl

--------------------[Agent Step 137_920]--------------------
Metrics filtered by: 'score|length|fps|ratio|train/loss/|train/rand/'
train/loss/con 0.02 / train/loss/dyn 2.44 / train/loss/height 1.8e-3 / train/loss/orientations 0.09 / train/loss/policy -0.15 / train/loss/rep 2.44 / train/loss/repval 0.91 / train/loss/rew 0.54 / train/loss/value 0.93 / train/loss/velocity 0.48 / replay/replay_ratio 520 / fps/policy 51.78 / fps/train 2.7e4

Writing metrics: /home/sk3686/logdir/dreamer/round2_walker_walk_baseline_12m_20260415_160724_della-stellato/metrics.jsonl
Writing metrics: /home/sk3686/logdir/dreamer/round2_walker_walk_baseline_12m_20260415_160724_della-stellato/scores.jsonl
Saving checkpoint: /home/sk3686/logdir/dreamer/round2_walker_walk_baseline_12m_20260415_160724_della-stellato/ckpt/20260415T165315F019107
Saved checkpoint.

--------------------[Agent Step 144_144]--------------------
Metrics filtered by: 'score|length|fps|ratio|train/loss/|train/rand/'
episode/score 490.32 / episode/length 1001 / train/loss/con 0.02 / train/loss/dyn 2.46 / train/loss/height 1.8e-3 / train/loss/orientations 0.09 / train/loss/policy -0.13 / train/loss/rep 2.46 / train/loss/repval 0.92 / train/loss/rew 0.54 / train/loss/value 0.93 / train/loss/velocity 0.48 / replay/replay_ratio 520 / fps/policy 51.82 / fps/train 2.7e4

Writing metrics: /home/sk3686/logdir/dreamer/round2_walker_walk_baseline_12m_20260415_160724_della-stellato/scores.jsonl
Writing metrics: /home/sk3686/logdir/dreamer/round2_walker_walk_baseline_12m_20260415_160724_della-stellato/metrics.jsonl

--------------------[Agent Step 150_336]--------------------
Metrics filtered by: 'score|length|fps|ratio|train/loss/|train/rand/'
train/loss/con 0.02 / train/loss/dyn 2.49 / train/loss/height 1.8e-3 / train/loss/orientations 0.09 / train/loss/policy -0.13 / train/loss/rep 2.49 / train/loss/repval 0.94 / train/loss/rew 0.54 / train/loss/value 1.06 / train/loss/velocity 0.48 / replay/replay_ratio 520 / fps/policy 51.58 / fps/train 2.6e4

Writing metrics: /home/sk3686/logdir/dreamer/round2_walker_walk_baseline_12m_20260415_160724_della-stellato/scores.jsonl
Writing metrics: /home/sk3686/logdir/dreamer/round2_walker_walk_baseline_12m_20260415_160724_della-stellato/metrics.jsonl

--------------------[Agent Step 156_576]--------------------
Metrics filtered by: 'score|length|fps|ratio|train/loss/|train/rand/'
train/loss/con 0.02 / train/loss/dyn 2.48 / train/loss/height 1.7e-3 / train/loss/orientations 0.09 / train/loss/policy -0.17 / train/loss/rep 2.48 / train/loss/repval 0.98 / train/loss/rew 0.54 / train/loss/value 1.18 / train/loss/velocity 0.47 / replay/replay_ratio 520 / fps/policy 51.95 / fps/train 2.7e4

Writing metrics: /home/sk3686/logdir/dreamer/round2_walker_walk_baseline_12m_20260415_160724_della-stellato/metrics.jsonl
Writing metrics: /home/sk3686/logdir/dreamer/round2_walker_walk_baseline_12m_20260415_160724_della-stellato/scores.jsonl

--------------------[Agent Step 162_816]--------------------
Metrics filtered by: 'score|length|fps|ratio|train/loss/|train/rand/'
episode/score 523.65 / episode/length 1001 / train/loss/con 0.02 / train/loss/dyn 2.49 / train/loss/height 1.7e-3 / train/loss/orientations 0.08 / train/loss/policy -0.13 / train/loss/rep 2.49 / train/loss/repval 1.08 / train/loss/rew 0.54 / train/loss/value 1.26 / train/loss/velocity 0.47 / replay/replay_ratio 520 / fps/policy 51.88 / fps/train 2.7e4

Writing metrics: /home/sk3686/logdir/dreamer/round2_walker_walk_baseline_12m_20260415_160724_della-stellato/scores.jsonl
Writing metrics: /home/sk3686/logdir/dreamer/round2_walker_walk_baseline_12m_20260415_160724_della-stellato/metrics.jsonl

--------------------[Agent Step 169_040]--------------------
Metrics filtered by: 'score|length|fps|ratio|train/loss/|train/rand/'
train/loss/con 0.02 / train/loss/dyn 2.5 / train/loss/height 1.6e-3 / train/loss/orientations 0.08 / train/loss/policy -0.15 / train/loss/rep 2.5 / train/loss/repval 1.15 / train/loss/rew 0.54 / train/loss/value 1.21 / train/loss/velocity 0.47 / replay/replay_ratio 520 / fps/policy 51.79 / fps/train 2.7e4

Writing metrics: /home/sk3686/logdir/dreamer/round2_walker_walk_baseline_12m_20260415_160724_della-stellato/metrics.jsonl
Writing metrics: /home/sk3686/logdir/dreamer/round2_walker_walk_baseline_12m_20260415_160724_della-stellato/scores.jsonl

--------------------[Agent Step 175_296]--------------------
Metrics filtered by: 'score|length|fps|ratio|train/loss/|train/rand/'
train/loss/con 0.02 / train/loss/dyn 2.5 / train/loss/height 1.6e-3 / train/loss/orientations 0.08 / train/loss/policy -0.14 / train/loss/rep 2.5 / train/loss/repval 1.21 / train/loss/rew 0.54 / train/loss/value 1.06 / train/loss/velocity 0.47 / replay/replay_ratio 520 / fps/policy 52.06 / fps/train 2.7e4

Writing metrics: /home/sk3686/logdir/dreamer/round2_walker_walk_baseline_12m_20260415_160724_della-stellato/metrics.jsonl
Writing metrics: /home/sk3686/logdir/dreamer/round2_walker_walk_baseline_12m_20260415_160724_della-stellato/scores.jsonl

--------------------[Agent Step 181_504]--------------------
Metrics filtered by: 'score|length|fps|ratio|train/loss/|train/rand/'
episode/score 420.55 / episode/length 1001 / train/loss/con 0.02 / train/loss/dyn 2.51 / train/loss/height 1.6e-3 / train/loss/orientations 0.08 / train/loss/policy -0.13 / train/loss/rep 2.51 / train/loss/repval 1.2 / train/loss/rew 0.54 / train/loss/value 0.95 / train/loss/velocity 0.47 / replay/replay_ratio 520 / fps/policy 51.63 / fps/train 2.6e4

Writing metrics: /home/sk3686/logdir/dreamer/round2_walker_walk_baseline_12m_20260415_160724_della-stellato/metrics.jsonl
Writing metrics: /home/sk3686/logdir/dreamer/round2_walker_walk_baseline_12m_20260415_160724_della-stellato/scores.jsonl
Saving checkpoint: /home/sk3686/logdir/dreamer/round2_walker_walk_baseline_12m_20260415_160724_della-stellato/ckpt/20260415T170815F131965
Saved checkpoint.

--------------------[Agent Step 187_744]--------------------
Metrics filtered by: 'score|length|fps|ratio|train/loss/|train/rand/'
train/loss/con 0.02 / train/loss/dyn 2.52 / train/loss/height 1.5e-3 / train/loss/orientations 0.08 / train/loss/policy -0.13 / train/loss/rep 2.52 / train/loss/repval 1.19 / train/loss/rew 0.54 / train/loss/value 0.93 / train/loss/velocity 0.47 / replay/replay_ratio 520 / fps/policy 51.9 / fps/train 2.7e4

Writing metrics: /home/sk3686/logdir/dreamer/round2_walker_walk_baseline_12m_20260415_160724_della-stellato/metrics.jsonl
Writing metrics: /home/sk3686/logdir/dreamer/round2_walker_walk_baseline_12m_20260415_160724_della-stellato/scores.jsonl

--------------------[Agent Step 193_984]--------------------
Metrics filtered by: 'score|length|fps|ratio|train/loss/|train/rand/'
episode/score 464.02 / episode/length 1001 / train/loss/con 0.02 / train/loss/dyn 2.52 / train/loss/height 1.5e-3 / train/loss/orientations 0.07 / train/loss/policy -0.16 / train/loss/rep 2.52 / train/loss/repval 1.12 / train/loss/rew 0.54 / train/loss/value 0.78 / train/loss/velocity 0.46 / replay/replay_ratio 520 / fps/policy 51.91 / fps/train 2.7e4

Writing metrics: /home/sk3686/logdir/dreamer/round2_walker_walk_baseline_12m_20260415_160724_della-stellato/metrics.jsonl
Writing metrics: /home/sk3686/logdir/dreamer/round2_walker_walk_baseline_12m_20260415_160724_della-stellato/scores.jsonl

--------------------[Agent Step 200_224]--------------------
Metrics filtered by: 'score|length|fps|ratio|train/loss/|train/rand/'
train/loss/con 0.02 / train/loss/dyn 2.52 / train/loss/height 1.5e-3 / train/loss/orientations 0.07 / train/loss/policy -0.18 / train/loss/rep 2.52 / train/loss/repval 0.93 / train/loss/rew 0.54 / train/loss/value 0.82 / train/loss/velocity 0.46 / replay/replay_ratio 520 / fps/policy 51.87 / fps/train 2.7e4

Writing metrics: /home/sk3686/logdir/dreamer/round2_walker_walk_baseline_12m_20260415_160724_della-stellato/scores.jsonl
Writing metrics: /home/sk3686/logdir/dreamer/round2_walker_walk_baseline_12m_20260415_160724_della-stellato/metrics.jsonl

--------------------[Agent Step 206_480]--------------------
Metrics filtered by: 'score|length|fps|ratio|train/loss/|train/rand/'
train/loss/con 0.02 / train/loss/dyn 2.5 / train/loss/height 1.4e-3 / train/loss/orientations 0.07 / train/loss/policy -0.16 / train/loss/rep 2.5 / train/loss/repval 0.95 / train/loss/rew 0.54 / train/loss/value 1.12 / train/loss/velocity 0.46 / replay/replay_ratio 520 / fps/policy 52 / fps/train 2.7e4

Writing metrics: /home/sk3686/logdir/dreamer/round2_walker_walk_baseline_12m_20260415_160724_della-stellato/scores.jsonl
Writing metrics: /home/sk3686/logdir/dreamer/round2_walker_walk_baseline_12m_20260415_160724_della-stellato/metrics.jsonl

--------------------[Agent Step 212_704]--------------------
Metrics filtered by: 'score|length|fps|ratio|train/loss/|train/rand/'
episode/score 671 / episode/length 1001 / train/loss/con 0.02 / train/loss/dyn 2.51 / train/loss/height 1.4e-3 / train/loss/orientations 0.07 / train/loss/policy -0.16 / train/loss/rep 2.51 / train/loss/repval 1.02 / train/loss/rew 0.54 / train/loss/value 1.24 / train/loss/velocity 0.46 / replay/replay_ratio 520 / fps/policy 51.84 / fps/train 2.7e4

Writing metrics: /home/sk3686/logdir/dreamer/round2_walker_walk_baseline_12m_20260415_160724_della-stellato/scores.jsonl
Writing metrics: /home/sk3686/logdir/dreamer/round2_walker_walk_baseline_12m_20260415_160724_della-stellato/metrics.jsonl

--------------------[Agent Step 218_944]--------------------
Metrics filtered by: 'score|length|fps|ratio|train/loss/|train/rand/'
train/loss/con 0.02 / train/loss/dyn 2.52 / train/loss/height 1.4e-3 / train/loss/orientations 0.07 / train/loss/policy -0.14 / train/loss/rep 2.52 / train/loss/repval 1.12 / train/loss/rew 0.55 / train/loss/value 1.27 / train/loss/velocity 0.45 / replay/replay_ratio 520 / fps/policy 51.99 / fps/train 2.7e4

Writing metrics: /home/sk3686/logdir/dreamer/round2_walker_walk_baseline_12m_20260415_160724_della-stellato/metrics.jsonl
Writing metrics: /home/sk3686/logdir/dreamer/round2_walker_walk_baseline_12m_20260415_160724_della-stellato/scores.jsonl

--------------------[Agent Step 225_184]--------------------
Metrics filtered by: 'score|length|fps|ratio|train/loss/|train/rand/'
episode/score 665.41 / episode/length 1001 / train/loss/con 0.02 / train/loss/dyn 2.5 / train/loss/height 1.3e-3 / train/loss/orientations 0.07 / train/loss/policy -0.14 / train/loss/rep 2.5 / train/loss/repval 1.12 / train/loss/rew 0.54 / train/loss/value 1.27 / train/loss/velocity 0.45 / replay/replay_ratio 520 / fps/policy 51.95 / fps/train 2.7e4

Writing metrics: /home/sk3686/logdir/dreamer/round2_walker_walk_baseline_12m_20260415_160724_della-stellato/scores.jsonl
Writing metrics: /home/sk3686/logdir/dreamer/round2_walker_walk_baseline_12m_20260415_160724_della-stellato/metrics.jsonl

--------------------[Agent Step 231_408]--------------------
Metrics filtered by: 'score|length|fps|ratio|train/loss/|train/rand/'
train/loss/con 0.02 / train/loss/dyn 2.51 / train/loss/height 1.3e-3 / train/loss/orientations 0.07 / train/loss/policy -0.15 / train/loss/rep 2.51 / train/loss/repval 1.19 / train/loss/rew 0.54 / train/loss/value 1.2 / train/loss/velocity 0.45 / replay/replay_ratio 520 / fps/policy 51.84 / fps/train 2.7e4

Writing metrics: /home/sk3686/logdir/dreamer/round2_walker_walk_baseline_12m_20260415_160724_della-stellato/scores.jsonl
Writing metrics: /home/sk3686/logdir/dreamer/round2_walker_walk_baseline_12m_20260415_160724_della-stellato/metrics.jsonl
Saving checkpoint: /home/sk3686/logdir/dreamer/round2_walker_walk_baseline_12m_20260415_160724_della-stellato/ckpt/20260415T172315F152680
Saved checkpoint.

--------------------[Agent Step 237_632]--------------------
Metrics filtered by: 'score|length|fps|ratio|train/loss/|train/rand/'
train/loss/con 0.02 / train/loss/dyn 2.49 / train/loss/height 1.3e-3 / train/loss/orientations 0.06 / train/loss/policy -0.16 / train/loss/rep 2.49 / train/loss/repval 1.2 / train/loss/rew 0.54 / train/loss/value 0.99 / train/loss/velocity 0.44 / replay/replay_ratio 520 / fps/policy 51.85 / fps/train 2.7e4

Writing metrics: /home/sk3686/logdir/dreamer/round2_walker_walk_baseline_12m_20260415_160724_della-stellato/metrics.jsonl
Writing metrics: /home/sk3686/logdir/dreamer/round2_walker_walk_baseline_12m_20260415_160724_della-stellato/scores.jsonl

--------------------[Agent Step 243_856]--------------------
Metrics filtered by: 'score|length|fps|ratio|train/loss/|train/rand/'
episode/score 636.6 / episode/length 1001 / train/loss/con 0.02 / train/loss/dyn 2.51 / train/loss/height 1.3e-3 / train/loss/orientations 0.06 / train/loss/policy -0.14 / train/loss/rep 2.51 / train/loss/repval 1.14 / train/loss/rew 0.55 / train/loss/value 0.79 / train/loss/velocity 0.44 / replay/replay_ratio 520 / fps/policy 51.78 / fps/train 2.7e4

Writing metrics: /home/sk3686/logdir/dreamer/round2_walker_walk_baseline_12m_20260415_160724_della-stellato/scores.jsonl
Writing metrics: /home/sk3686/logdir/dreamer/round2_walker_walk_baseline_12m_20260415_160724_della-stellato/metrics.jsonl

--------------------[Agent Step 250_080]--------------------
Metrics filtered by: 'score|length|fps|ratio|train/loss/|train/rand/'
train/loss/con 0.02 / train/loss/dyn 2.49 / train/loss/height 1.2e-3 / train/loss/orientations 0.06 / train/loss/policy -0.15 / train/loss/rep 2.49 / train/loss/repval 1.06 / train/loss/rew 0.55 / train/loss/value 0.71 / train/loss/velocity 0.44 / replay/replay_ratio 520 / fps/policy 51.81 / fps/train 2.7e4

Writing metrics: /home/sk3686/logdir/dreamer/round2_walker_walk_baseline_12m_20260415_160724_della-stellato/scores.jsonl
Writing metrics: /home/sk3686/logdir/dreamer/round2_walker_walk_baseline_12m_20260415_160724_della-stellato/metrics.jsonl

--------------------[Agent Step 256_320]--------------------
Metrics filtered by: 'score|length|fps|ratio|train/loss/|train/rand/'
episode/score 704.99 / episode/length 1001 / train/loss/con 0.02 / train/loss/dyn 2.48 / train/loss/height 1.2e-3 / train/loss/orientations 0.06 / train/loss/policy -0.16 / train/loss/rep 2.48 / train/loss/repval 0.91 / train/loss/rew 0.55 / train/loss/value 0.73 / train/loss/velocity 0.43 / replay/replay_ratio 520 / fps/policy 51.99 / fps/train 2.7e4

Writing metrics: /home/sk3686/logdir/dreamer/round2_walker_walk_baseline_12m_20260415_160724_della-stellato/scores.jsonl
Writing metrics: /home/sk3686/logdir/dreamer/round2_walker_walk_baseline_12m_20260415_160724_della-stellato/metrics.jsonl

--------------------[Agent Step 262_544]--------------------
Metrics filtered by: 'score|length|fps|ratio|train/loss/|train/rand/'
train/loss/con 0.02 / train/loss/dyn 2.49 / train/loss/height 1.2e-3 / train/loss/orientations 0.06 / train/loss/policy -0.14 / train/loss/rep 2.49 / train/loss/repval 0.9 / train/loss/rew 0.54 / train/loss/value 0.87 / train/loss/velocity 0.43 / replay/replay_ratio 520 / fps/policy 51.86 / fps/train 2.7e4

Writing metrics: /home/sk3686/logdir/dreamer/round2_walker_walk_baseline_12m_20260415_160724_della-stellato/metrics.jsonl
Writing metrics: /home/sk3686/logdir/dreamer/round2_walker_walk_baseline_12m_20260415_160724_della-stellato/scores.jsonl

--------------------[Agent Step 268_800]--------------------
Metrics filtered by: 'score|length|fps|ratio|train/loss/|train/rand/'
train/loss/con 0.02 / train/loss/dyn 2.43 / train/loss/height 1.1e-3 / train/loss/orientations 0.06 / train/loss/policy -0.15 / train/loss/rep 2.43 / train/loss/repval 0.95 / train/loss/rew 0.54 / train/loss/value 1.08 / train/loss/velocity 0.42 / replay/replay_ratio 520 / fps/policy 52.01 / fps/train 2.7e4

Writing metrics: /home/sk3686/logdir/dreamer/round2_walker_walk_baseline_12m_20260415_160724_della-stellato/metrics.jsonl
Writing metrics: /home/sk3686/logdir/dreamer/round2_walker_walk_baseline_12m_20260415_160724_della-stellato/scores.jsonl

--------------------[Agent Step 275_040]--------------------
Metrics filtered by: 'score|length|fps|ratio|train/loss/|train/rand/'
episode/score 647.42 / episode/length 1001 / train/loss/con 0.02 / train/loss/dyn 2.43 / train/loss/height 1.1e-3 / train/loss/orientations 0.05 / train/loss/policy -0.14 / train/loss/rep 2.43 / train/loss/repval 1.02 / train/loss/rew 0.54 / train/loss/value 1.21 / train/loss/velocity 0.41 / replay/replay_ratio 520 / fps/policy 51.9 / fps/train 2.7e4

Writing metrics: /home/sk3686/logdir/dreamer/round2_walker_walk_baseline_12m_20260415_160724_della-stellato/metrics.jsonl
Writing metrics: /home/sk3686/logdir/dreamer/round2_walker_walk_baseline_12m_20260415_160724_della-stellato/scores.jsonl
Saving checkpoint: /home/sk3686/logdir/dreamer/round2_walker_walk_baseline_12m_20260415_160724_della-stellato/ckpt/20260415T173815F155018
Saved checkpoint.

--------------------[Agent Step 281_264]--------------------
Metrics filtered by: 'score|length|fps|ratio|train/loss/|train/rand/'
train/loss/con 0.02 / train/loss/dyn 2.45 / train/loss/height 1.1e-3 / train/loss/orientations 0.05 / train/loss/policy -0.13 / train/loss/rep 2.45 / train/loss/repval 1.06 / train/loss/rew 0.55 / train/loss/value 1.24 / train/loss/velocity 0.41 / replay/replay_ratio 520 / fps/policy 51.77 / fps/train 2.7e4

Writing metrics: /home/sk3686/logdir/dreamer/round2_walker_walk_baseline_12m_20260415_160724_della-stellato/scores.jsonl
Writing metrics: /home/sk3686/logdir/dreamer/round2_walker_walk_baseline_12m_20260415_160724_della-stellato/metrics.jsonl

--------------------[Agent Step 287_520]--------------------
Metrics filtered by: 'score|length|fps|ratio|train/loss/|train/rand/'
train/loss/con 0.02 / train/loss/dyn 2.41 / train/loss/height 1.1e-3 / train/loss/orientations 0.05 / train/loss/policy -0.13 / train/loss/rep 2.41 / train/loss/repval 1.07 / train/loss/rew 0.55 / train/loss/value 1.26 / train/loss/velocity 0.4 / replay/replay_ratio 520 / fps/policy 52.05 / fps/train 2.7e4

Writing metrics: /home/sk3686/logdir/dreamer/round2_walker_walk_baseline_12m_20260415_160724_della-stellato/metrics.jsonl
Writing metrics: /home/sk3686/logdir/dreamer/round2_walker_walk_baseline_12m_20260415_160724_della-stellato/scores.jsonl

--------------------[Agent Step 293_744]--------------------
Metrics filtered by: 'score|length|fps|ratio|train/loss/|train/rand/'
episode/score 912.76 / episode/length 1001 / train/loss/con 0.02 / train/loss/dyn 2.44 / train/loss/height 1.1e-3 / train/loss/orientations 0.05 / train/loss/policy -0.13 / train/loss/rep 2.44 / train/loss/repval 1.08 / train/loss/rew 0.55 / train/loss/value 1.27 / train/loss/velocity 0.4 / replay/replay_ratio 520 / fps/policy 51.75 / fps/train 2.6e4

Writing metrics: /home/sk3686/logdir/dreamer/round2_walker_walk_baseline_12m_20260415_160724_della-stellato/metrics.jsonl
Writing metrics: /home/sk3686/logdir/dreamer/round2_walker_walk_baseline_12m_20260415_160724_della-stellato/scores.jsonl

--------------------[Agent Step 299_952]--------------------
Metrics filtered by: 'score|length|fps|ratio|train/loss/|train/rand/'
train/loss/con 0.02 / train/loss/dyn 2.42 / train/loss/height 1e-3 / train/loss/orientations 0.05 / train/loss/policy -0.13 / train/loss/rep 2.42 / train/loss/repval 1.09 / train/loss/rew 0.55 / train/loss/value 1.27 / train/loss/velocity 0.4 / replay/replay_ratio 520 / fps/policy 51.65 / fps/train 2.6e4

Writing metrics: /home/sk3686/logdir/dreamer/round2_walker_walk_baseline_12m_20260415_160724_della-stellato/scores.jsonl
Writing metrics: /home/sk3686/logdir/dreamer/round2_walker_walk_baseline_12m_20260415_160724_della-stellato/metrics.jsonl

--------------------[Agent Step 306_192]--------------------
Metrics filtered by: 'score|length|fps|ratio|train/loss/|train/rand/'
episode/score 878.92 / episode/length 1001 / train/loss/con 0.02 / train/loss/dyn 2.41 / train/loss/height 1e-3 / train/loss/orientations 0.05 / train/loss/policy -0.13 / train/loss/rep 2.41 / train/loss/repval 1.11 / train/loss/rew 0.55 / train/loss/value 1.28 / train/loss/velocity 0.39 / replay/replay_ratio 520 / fps/policy 51.98 / fps/train 2.7e4

Writing metrics: /home/sk3686/logdir/dreamer/round2_walker_walk_baseline_12m_20260415_160724_della-stellato/metrics.jsonl
Writing metrics: /home/sk3686/logdir/dreamer/round2_walker_walk_baseline_12m_20260415_160724_della-stellato/scores.jsonl

--------------------[Agent Step 312_400]--------------------
Metrics filtered by: 'score|length|fps|ratio|train/loss/|train/rand/'
train/loss/con 0.02 / train/loss/dyn 2.42 / train/loss/height 1e-3 / train/loss/orientations 0.05 / train/loss/policy -0.12 / train/loss/rep 2.42 / train/loss/repval 1.12 / train/loss/rew 0.55 / train/loss/value 1.28 / train/loss/velocity 0.39 / replay/replay_ratio 520 / fps/policy 51.73 / fps/train 2.6e4

Writing metrics: /home/sk3686/logdir/dreamer/round2_walker_walk_baseline_12m_20260415_160724_della-stellato/metrics.jsonl
Writing metrics: /home/sk3686/logdir/dreamer/round2_walker_walk_baseline_12m_20260415_160724_della-stellato/scores.jsonl

--------------------[Agent Step 318_656]--------------------
Metrics filtered by: 'score|length|fps|ratio|train/loss/|train/rand/'
train/loss/con 0.02 / train/loss/dyn 2.4 / train/loss/height 9.9e-4 / train/loss/orientations 0.05 / train/loss/policy -0.12 / train/loss/rep 2.4 / train/loss/repval 1.13 / train/loss/rew 0.55 / train/loss/value 1.28 / train/loss/velocity 0.39 / replay/replay_ratio 520 / fps/policy 52.05 / fps/train 2.7e4

Writing metrics: /home/sk3686/logdir/dreamer/round2_walker_walk_baseline_12m_20260415_160724_della-stellato/scores.jsonl
Writing metrics: /home/sk3686/logdir/dreamer/round2_walker_walk_baseline_12m_20260415_160724_della-stellato/metrics.jsonl

--------------------[Agent Step 324_896]--------------------
Metrics filtered by: 'score|length|fps|ratio|train/loss/|train/rand/'
episode/score 886.23 / episode/length 1001 / train/loss/con 0.02 / train/loss/dyn 2.41 / train/loss/height 9.7e-4 / train/loss/orientations 0.05 / train/loss/policy -0.12 / train/loss/rep 2.41 / train/loss/repval 1.14 / train/loss/rew 0.55 / train/loss/value 1.28 / train/loss/velocity 0.39 / replay/replay_ratio 520 / fps/policy 51.91 / fps/train 2.7e4

Writing metrics: /home/sk3686/logdir/dreamer/round2_walker_walk_baseline_12m_20260415_160724_della-stellato/scores.jsonl
Writing metrics: /home/sk3686/logdir/dreamer/round2_walker_walk_baseline_12m_20260415_160724_della-stellato/metrics.jsonl
Saving checkpoint: /home/sk3686/logdir/dreamer/round2_walker_walk_baseline_12m_20260415_160724_della-stellato/ckpt/20260415T175315F375429
Saved checkpoint.

--------------------[Agent Step 331_120]--------------------
Metrics filtered by: 'score|length|fps|ratio|train/loss/|train/rand/'
train/loss/con 0.02 / train/loss/dyn 2.4 / train/loss/height 9.5e-4 / train/loss/orientations 0.05 / train/loss/policy -0.12 / train/loss/rep 2.4 / train/loss/repval 1.14 / train/loss/rew 0.55 / train/loss/value 1.28 / train/loss/velocity 0.38 / replay/replay_ratio 520 / fps/policy 51.84 / fps/train 2.7e4

Writing metrics: /home/sk3686/logdir/dreamer/round2_walker_walk_baseline_12m_20260415_160724_della-stellato/scores.jsonl
Writing metrics: /home/sk3686/logdir/dreamer/round2_walker_walk_baseline_12m_20260415_160724_della-stellato/metrics.jsonl

--------------------[Agent Step 337_360]--------------------
Metrics filtered by: 'score|length|fps|ratio|train/loss/|train/rand/'
episode/score 873.98 / episode/length 1001 / train/loss/con 0.02 / train/loss/dyn 2.4 / train/loss/height 9.3e-4 / train/loss/orientations 0.04 / train/loss/policy -0.12 / train/loss/rep 2.4 / train/loss/repval 1.14 / train/loss/rew 0.55 / train/loss/value 1.28 / train/loss/velocity 0.38 / replay/replay_ratio 520 / fps/policy 51.91 / fps/train 2.7e4

Writing metrics: /home/sk3686/logdir/dreamer/round2_walker_walk_baseline_12m_20260415_160724_della-stellato/scores.jsonl
Writing metrics: /home/sk3686/logdir/dreamer/round2_walker_walk_baseline_12m_20260415_160724_della-stellato/metrics.jsonl

--------------------[Agent Step 343_584]--------------------
Metrics filtered by: 'score|length|fps|ratio|train/loss/|train/rand/'
train/loss/con 0.02 / train/loss/dyn 2.43 / train/loss/height 9.2e-4 / train/loss/orientations 0.04 / train/loss/policy -0.11 / train/loss/rep 2.43 / train/loss/repval 1.14 / train/loss/rew 0.55 / train/loss/value 1.28 / train/loss/velocity 0.38 / replay/replay_ratio 520 / fps/policy 51.83 / fps/train 2.7e4

Writing metrics: /home/sk3686/logdir/dreamer/round2_walker_walk_baseline_12m_20260415_160724_della-stellato/scores.jsonl
Writing metrics: /home/sk3686/logdir/dreamer/round2_walker_walk_baseline_12m_20260415_160724_della-stellato/metrics.jsonl

--------------------[Agent Step 349_840]--------------------
Metrics filtered by: 'score|length|fps|ratio|train/loss/|train/rand/'
train/loss/con 0.02 / train/loss/dyn 2.41 / train/loss/height 9.1e-4 / train/loss/orientations 0.04 / train/loss/policy -0.11 / train/loss/rep 2.41 / train/loss/repval 1.14 / train/loss/rew 0.55 / train/loss/value 1.28 / train/loss/velocity 0.38 / replay/replay_ratio 520 / fps/policy 52.07 / fps/train 2.7e4

Writing metrics: /home/sk3686/logdir/dreamer/round2_walker_walk_baseline_12m_20260415_160724_della-stellato/metrics.jsonl
Writing metrics: /home/sk3686/logdir/dreamer/round2_walker_walk_baseline_12m_20260415_160724_della-stellato/scores.jsonl

--------------------[Agent Step 356_064]--------------------
Metrics filtered by: 'score|length|fps|ratio|train/loss/|train/rand/'
episode/score 845.03 / episode/length 1001 / train/loss/con 0.02 / train/loss/dyn 2.43 / train/loss/height 9e-4 / train/loss/orientations 0.04 / train/loss/policy -0.11 / train/loss/rep 2.43 / train/loss/repval 1.14 / train/loss/rew 0.55 / train/loss/value 1.28 / train/loss/velocity 0.38 / replay/replay_ratio 520 / fps/policy 51.85 / fps/train 2.7e4

Writing metrics: /home/sk3686/logdir/dreamer/round2_walker_walk_baseline_12m_20260415_160724_della-stellato/metrics.jsonl
Writing metrics: /home/sk3686/logdir/dreamer/round2_walker_walk_baseline_12m_20260415_160724_della-stellato/scores.jsonl

--------------------[Agent Step 362_320]--------------------
Metrics filtered by: 'score|length|fps|ratio|train/loss/|train/rand/'
train/loss/con 0.02 / train/loss/dyn 2.42 / train/loss/height 8.9e-4 / train/loss/orientations 0.04 / train/loss/policy -0.11 / train/loss/rep 2.42 / train/loss/repval 1.14 / train/loss/rew 0.55 / train/loss/value 1.28 / train/loss/velocity 0.37 / replay/replay_ratio 520 / fps/policy 52.1 / fps/train 2.7e4

Writing metrics: /home/sk3686/logdir/dreamer/round2_walker_walk_baseline_12m_20260415_160724_della-stellato/metrics.jsonl
Writing metrics: /home/sk3686/logdir/dreamer/round2_walker_walk_baseline_12m_20260415_160724_della-stellato/scores.jsonl

--------------------[Agent Step 368_576]--------------------
Metrics filtered by: 'score|length|fps|ratio|train/loss/|train/rand/'
episode/score 881.39 / episode/length 1001 / train/loss/con 0.02 / train/loss/dyn 2.42 / train/loss/height 8.7e-4 / train/loss/orientations 0.04 / train/loss/policy -0.11 / train/loss/rep 2.42 / train/loss/repval 1.15 / train/loss/rew 0.55 / train/loss/value 1.29 / train/loss/velocity 0.37 / replay/replay_ratio 520 / fps/policy 52.12 / fps/train 2.7e4

Writing metrics: /home/sk3686/logdir/dreamer/round2_walker_walk_baseline_12m_20260415_160724_della-stellato/metrics.jsonl
Writing metrics: /home/sk3686/logdir/dreamer/round2_walker_walk_baseline_12m_20260415_160724_della-stellato/scores.jsonl
Saving checkpoint: /home/sk3686/logdir/dreamer/round2_walker_walk_baseline_12m_20260415_160724_della-stellato/ckpt/20260415T180815F539581
Saved checkpoint.

--------------------[Agent Step 374_800]--------------------
Metrics filtered by: 'score|length|fps|ratio|train/loss/|train/rand/'
train/loss/con 0.02 / train/loss/dyn 2.44 / train/loss/height 8.6e-4 / train/loss/orientations 0.04 / train/loss/policy -0.1 / train/loss/rep 2.44 / train/loss/repval 1.15 / train/loss/rew 0.55 / train/loss/value 1.28 / train/loss/velocity 0.37 / replay/replay_ratio 520 / fps/policy 51.78 / fps/train 2.7e4

Writing metrics: /home/sk3686/logdir/dreamer/round2_walker_walk_baseline_12m_20260415_160724_della-stellato/scores.jsonl
Writing metrics: /home/sk3686/logdir/dreamer/round2_walker_walk_baseline_12m_20260415_160724_della-stellato/metrics.jsonl

--------------------[Agent Step 381_056]--------------------
Metrics filtered by: 'score|length|fps|ratio|train/loss/|train/rand/'
train/loss/con 0.02 / train/loss/dyn 2.43 / train/loss/height 8.4e-4 / train/loss/orientations 0.04 / train/loss/policy -0.1 / train/loss/rep 2.43 / train/loss/repval 1.16 / train/loss/rew 0.55 / train/loss/value 1.28 / train/loss/velocity 0.37 / replay/replay_ratio 520 / fps/policy 52.12 / fps/train 2.7e4

Writing metrics: /home/sk3686/logdir/dreamer/round2_walker_walk_baseline_12m_20260415_160724_della-stellato/metrics.jsonl
Writing metrics: /home/sk3686/logdir/dreamer/round2_walker_walk_baseline_12m_20260415_160724_della-stellato/scores.jsonl

--------------------[Agent Step 387_296]--------------------
Metrics filtered by: 'score|length|fps|ratio|train/loss/|train/rand/'
episode/score 859.9 / episode/length 1001 / train/loss/con 0.02 / train/loss/dyn 2.45 / train/loss/height 8.3e-4 / train/loss/orientations 0.04 / train/loss/policy -0.1 / train/loss/rep 2.45 / train/loss/repval 1.16 / train/loss/rew 0.55 / train/loss/value 1.28 / train/loss/velocity 0.37 / replay/replay_ratio 520 / fps/policy 51.91 / fps/train 2.7e4

Writing metrics: /home/sk3686/logdir/dreamer/round2_walker_walk_baseline_12m_20260415_160724_della-stellato/metrics.jsonl
Writing metrics: /home/sk3686/logdir/dreamer/round2_walker_walk_baseline_12m_20260415_160724_della-stellato/scores.jsonl

--------------------[Agent Step 393_536]--------------------
Metrics filtered by: 'score|length|fps|ratio|train/loss/|train/rand/'
train/loss/con 0.02 / train/loss/dyn 2.45 / train/loss/height 8.2e-4 / train/loss/orientations 0.04 / train/loss/policy -0.1 / train/loss/rep 2.45 / train/loss/repval 1.17 / train/loss/rew 0.55 / train/loss/value 1.27 / train/loss/velocity 0.37 / replay/replay_ratio 520 / fps/policy 51.97 / fps/train 2.7e4

Writing metrics: /home/sk3686/logdir/dreamer/round2_walker_walk_baseline_12m_20260415_160724_della-stellato/metrics.jsonl
Writing metrics: /home/sk3686/logdir/dreamer/round2_walker_walk_baseline_12m_20260415_160724_della-stellato/scores.jsonl

--------------------[Agent Step 399_808]--------------------
Metrics filtered by: 'score|length|fps|ratio|train/loss/|train/rand/'
train/loss/con 0.02 / train/loss/dyn 2.45 / train/loss/height 8.1e-4 / train/loss/orientations 0.04 / train/loss/policy -0.1 / train/loss/rep 2.45 / train/loss/repval 1.18 / train/loss/rew 0.55 / train/loss/value 1.26 / train/loss/velocity 0.37 / replay/replay_ratio 520 / fps/policy 52.16 / fps/train 2.7e4

Writing metrics: /home/sk3686/logdir/dreamer/round2_walker_walk_baseline_12m_20260415_160724_della-stellato/metrics.jsonl
Writing metrics: /home/sk3686/logdir/dreamer/round2_walker_walk_baseline_12m_20260415_160724_della-stellato/scores.jsonl

--------------------[Agent Step 406_048]--------------------
Metrics filtered by: 'score|length|fps|ratio|train/loss/|train/rand/'
episode/score 933.64 / episode/length 1001 / train/loss/con 0.02 / train/loss/dyn 2.48 / train/loss/height 8.1e-4 / train/loss/orientations 0.04 / train/loss/policy -0.1 / train/loss/rep 2.48 / train/loss/repval 1.18 / train/loss/rew 0.55 / train/loss/value 1.23 / train/loss/velocity 0.37 / replay/replay_ratio 520 / fps/policy 51.93 / fps/train 2.7e4

Writing metrics: /home/sk3686/logdir/dreamer/round2_walker_walk_baseline_12m_20260415_160724_della-stellato/metrics.jsonl
Writing metrics: /home/sk3686/logdir/dreamer/round2_walker_walk_baseline_12m_20260415_160724_della-stellato/scores.jsonl

--------------------[Agent Step 412_304]--------------------
Metrics filtered by: 'score|length|fps|ratio|train/loss/|train/rand/'
train/loss/con 0.02 / train/loss/dyn 2.45 / train/loss/height 7.9e-4 / train/loss/orientations 0.04 / train/loss/policy -0.09 / train/loss/rep 2.45 / train/loss/repval 1.17 / train/loss/rew 0.55 / train/loss/value 1.2 / train/loss/velocity 0.37 / replay/replay_ratio 520 / fps/policy 52.03 / fps/train 2.7e4

Writing metrics: /home/sk3686/logdir/dreamer/round2_walker_walk_baseline_12m_20260415_160724_della-stellato/metrics.jsonl
Writing metrics: /home/sk3686/logdir/dreamer/round2_walker_walk_baseline_12m_20260415_160724_della-stellato/scores.jsonl

--------------------[Agent Step 418_560]--------------------
Metrics filtered by: 'score|length|fps|ratio|train/loss/|train/rand/'
episode/score 796.12 / episode/length 1001 / train/loss/con 0.02 / train/loss/dyn 2.46 / train/loss/height 7.7e-4 / train/loss/orientations 0.04 / train/loss/policy -0.09 / train/loss/rep 2.46 / train/loss/repval 1.17 / train/loss/rew 0.55 / train/loss/value 1.17 / train/loss/velocity 0.36 / replay/replay_ratio 520 / fps/policy 52.06 / fps/train 2.7e4

Writing metrics: /home/sk3686/logdir/dreamer/round2_walker_walk_baseline_12m_20260415_160724_della-stellato/scores.jsonl
Writing metrics: /home/sk3686/logdir/dreamer/round2_walker_walk_baseline_12m_20260415_160724_della-stellato/metrics.jsonl
Saving checkpoint: /home/sk3686/logdir/dreamer/round2_walker_walk_baseline_12m_20260415_160724_della-stellato/ckpt/20260415T182315F758079
Saved checkpoint.

--------------------[Agent Step 424_800]--------------------
Metrics filtered by: 'score|length|fps|ratio|train/loss/|train/rand/'
train/loss/con 0.02 / train/loss/dyn 2.46 / train/loss/height 7.8e-4 / train/loss/orientations 0.04 / train/loss/policy -0.09 / train/loss/rep 2.46 / train/loss/repval 1.17 / train/loss/rew 0.56 / train/loss/value 1.16 / train/loss/velocity 0.37 / replay/replay_ratio 520 / fps/policy 51.93 / fps/train 2.7e4

Writing metrics: /home/sk3686/logdir/dreamer/round2_walker_walk_baseline_12m_20260415_160724_della-stellato/scores.jsonl
Writing metrics: /home/sk3686/logdir/dreamer/round2_walker_walk_baseline_12m_20260415_160724_della-stellato/metrics.jsonl

--------------------[Agent Step 431_072]--------------------
Metrics filtered by: 'score|length|fps|ratio|train/loss/|train/rand/'
train/loss/con 0.02 / train/loss/dyn 2.46 / train/loss/height 7.6e-4 / train/loss/orientations 0.04 / train/loss/policy -0.09 / train/loss/rep 2.46 / train/loss/repval 1.16 / train/loss/rew 0.56 / train/loss/value 1.15 / train/loss/velocity 0.36 / replay/replay_ratio 520 / fps/policy 52.17 / fps/train 2.7e4

Writing metrics: /home/sk3686/logdir/dreamer/round2_walker_walk_baseline_12m_20260415_160724_della-stellato/scores.jsonl
Writing metrics: /home/sk3686/logdir/dreamer/round2_walker_walk_baseline_12m_20260415_160724_della-stellato/metrics.jsonl

--------------------[Agent Step 437_312]--------------------
Metrics filtered by: 'score|length|fps|ratio|train/loss/|train/rand/'
episode/score 848.44 / episode/length 1001 / train/loss/con 0.02 / train/loss/dyn 2.47 / train/loss/height 7.6e-4 / train/loss/orientations 0.04 / train/loss/policy -0.09 / train/loss/rep 2.47 / train/loss/repval 1.16 / train/loss/rew 0.56 / train/loss/value 1.15 / train/loss/velocity 0.36 / replay/replay_ratio 520 / fps/policy 51.9 / fps/train 2.7e4

Writing metrics: /home/sk3686/logdir/dreamer/round2_walker_walk_baseline_12m_20260415_160724_della-stellato/metrics.jsonl
Writing metrics: /home/sk3686/logdir/dreamer/round2_walker_walk_baseline_12m_20260415_160724_della-stellato/scores.jsonl

--------------------[Agent Step 443_552]--------------------
Metrics filtered by: 'score|length|fps|ratio|train/loss/|train/rand/'
train/loss/con 0.02 / train/loss/dyn 2.47 / train/loss/height 7.5e-4 / train/loss/orientations 0.04 / train/loss/policy -0.09 / train/loss/rep 2.47 / train/loss/repval 1.16 / train/loss/rew 0.56 / train/loss/value 1.13 / train/loss/velocity 0.36 / replay/replay_ratio 520 / fps/policy 51.97 / fps/train 2.7e4

Writing metrics: /home/sk3686/logdir/dreamer/round2_walker_walk_baseline_12m_20260415_160724_della-stellato/metrics.jsonl
Writing metrics: /home/sk3686/logdir/dreamer/round2_walker_walk_baseline_12m_20260415_160724_della-stellato/scores.jsonl

--------------------[Agent Step 449_792]--------------------
Metrics filtered by: 'score|length|fps|ratio|train/loss/|train/rand/'
episode/score 891.32 / episode/length 1001 / train/loss/con 0.02 / train/loss/dyn 2.48 / train/loss/height 7.4e-4 / train/loss/orientations 0.04 / train/loss/policy -0.09 / train/loss/rep 2.48 / train/loss/repval 1.16 / train/loss/rew 0.56 / train/loss/value 1.12 / train/loss/velocity 0.36 / replay/replay_ratio 520 / fps/policy 51.92 / fps/train 2.7e4

Writing metrics: /home/sk3686/logdir/dreamer/round2_walker_walk_baseline_12m_20260415_160724_della-stellato/scores.jsonl
Writing metrics: /home/sk3686/logdir/dreamer/round2_walker_walk_baseline_12m_20260415_160724_della-stellato/metrics.jsonl

--------------------[Agent Step 456_016]--------------------
Metrics filtered by: 'score|length|fps|ratio|train/loss/|train/rand/'
train/loss/con 0.02 / train/loss/dyn 2.49 / train/loss/height 7.4e-4 / train/loss/orientations 0.04 / train/loss/policy -0.09 / train/loss/rep 2.49 / train/loss/repval 1.16 / train/loss/rew 0.56 / train/loss/value 1.12 / train/loss/velocity 0.37 / replay/replay_ratio 520 / fps/policy 51.8 / fps/train 2.7e4

Writing metrics: /home/sk3686/logdir/dreamer/round2_walker_walk_baseline_12m_20260415_160724_della-stellato/metrics.jsonl
Writing metrics: /home/sk3686/logdir/dreamer/round2_walker_walk_baseline_12m_20260415_160724_della-stellato/scores.jsonl

--------------------[Agent Step 462_272]--------------------
Metrics filtered by: 'score|length|fps|ratio|train/loss/|train/rand/'
train/loss/con 0.02 / train/loss/dyn 2.48 / train/loss/height 7.2e-4 / train/loss/orientations 0.03 / train/loss/policy -0.09 / train/loss/rep 2.48 / train/loss/repval 1.15 / train/loss/rew 0.56 / train/loss/value 1.11 / train/loss/velocity 0.36 / replay/replay_ratio 520 / fps/policy 52.11 / fps/train 2.7e4

Writing metrics: /home/sk3686/logdir/dreamer/round2_walker_walk_baseline_12m_20260415_160724_della-stellato/scores.jsonl
Writing metrics: /home/sk3686/logdir/dreamer/round2_walker_walk_baseline_12m_20260415_160724_della-stellato/metrics.jsonl
Saving checkpoint: /home/sk3686/logdir/dreamer/round2_walker_walk_baseline_12m_20260415_160724_della-stellato/ckpt/20260415T183815F912559
Saved checkpoint.

--------------------[Agent Step 468_496]--------------------
Metrics filtered by: 'score|length|fps|ratio|train/loss/|train/rand/'
episode/score 949.7 / episode/length 1001 / train/loss/con 0.02 / train/loss/dyn 2.49 / train/loss/height 7.3e-4 / train/loss/orientations 0.03 / train/loss/policy -0.09 / train/loss/rep 2.49 / train/loss/repval 1.15 / train/loss/rew 0.56 / train/loss/value 1.1 / train/loss/velocity 0.36 / replay/replay_ratio 520 / fps/policy 51.74 / fps/train 2.6e4

Writing metrics: /home/sk3686/logdir/dreamer/round2_walker_walk_baseline_12m_20260415_160724_della-stellato/scores.jsonl
Writing metrics: /home/sk3686/logdir/dreamer/round2_walker_walk_baseline_12m_20260415_160724_della-stellato/metrics.jsonl

--------------------[Agent Step 474_736]--------------------
Metrics filtered by: 'score|length|fps|ratio|train/loss/|train/rand/'
train/loss/con 0.02 / train/loss/dyn 2.49 / train/loss/height 7.2e-4 / train/loss/orientations 0.03 / train/loss/policy -0.09 / train/loss/rep 2.49 / train/loss/repval 1.14 / train/loss/rew 0.56 / train/loss/value 1.09 / train/loss/velocity 0.36 / replay/replay_ratio 520 / fps/policy 51.97 / fps/train 2.7e4

Writing metrics: /home/sk3686/logdir/dreamer/round2_walker_walk_baseline_12m_20260415_160724_della-stellato/scores.jsonl
Writing metrics: /home/sk3686/logdir/dreamer/round2_walker_walk_baseline_12m_20260415_160724_della-stellato/metrics.jsonl

--------------------[Agent Step 480_992]--------------------
Metrics filtered by: 'score|length|fps|ratio|train/loss/|train/rand/'
episode/score 975 / episode/length 1001 / train/loss/con 0.02 / train/loss/dyn 2.48 / train/loss/height 7.1e-4 / train/loss/orientations 0.03 / train/loss/policy -0.09 / train/loss/rep 2.48 / train/loss/repval 1.14 / train/loss/rew 0.56 / train/loss/value 1.09 / train/loss/velocity 0.36 / replay/replay_ratio 520 / fps/policy 52.11 / fps/train 2.7e4

Writing metrics: /home/sk3686/logdir/dreamer/round2_walker_walk_baseline_12m_20260415_160724_della-stellato/metrics.jsonl
Writing metrics: /home/sk3686/logdir/dreamer/round2_walker_walk_baseline_12m_20260415_160724_della-stellato/scores.jsonl

--------------------[Agent Step 487_200]--------------------
Metrics filtered by: 'score|length|fps|ratio|train/loss/|train/rand/'
train/loss/con 0.02 / train/loss/dyn 2.51 / train/loss/height 7.1e-4 / train/loss/orientations 0.03 / train/loss/policy -0.09 / train/loss/rep 2.51 / train/loss/repval 1.14 / train/loss/rew 0.56 / train/loss/value 1.08 / train/loss/velocity 0.36 / replay/replay_ratio 520 / fps/policy 51.72 / fps/train 2.6e4

Writing metrics: /home/sk3686/logdir/dreamer/round2_walker_walk_baseline_12m_20260415_160724_della-stellato/scores.jsonl
Writing metrics: /home/sk3686/logdir/dreamer/round2_walker_walk_baseline_12m_20260415_160724_della-stellato/metrics.jsonl

--------------------[Agent Step 493_472]--------------------
Metrics filtered by: 'score|length|fps|ratio|train/loss/|train/rand/'
train/loss/con 0.02 / train/loss/dyn 2.5 / train/loss/height 7e-4 / train/loss/orientations 0.03 / train/loss/policy -0.09 / train/loss/rep 2.5 / train/loss/repval 1.14 / train/loss/rew 0.56 / train/loss/value 1.08 / train/loss/velocity 0.36 / replay/replay_ratio 520 / fps/policy 52.15 / fps/train 2.7e4

Writing metrics: /home/sk3686/logdir/dreamer/round2_walker_walk_baseline_12m_20260415_160724_della-stellato/metrics.jsonl
Writing metrics: /home/sk3686/logdir/dreamer/round2_walker_walk_baseline_12m_20260415_160724_della-stellato/scores.jsonl

--------------------[Agent Step 499_712]--------------------
Metrics filtered by: 'score|length|fps|ratio|train/loss/|train/rand/'
episode/score 971.73 / episode/length 1001 / train/loss/con 0.02 / train/loss/dyn 2.52 / train/loss/height 6.8e-4 / train/loss/orientations 0.03 / train/loss/policy -0.08 / train/loss/rep 2.52 / train/loss/repval 1.13 / train/loss/rew 0.56 / train/loss/value 1.07 / train/loss/velocity 0.36 / replay/replay_ratio 520 / fps/policy 51.95 / fps/train 2.7e4

Writing metrics: /home/sk3686/logdir/dreamer/round2_walker_walk_baseline_12m_20260415_160724_della-stellato/scores.jsonl
Writing metrics: /home/sk3686/logdir/dreamer/round2_walker_walk_baseline_12m_20260415_160724_della-stellato/metrics.jsonl
