/home/sk3686/hazan/stu-dreamer-jax/.venv/lib/python3.13/site-packages/optax/_src/linear_algebra.py:44: DeprecationWarning: optax.global_norm is deprecated in favor of optax.tree.norm
  warnings.warn(
/home/sk3686/hazan/stu-dreamer-jax/.venv/lib/python3.13/site-packages/optax/_src/linear_algebra.py:44: DeprecationWarning: optax.global_norm is deprecated in favor of optax.tree.norm
  warnings.warn(
2026-04-15 16:08:13.258331: E external/xla/xla/python/profiler/internal/python_hooks.cc:412] Can't import tensorflow.python.profiler.trace
2026-04-15 16:08:13.805459: E external/xla/xla/python/profiler/internal/python_hooks.cc:412] Can't import tensorflow.python.profiler.trace
---  ___                           __   ______ ---
--- |   \ _ _ ___ __ _ _ __  ___ _ \ \ / /__ / ---
--- | |) | '_/ -_) _` | '  \/ -_) '/\ V / |_ \ ---
--- |___/|_| \___\__,_|_|_|_\___|_|  \_/ |___/ ---
Replica: 0 / 1
Logdir: /home/sk3686/logdir/dreamer/round2_walker_run_baseline_seed1_20260415_160724_della-adele
Run script: train
Observations
  reward           Space(float32, shape=(), low=-inf, high=inf)
  is_first         Space(bool, shape=(), low=False, high=True)
  is_last          Space(bool, shape=(), low=False, high=True)
  is_terminal      Space(bool, shape=(), low=False, high=True)
  orientations     Space(float32, shape=(14,), low=-inf, high=inf)
  height           Space(float32, shape=(), low=-inf, high=inf)
  velocity         Space(float32, shape=(9,), low=-inf, high=inf)
Actions
  action           Space(float32, shape=(6,), low=-1.0, high=1.0)
Extras
  consec           Space(int32, shape=(), low=-2147483648, high=2147483647)
  stepid           Space(uint8, shape=(20,), low=0, high=255)
  dyn/deter        Space(float32, shape=(512,), low=-inf, high=inf)
  dyn/stoch        Space(float32, shape=(32, 4), low=-inf, high=inf)
JAX devices (1): [cuda:0]
Policy devices: cuda:0
Train devices:  cuda:0
Initializing parameters...
Optimizer opt has 640,867 params:
       364,416 dyn
        66,111 val
        57,663 rew
        51,096 dec
        50,316 pol
        41,153 con
        10,112 enc
Done initializing!
Compiling 1 checkpoint groups...
Largest checkpoint group: 0 GB
Compiling train and report...
Train cost analysis:
No available
Report cost analysis:
No available
Done compiling!
Did not find any checkpoint.
Saving checkpoint: /home/sk3686/logdir/dreamer/round2_walker_run_baseline_seed1_20260415_160724_della-adele/ckpt/20260415T160803F079836
Saved checkpoint.
Start training loop
Start JAX profiler: /home/sk3686/logdir/dreamer/round2_walker_run_baseline_seed1_20260415_160724_della-adele
Stop JAX profiler

--------------------[Agent Step 6_960]--------------------
Metrics filtered by: 'score|length|fps|ratio|train/loss/|train/rand/'
train/loss/con 0.04 / train/loss/dyn 6.17 / train/loss/height 0.05 / train/loss/orientations 1.57 / train/loss/policy 0.77 / train/loss/rep 6.17 / train/loss/repval 4.37 / train/loss/rew 1.28 / train/loss/value 2.41 / train/loss/velocity 5.66 / replay/replay_ratio 860.94 / fps/policy 56.25 / fps/train 4.1e4

Writing metrics: /home/sk3686/logdir/dreamer/round2_walker_run_baseline_seed1_20260415_160724_della-adele/metrics.jsonl
Writing metrics: /home/sk3686/logdir/dreamer/round2_walker_run_baseline_seed1_20260415_160724_della-adele/scores.jsonl

--------------------[Agent Step 12_192]--------------------
Metrics filtered by: 'score|length|fps|ratio|train/loss/|train/rand/'
train/loss/con 0.02 / train/loss/dyn 5.89 / train/loss/height 6.9e-3 / train/loss/orientations 0.59 / train/loss/policy 1.16 / train/loss/rep 5.89 / train/loss/repval 2.05 / train/loss/rew 0.4 / train/loss/value 1.21 / train/loss/velocity 1.68 / replay/replay_ratio 1040 / fps/policy 43.57 / fps/train 4.5e4

Writing metrics: /home/sk3686/logdir/dreamer/round2_walker_run_baseline_seed1_20260415_160724_della-adele/metrics.jsonl
Writing metrics: /home/sk3686/logdir/dreamer/round2_walker_run_baseline_seed1_20260415_160724_della-adele/scores.jsonl

--------------------[Agent Step 17_424]--------------------
Metrics filtered by: 'score|length|fps|ratio|train/loss/|train/rand/'
episode/score 40.7 / episode/length 1001 / train/loss/con 0.02 / train/loss/dyn 5.83 / train/loss/height 5.3e-3 / train/loss/orientations 0.48 / train/loss/policy 0.93 / train/loss/rep 5.83 / train/loss/repval 1.36 / train/loss/rew 0.43 / train/loss/value 0.98 / train/loss/velocity 1.46 / replay/replay_ratio 1040 / fps/policy 43.48 / fps/train 4.5e4

Writing metrics: /home/sk3686/logdir/dreamer/round2_walker_run_baseline_seed1_20260415_160724_della-adele/metrics.jsonl
Writing metrics: /home/sk3686/logdir/dreamer/round2_walker_run_baseline_seed1_20260415_160724_della-adele/scores.jsonl

--------------------[Agent Step 22_656]--------------------
Metrics filtered by: 'score|length|fps|ratio|train/loss/|train/rand/'
train/loss/con 0.02 / train/loss/dyn 5.88 / train/loss/height 7.1e-3 / train/loss/orientations 0.53 / train/loss/policy 0.22 / train/loss/rep 5.88 / train/loss/repval 1.05 / train/loss/rew 0.45 / train/loss/value 0.91 / train/loss/velocity 1.48 / replay/replay_ratio 1040 / fps/policy 43.49 / fps/train 4.5e4

Writing metrics: /home/sk3686/logdir/dreamer/round2_walker_run_baseline_seed1_20260415_160724_della-adele/metrics.jsonl
Writing metrics: /home/sk3686/logdir/dreamer/round2_walker_run_baseline_seed1_20260415_160724_della-adele/scores.jsonl

--------------------[Agent Step 27_872]--------------------
Metrics filtered by: 'score|length|fps|ratio|train/loss/|train/rand/'
train/loss/con 0.02 / train/loss/dyn 5.86 / train/loss/height 6.5e-3 / train/loss/orientations 0.48 / train/loss/policy -0.31 / train/loss/rep 5.86 / train/loss/repval 0.93 / train/loss/rew 0.46 / train/loss/value 0.82 / train/loss/velocity 1.44 / replay/replay_ratio 1040 / fps/policy 43.41 / fps/train 4.4e4

Writing metrics: /home/sk3686/logdir/dreamer/round2_walker_run_baseline_seed1_20260415_160724_della-adele/metrics.jsonl
Writing metrics: /home/sk3686/logdir/dreamer/round2_walker_run_baseline_seed1_20260415_160724_della-adele/scores.jsonl

--------------------[Agent Step 33_104]--------------------
Metrics filtered by: 'score|length|fps|ratio|train/loss/|train/rand/'
episode/score 42.83 / episode/length 1001 / train/loss/con 0.02 / train/loss/dyn 6.05 / train/loss/height 6.4e-3 / train/loss/orientations 0.49 / train/loss/policy -0.39 / train/loss/rep 6.05 / train/loss/repval 1 / train/loss/rew 0.47 / train/loss/value 0.91 / train/loss/velocity 1.45 / replay/replay_ratio 1040 / fps/policy 43.54 / fps/train 4.5e4

Writing metrics: /home/sk3686/logdir/dreamer/round2_walker_run_baseline_seed1_20260415_160724_della-adele/metrics.jsonl
Writing metrics: /home/sk3686/logdir/dreamer/round2_walker_run_baseline_seed1_20260415_160724_della-adele/scores.jsonl

--------------------[Agent Step 38_336]--------------------
Metrics filtered by: 'score|length|fps|ratio|train/loss/|train/rand/'
train/loss/con 0.02 / train/loss/dyn 6.3 / train/loss/height 6.4e-3 / train/loss/orientations 0.5 / train/loss/policy -0.18 / train/loss/rep 6.3 / train/loss/repval 1.1 / train/loss/rew 0.47 / train/loss/value 0.94 / train/loss/velocity 1.48 / replay/replay_ratio 1040 / fps/policy 43.49 / fps/train 4.5e4

Writing metrics: /home/sk3686/logdir/dreamer/round2_walker_run_baseline_seed1_20260415_160724_della-adele/scores.jsonl
Writing metrics: /home/sk3686/logdir/dreamer/round2_walker_run_baseline_seed1_20260415_160724_della-adele/metrics.jsonl
Saving checkpoint: /home/sk3686/logdir/dreamer/round2_walker_run_baseline_seed1_20260415_160724_della-adele/ckpt/20260415T162305F843060
Saved checkpoint.

--------------------[Agent Step 43_568]--------------------
Metrics filtered by: 'score|length|fps|ratio|train/loss/|train/rand/'
train/loss/con 0.02 / train/loss/dyn 6.47 / train/loss/height 6e-3 / train/loss/orientations 0.49 / train/loss/policy -0.21 / train/loss/rep 6.47 / train/loss/repval 1.11 / train/loss/rew 0.47 / train/loss/value 0.88 / train/loss/velocity 1.44 / replay/replay_ratio 1040 / fps/policy 43.57 / fps/train 4.5e4

Writing metrics: /home/sk3686/logdir/dreamer/round2_walker_run_baseline_seed1_20260415_160724_della-adele/metrics.jsonl
Writing metrics: /home/sk3686/logdir/dreamer/round2_walker_run_baseline_seed1_20260415_160724_della-adele/scores.jsonl

--------------------[Agent Step 48_800]--------------------
Metrics filtered by: 'score|length|fps|ratio|train/loss/|train/rand/'
episode/score 74.69 / episode/length 1001 / train/loss/con 0.02 / train/loss/dyn 6.59 / train/loss/height 5.7e-3 / train/loss/orientations 0.46 / train/loss/policy -0.21 / train/loss/rep 6.59 / train/loss/repval 1.15 / train/loss/rew 0.48 / train/loss/value 1.11 / train/loss/velocity 1.41 / replay/replay_ratio 1040 / fps/policy 43.52 / fps/train 4.5e4

Writing metrics: /home/sk3686/logdir/dreamer/round2_walker_run_baseline_seed1_20260415_160724_della-adele/metrics.jsonl
Writing metrics: /home/sk3686/logdir/dreamer/round2_walker_run_baseline_seed1_20260415_160724_della-adele/scores.jsonl

--------------------[Agent Step 54_032]--------------------
Metrics filtered by: 'score|length|fps|ratio|train/loss/|train/rand/'
train/loss/con 0.02 / train/loss/dyn 6.76 / train/loss/height 5.8e-3 / train/loss/orientations 0.45 / train/loss/policy -0.18 / train/loss/rep 6.76 / train/loss/repval 1.24 / train/loss/rew 0.48 / train/loss/value 0.95 / train/loss/velocity 1.42 / replay/replay_ratio 1040 / fps/policy 43.48 / fps/train 4.5e4

Writing metrics: /home/sk3686/logdir/dreamer/round2_walker_run_baseline_seed1_20260415_160724_della-adele/scores.jsonl
Writing metrics: /home/sk3686/logdir/dreamer/round2_walker_run_baseline_seed1_20260415_160724_della-adele/metrics.jsonl

--------------------[Agent Step 59_264]--------------------
Metrics filtered by: 'score|length|fps|ratio|train/loss/|train/rand/'
train/loss/con 0.02 / train/loss/dyn 6.84 / train/loss/height 5.4e-3 / train/loss/orientations 0.43 / train/loss/policy -0.17 / train/loss/rep 6.84 / train/loss/repval 1.01 / train/loss/rew 0.49 / train/loss/value 1.15 / train/loss/velocity 1.4 / replay/replay_ratio 1040 / fps/policy 43.54 / fps/train 4.5e4

Writing metrics: /home/sk3686/logdir/dreamer/round2_walker_run_baseline_seed1_20260415_160724_della-adele/scores.jsonl
Writing metrics: /home/sk3686/logdir/dreamer/round2_walker_run_baseline_seed1_20260415_160724_della-adele/metrics.jsonl

--------------------[Agent Step 64_496]--------------------
Metrics filtered by: 'score|length|fps|ratio|train/loss/|train/rand/'
episode/score 71.71 / episode/length 1001 / train/loss/con 0.02 / train/loss/dyn 6.95 / train/loss/height 5.3e-3 / train/loss/orientations 0.42 / train/loss/policy -0.12 / train/loss/rep 6.95 / train/loss/repval 1.28 / train/loss/rew 0.49 / train/loss/value 1 / train/loss/velocity 1.39 / replay/replay_ratio 1040 / fps/policy 43.54 / fps/train 4.5e4

Writing metrics: /home/sk3686/logdir/dreamer/round2_walker_run_baseline_seed1_20260415_160724_della-adele/metrics.jsonl
Writing metrics: /home/sk3686/logdir/dreamer/round2_walker_run_baseline_seed1_20260415_160724_della-adele/scores.jsonl

--------------------[Agent Step 69_728]--------------------
Metrics filtered by: 'score|length|fps|ratio|train/loss/|train/rand/'
train/loss/con 0.02 / train/loss/dyn 7.07 / train/loss/height 5.5e-3 / train/loss/orientations 0.42 / train/loss/policy -0.07 / train/loss/rep 7.07 / train/loss/repval 1.1 / train/loss/rew 0.49 / train/loss/value 1.14 / train/loss/velocity 1.39 / replay/replay_ratio 1040 / fps/policy 43.48 / fps/train 4.5e4

Writing metrics: /home/sk3686/logdir/dreamer/round2_walker_run_baseline_seed1_20260415_160724_della-adele/scores.jsonl
Writing metrics: /home/sk3686/logdir/dreamer/round2_walker_run_baseline_seed1_20260415_160724_della-adele/metrics.jsonl

--------------------[Agent Step 74_960]--------------------
Metrics filtered by: 'score|length|fps|ratio|train/loss/|train/rand/'
train/loss/con 0.02 / train/loss/dyn 7.15 / train/loss/height 5.2e-3 / train/loss/orientations 0.42 / train/loss/policy -0.08 / train/loss/rep 7.15 / train/loss/repval 0.94 / train/loss/rew 0.5 / train/loss/value 1.06 / train/loss/velocity 1.37 / replay/replay_ratio 1040 / fps/policy 43.59 / fps/train 4.5e4

Writing metrics: /home/sk3686/logdir/dreamer/round2_walker_run_baseline_seed1_20260415_160724_della-adele/metrics.jsonl
Writing metrics: /home/sk3686/logdir/dreamer/round2_walker_run_baseline_seed1_20260415_160724_della-adele/scores.jsonl
Saving checkpoint: /home/sk3686/logdir/dreamer/round2_walker_run_baseline_seed1_20260415_160724_della-adele/ckpt/20260415T163805F929180
Saved checkpoint.

--------------------[Agent Step 80_192]--------------------
Metrics filtered by: 'score|length|fps|ratio|train/loss/|train/rand/'
episode/score 104.76 / episode/length 1001 / train/loss/con 0.02 / train/loss/dyn 7.16 / train/loss/height 4.9e-3 / train/loss/orientations 0.39 / train/loss/policy -0.17 / train/loss/rep 7.16 / train/loss/repval 1.22 / train/loss/rew 0.5 / train/loss/value 1.09 / train/loss/velocity 1.35 / replay/replay_ratio 1040 / fps/policy 43.54 / fps/train 4.5e4

Writing metrics: /home/sk3686/logdir/dreamer/round2_walker_run_baseline_seed1_20260415_160724_della-adele/metrics.jsonl
Writing metrics: /home/sk3686/logdir/dreamer/round2_walker_run_baseline_seed1_20260415_160724_della-adele/scores.jsonl

--------------------[Agent Step 85_408]--------------------
Metrics filtered by: 'score|length|fps|ratio|train/loss/|train/rand/'
train/loss/con 0.02 / train/loss/dyn 7.18 / train/loss/height 5e-3 / train/loss/orientations 0.37 / train/loss/policy -0.13 / train/loss/rep 7.18 / train/loss/repval 1.04 / train/loss/rew 0.5 / train/loss/value 0.81 / train/loss/velocity 1.33 / replay/replay_ratio 1040 / fps/policy 43.35 / fps/train 4.4e4

Writing metrics: /home/sk3686/logdir/dreamer/round2_walker_run_baseline_seed1_20260415_160724_della-adele/scores.jsonl
Writing metrics: /home/sk3686/logdir/dreamer/round2_walker_run_baseline_seed1_20260415_160724_della-adele/metrics.jsonl

--------------------[Agent Step 90_640]--------------------
Metrics filtered by: 'score|length|fps|ratio|train/loss/|train/rand/'
train/loss/con 0.02 / train/loss/dyn 7.15 / train/loss/height 4.8e-3 / train/loss/orientations 0.35 / train/loss/policy -0.11 / train/loss/rep 7.15 / train/loss/repval 0.93 / train/loss/rew 0.5 / train/loss/value 1 / train/loss/velocity 1.3 / replay/replay_ratio 1040 / fps/policy 43.53 / fps/train 4.5e4

Writing metrics: /home/sk3686/logdir/dreamer/round2_walker_run_baseline_seed1_20260415_160724_della-adele/scores.jsonl
Writing metrics: /home/sk3686/logdir/dreamer/round2_walker_run_baseline_seed1_20260415_160724_della-adele/metrics.jsonl

--------------------[Agent Step 95_872]--------------------
Metrics filtered by: 'score|length|fps|ratio|train/loss/|train/rand/'
train/loss/con 0.02 / train/loss/dyn 7.12 / train/loss/height 4.5e-3 / train/loss/orientations 0.33 / train/loss/policy -0.13 / train/loss/rep 7.12 / train/loss/repval 0.98 / train/loss/rew 0.5 / train/loss/value 1.22 / train/loss/velocity 1.27 / replay/replay_ratio 1040 / fps/policy 43.59 / fps/train 4.5e4

Writing metrics: /home/sk3686/logdir/dreamer/round2_walker_run_baseline_seed1_20260415_160724_della-adele/scores.jsonl
Writing metrics: /home/sk3686/logdir/dreamer/round2_walker_run_baseline_seed1_20260415_160724_della-adele/metrics.jsonl

--------------------[Agent Step 101_088]--------------------
Metrics filtered by: 'score|length|fps|ratio|train/loss/|train/rand/'
episode/score 120.12 / episode/length 1001 / train/loss/con 0.02 / train/loss/dyn 7.11 / train/loss/height 4.5e-3 / train/loss/orientations 0.32 / train/loss/policy -0.11 / train/loss/rep 7.11 / train/loss/repval 1.18 / train/loss/rew 0.5 / train/loss/value 1.25 / train/loss/velocity 1.26 / replay/replay_ratio 1040 / fps/policy 43.45 / fps/train 4.4e4

Writing metrics: /home/sk3686/logdir/dreamer/round2_walker_run_baseline_seed1_20260415_160724_della-adele/scores.jsonl
Writing metrics: /home/sk3686/logdir/dreamer/round2_walker_run_baseline_seed1_20260415_160724_della-adele/metrics.jsonl

--------------------[Agent Step 106_336]--------------------
Metrics filtered by: 'score|length|fps|ratio|train/loss/|train/rand/'
train/loss/con 0.02 / train/loss/dyn 7.09 / train/loss/height 4.4e-3 / train/loss/orientations 0.31 / train/loss/policy -0.13 / train/loss/rep 7.09 / train/loss/repval 1.14 / train/loss/rew 0.5 / train/loss/value 0.99 / train/loss/velocity 1.25 / replay/replay_ratio 1040 / fps/policy 43.63 / fps/train 4.5e4

Writing metrics: /home/sk3686/logdir/dreamer/round2_walker_run_baseline_seed1_20260415_160724_della-adele/metrics.jsonl
Writing metrics: /home/sk3686/logdir/dreamer/round2_walker_run_baseline_seed1_20260415_160724_della-adele/scores.jsonl

--------------------[Agent Step 111_568]--------------------
Metrics filtered by: 'score|length|fps|ratio|train/loss/|train/rand/'
train/loss/con 0.02 / train/loss/dyn 7.04 / train/loss/height 4.3e-3 / train/loss/orientations 0.31 / train/loss/policy -0.09 / train/loss/rep 7.04 / train/loss/repval 1.01 / train/loss/rew 0.5 / train/loss/value 0.71 / train/loss/velocity 1.23 / replay/replay_ratio 1040 / fps/policy 43.54 / fps/train 4.5e4

Writing metrics: /home/sk3686/logdir/dreamer/round2_walker_run_baseline_seed1_20260415_160724_della-adele/scores.jsonl
Writing metrics: /home/sk3686/logdir/dreamer/round2_walker_run_baseline_seed1_20260415_160724_della-adele/metrics.jsonl

--------------------[Agent Step 116_800]--------------------
Metrics filtered by: 'score|length|fps|ratio|train/loss/|train/rand/'
episode/score 83.7 / episode/length 1001 / train/loss/con 0.02 / train/loss/dyn 7 / train/loss/height 4.2e-3 / train/loss/orientations 0.29 / train/loss/policy -0.11 / train/loss/rep 7 / train/loss/repval 0.96 / train/loss/rew 0.51 / train/loss/value 0.64 / train/loss/velocity 1.22 / replay/replay_ratio 1040 / fps/policy 43.47 / fps/train 4.5e4

Writing metrics: /home/sk3686/logdir/dreamer/round2_walker_run_baseline_seed1_20260415_160724_della-adele/metrics.jsonl
Writing metrics: /home/sk3686/logdir/dreamer/round2_walker_run_baseline_seed1_20260415_160724_della-adele/scores.jsonl
Saving checkpoint: /home/sk3686/logdir/dreamer/round2_walker_run_baseline_seed1_20260415_160724_della-adele/ckpt/20260415T165306F200445
Saved checkpoint.

--------------------[Agent Step 122_032]--------------------
Metrics filtered by: 'score|length|fps|ratio|train/loss/|train/rand/'
train/loss/con 0.02 / train/loss/dyn 6.96 / train/loss/height 4.1e-3 / train/loss/orientations 0.28 / train/loss/policy -0.12 / train/loss/rep 6.96 / train/loss/repval 0.91 / train/loss/rew 0.51 / train/loss/value 0.7 / train/loss/velocity 1.2 / replay/replay_ratio 1040 / fps/policy 43.53 / fps/train 4.5e4

Writing metrics: /home/sk3686/logdir/dreamer/round2_walker_run_baseline_seed1_20260415_160724_della-adele/metrics.jsonl
Writing metrics: /home/sk3686/logdir/dreamer/round2_walker_run_baseline_seed1_20260415_160724_della-adele/scores.jsonl

--------------------[Agent Step 127_264]--------------------
Metrics filtered by: 'score|length|fps|ratio|train/loss/|train/rand/'
train/loss/con 0.02 / train/loss/dyn 6.95 / train/loss/height 3.9e-3 / train/loss/orientations 0.27 / train/loss/policy -0.16 / train/loss/rep 6.95 / train/loss/repval 0.98 / train/loss/rew 0.51 / train/loss/value 1.1 / train/loss/velocity 1.19 / replay/replay_ratio 1040 / fps/policy 43.54 / fps/train 4.5e4

Writing metrics: /home/sk3686/logdir/dreamer/round2_walker_run_baseline_seed1_20260415_160724_della-adele/metrics.jsonl
Writing metrics: /home/sk3686/logdir/dreamer/round2_walker_run_baseline_seed1_20260415_160724_della-adele/scores.jsonl

--------------------[Agent Step 132_496]--------------------
Metrics filtered by: 'score|length|fps|ratio|train/loss/|train/rand/'
episode/score 150.58 / episode/length 1001 / train/loss/con 0.02 / train/loss/dyn 6.96 / train/loss/height 3.9e-3 / train/loss/orientations 0.26 / train/loss/policy -0.17 / train/loss/rep 6.96 / train/loss/repval 1.08 / train/loss/rew 0.51 / train/loss/value 0.93 / train/loss/velocity 1.18 / replay/replay_ratio 1040 / fps/policy 43.5 / fps/train 4.5e4

Writing metrics: /home/sk3686/logdir/dreamer/round2_walker_run_baseline_seed1_20260415_160724_della-adele/metrics.jsonl
Writing metrics: /home/sk3686/logdir/dreamer/round2_walker_run_baseline_seed1_20260415_160724_della-adele/scores.jsonl

--------------------[Agent Step 137_744]--------------------
Metrics filtered by: 'score|length|fps|ratio|train/loss/|train/rand/'
train/loss/con 0.02 / train/loss/dyn 6.95 / train/loss/height 3.8e-3 / train/loss/orientations 0.25 / train/loss/policy -0.12 / train/loss/rep 6.95 / train/loss/repval 1.12 / train/loss/rew 0.51 / train/loss/value 1.25 / train/loss/velocity 1.18 / replay/replay_ratio 1040 / fps/policy 43.69 / fps/train 4.5e4

Writing metrics: /home/sk3686/logdir/dreamer/round2_walker_run_baseline_seed1_20260415_160724_della-adele/metrics.jsonl
Writing metrics: /home/sk3686/logdir/dreamer/round2_walker_run_baseline_seed1_20260415_160724_della-adele/scores.jsonl

--------------------[Agent Step 143_008]--------------------
Metrics filtered by: 'score|length|fps|ratio|train/loss/|train/rand/'
train/loss/con 0.02 / train/loss/dyn 6.96 / train/loss/height 3.7e-3 / train/loss/orientations 0.25 / train/loss/policy -0.1 / train/loss/rep 6.96 / train/loss/repval 1.06 / train/loss/rew 0.51 / train/loss/value 1.25 / train/loss/velocity 1.18 / replay/replay_ratio 1040 / fps/policy 43.74 / fps/train 4.5e4

Writing metrics: /home/sk3686/logdir/dreamer/round2_walker_run_baseline_seed1_20260415_160724_della-adele/metrics.jsonl
Writing metrics: /home/sk3686/logdir/dreamer/round2_walker_run_baseline_seed1_20260415_160724_della-adele/scores.jsonl

--------------------[Agent Step 148_256]--------------------
Metrics filtered by: 'score|length|fps|ratio|train/loss/|train/rand/'
episode/score 151.68 / episode/length 1001 / train/loss/con 0.02 / train/loss/dyn 6.95 / train/loss/height 3.7e-3 / train/loss/orientations 0.24 / train/loss/policy -0.11 / train/loss/rep 6.95 / train/loss/repval 1.17 / train/loss/rew 0.51 / train/loss/value 1.25 / train/loss/velocity 1.17 / replay/replay_ratio 1040 / fps/policy 43.64 / fps/train 4.5e4

Writing metrics: /home/sk3686/logdir/dreamer/round2_walker_run_baseline_seed1_20260415_160724_della-adele/metrics.jsonl
Writing metrics: /home/sk3686/logdir/dreamer/round2_walker_run_baseline_seed1_20260415_160724_della-adele/scores.jsonl

--------------------[Agent Step 153_504]--------------------
Metrics filtered by: 'score|length|fps|ratio|train/loss/|train/rand/'
train/loss/con 0.02 / train/loss/dyn 6.95 / train/loss/height 3.7e-3 / train/loss/orientations 0.23 / train/loss/policy -0.1 / train/loss/rep 6.95 / train/loss/repval 1.18 / train/loss/rew 0.51 / train/loss/value 1.25 / train/loss/velocity 1.16 / replay/replay_ratio 1040 / fps/policy 43.69 / fps/train 4.5e4

Writing metrics: /home/sk3686/logdir/dreamer/round2_walker_run_baseline_seed1_20260415_160724_della-adele/scores.jsonl
Writing metrics: /home/sk3686/logdir/dreamer/round2_walker_run_baseline_seed1_20260415_160724_della-adele/metrics.jsonl
Saving checkpoint: /home/sk3686/logdir/dreamer/round2_walker_run_baseline_seed1_20260415_160724_della-adele/ckpt/20260415T170806F242853
Saved checkpoint.

--------------------[Agent Step 158_752]--------------------
Metrics filtered by: 'score|length|fps|ratio|train/loss/|train/rand/'
train/loss/con 0.02 / train/loss/dyn 6.94 / train/loss/height 3.5e-3 / train/loss/orientations 0.22 / train/loss/policy -0.11 / train/loss/rep 6.94 / train/loss/repval 1.24 / train/loss/rew 0.51 / train/loss/value 1.2 / train/loss/velocity 1.16 / replay/replay_ratio 1040 / fps/policy 43.72 / fps/train 4.5e4

Writing metrics: /home/sk3686/logdir/dreamer/round2_walker_run_baseline_seed1_20260415_160724_della-adele/scores.jsonl
Writing metrics: /home/sk3686/logdir/dreamer/round2_walker_run_baseline_seed1_20260415_160724_della-adele/metrics.jsonl

--------------------[Agent Step 164_000]--------------------
Metrics filtered by: 'score|length|fps|ratio|train/loss/|train/rand/'
episode/score 146.16 / episode/length 1001 / train/loss/con 0.02 / train/loss/dyn 6.92 / train/loss/height 3.5e-3 / train/loss/orientations 0.22 / train/loss/policy -0.1 / train/loss/rep 6.92 / train/loss/repval 1.25 / train/loss/rew 0.51 / train/loss/value 1.18 / train/loss/velocity 1.15 / replay/replay_ratio 1040 / fps/policy 43.65 / fps/train 4.5e4

Writing metrics: /home/sk3686/logdir/dreamer/round2_walker_run_baseline_seed1_20260415_160724_della-adele/scores.jsonl
Writing metrics: /home/sk3686/logdir/dreamer/round2_walker_run_baseline_seed1_20260415_160724_della-adele/metrics.jsonl

--------------------[Agent Step 169_248]--------------------
Metrics filtered by: 'score|length|fps|ratio|train/loss/|train/rand/'
train/loss/con 0.02 / train/loss/dyn 6.92 / train/loss/height 3.4e-3 / train/loss/orientations 0.21 / train/loss/policy -0.14 / train/loss/rep 6.92 / train/loss/repval 1.09 / train/loss/rew 0.51 / train/loss/value 0.86 / train/loss/velocity 1.14 / replay/replay_ratio 1040 / fps/policy 43.7 / fps/train 4.5e4

Writing metrics: /home/sk3686/logdir/dreamer/round2_walker_run_baseline_seed1_20260415_160724_della-adele/metrics.jsonl
Writing metrics: /home/sk3686/logdir/dreamer/round2_walker_run_baseline_seed1_20260415_160724_della-adele/scores.jsonl

--------------------[Agent Step 174_480]--------------------
Metrics filtered by: 'score|length|fps|ratio|train/loss/|train/rand/'
train/loss/con 0.02 / train/loss/dyn 6.9 / train/loss/height 3.3e-3 / train/loss/orientations 0.2 / train/loss/policy -0.1 / train/loss/rep 6.9 / train/loss/repval 0.86 / train/loss/rew 0.51 / train/loss/value 0.73 / train/loss/velocity 1.14 / replay/replay_ratio 1040 / fps/policy 43.51 / fps/train 4.5e4

Writing metrics: /home/sk3686/logdir/dreamer/round2_walker_run_baseline_seed1_20260415_160724_della-adele/scores.jsonl
Writing metrics: /home/sk3686/logdir/dreamer/round2_walker_run_baseline_seed1_20260415_160724_della-adele/metrics.jsonl

--------------------[Agent Step 179_728]--------------------
Metrics filtered by: 'score|length|fps|ratio|train/loss/|train/rand/'
episode/score 212.75 / episode/length 1001 / train/loss/con 0.02 / train/loss/dyn 6.87 / train/loss/height 3.2e-3 / train/loss/orientations 0.2 / train/loss/policy -0.12 / train/loss/rep 6.87 / train/loss/repval 0.85 / train/loss/rew 0.51 / train/loss/value 1.02 / train/loss/velocity 1.13 / replay/replay_ratio 1040 / fps/policy 43.63 / fps/train 4.5e4

Writing metrics: /home/sk3686/logdir/dreamer/round2_walker_run_baseline_seed1_20260415_160724_della-adele/metrics.jsonl
Writing metrics: /home/sk3686/logdir/dreamer/round2_walker_run_baseline_seed1_20260415_160724_della-adele/scores.jsonl

--------------------[Agent Step 184_976]--------------------
Metrics filtered by: 'score|length|fps|ratio|train/loss/|train/rand/'
train/loss/con 0.02 / train/loss/dyn 6.85 / train/loss/height 3.1e-3 / train/loss/orientations 0.19 / train/loss/policy -0.1 / train/loss/rep 6.85 / train/loss/repval 1.1 / train/loss/rew 0.51 / train/loss/value 1.25 / train/loss/velocity 1.12 / replay/replay_ratio 1040 / fps/policy 43.72 / fps/train 4.5e4

Writing metrics: /home/sk3686/logdir/dreamer/round2_walker_run_baseline_seed1_20260415_160724_della-adele/scores.jsonl
Writing metrics: /home/sk3686/logdir/dreamer/round2_walker_run_baseline_seed1_20260415_160724_della-adele/metrics.jsonl

--------------------[Agent Step 190_240]--------------------
Metrics filtered by: 'score|length|fps|ratio|train/loss/|train/rand/'
train/loss/con 0.02 / train/loss/dyn 6.79 / train/loss/height 3e-3 / train/loss/orientations 0.18 / train/loss/policy -0.1 / train/loss/rep 6.79 / train/loss/repval 1.23 / train/loss/rew 0.51 / train/loss/value 1.05 / train/loss/velocity 1.1 / replay/replay_ratio 1040 / fps/policy 43.77 / fps/train 4.5e4

Writing metrics: /home/sk3686/logdir/dreamer/round2_walker_run_baseline_seed1_20260415_160724_della-adele/metrics.jsonl
Writing metrics: /home/sk3686/logdir/dreamer/round2_walker_run_baseline_seed1_20260415_160724_della-adele/scores.jsonl

--------------------[Agent Step 195_488]--------------------
Metrics filtered by: 'score|length|fps|ratio|train/loss/|train/rand/'
episode/score 229.04 / episode/length 1001 / train/loss/con 0.02 / train/loss/dyn 6.75 / train/loss/height 2.9e-3 / train/loss/orientations 0.18 / train/loss/policy -0.12 / train/loss/rep 6.75 / train/loss/repval 1.03 / train/loss/rew 0.51 / train/loss/value 0.82 / train/loss/velocity 1.09 / replay/replay_ratio 1040 / fps/policy 43.67 / fps/train 4.5e4

Writing metrics: /home/sk3686/logdir/dreamer/round2_walker_run_baseline_seed1_20260415_160724_della-adele/metrics.jsonl
Writing metrics: /home/sk3686/logdir/dreamer/round2_walker_run_baseline_seed1_20260415_160724_della-adele/scores.jsonl
Saving checkpoint: /home/sk3686/logdir/dreamer/round2_walker_run_baseline_seed1_20260415_160724_della-adele/ckpt/20260415T172306F607684
Saved checkpoint.

--------------------[Agent Step 200_736]--------------------
Metrics filtered by: 'score|length|fps|ratio|train/loss/|train/rand/'
train/loss/con 0.02 / train/loss/dyn 6.71 / train/loss/height 2.8e-3 / train/loss/orientations 0.17 / train/loss/policy -0.11 / train/loss/rep 6.71 / train/loss/repval 0.89 / train/loss/rew 0.51 / train/loss/value 1.08 / train/loss/velocity 1.08 / replay/replay_ratio 1040 / fps/policy 43.65 / fps/train 4.5e4

Writing metrics: /home/sk3686/logdir/dreamer/round2_walker_run_baseline_seed1_20260415_160724_della-adele/scores.jsonl
Writing metrics: /home/sk3686/logdir/dreamer/round2_walker_run_baseline_seed1_20260415_160724_della-adele/metrics.jsonl

--------------------[Agent Step 205_984]--------------------
Metrics filtered by: 'score|length|fps|ratio|train/loss/|train/rand/'
train/loss/con 0.02 / train/loss/dyn 6.68 / train/loss/height 2.7e-3 / train/loss/orientations 0.17 / train/loss/policy -0.12 / train/loss/rep 6.68 / train/loss/repval 1.06 / train/loss/rew 0.52 / train/loss/value 1.25 / train/loss/velocity 1.07 / replay/replay_ratio 1040 / fps/policy 43.71 / fps/train 4.5e4

Writing metrics: /home/sk3686/logdir/dreamer/round2_walker_run_baseline_seed1_20260415_160724_della-adele/metrics.jsonl
Writing metrics: /home/sk3686/logdir/dreamer/round2_walker_run_baseline_seed1_20260415_160724_della-adele/scores.jsonl

--------------------[Agent Step 211_232]--------------------
Metrics filtered by: 'score|length|fps|ratio|train/loss/|train/rand/'
episode/score 243.91 / episode/length 1001 / train/loss/con 0.02 / train/loss/dyn 6.65 / train/loss/height 2.7e-3 / train/loss/orientations 0.16 / train/loss/policy -0.1 / train/loss/rep 6.65 / train/loss/repval 1.2 / train/loss/rew 0.52 / train/loss/value 1.21 / train/loss/velocity 1.07 / replay/replay_ratio 1040 / fps/policy 43.64 / fps/train 4.5e4

Writing metrics: /home/sk3686/logdir/dreamer/round2_walker_run_baseline_seed1_20260415_160724_della-adele/metrics.jsonl
Writing metrics: /home/sk3686/logdir/dreamer/round2_walker_run_baseline_seed1_20260415_160724_della-adele/scores.jsonl

--------------------[Agent Step 216_480]--------------------
Metrics filtered by: 'score|length|fps|ratio|train/loss/|train/rand/'
train/loss/con 0.02 / train/loss/dyn 6.62 / train/loss/height 2.6e-3 / train/loss/orientations 0.16 / train/loss/policy -0.1 / train/loss/rep 6.62 / train/loss/repval 1.22 / train/loss/rew 0.52 / train/loss/value 1.04 / train/loss/velocity 1.06 / replay/replay_ratio 1040 / fps/policy 43.68 / fps/train 4.5e4

Writing metrics: /home/sk3686/logdir/dreamer/round2_walker_run_baseline_seed1_20260415_160724_della-adele/scores.jsonl
Writing metrics: /home/sk3686/logdir/dreamer/round2_walker_run_baseline_seed1_20260415_160724_della-adele/metrics.jsonl

--------------------[Agent Step 221_728]--------------------
Metrics filtered by: 'score|length|fps|ratio|train/loss/|train/rand/'
train/loss/con 0.02 / train/loss/dyn 6.58 / train/loss/height 2.5e-3 / train/loss/orientations 0.15 / train/loss/policy -0.12 / train/loss/rep 6.58 / train/loss/repval 1.09 / train/loss/rew 0.52 / train/loss/value 0.85 / train/loss/velocity 1.05 / replay/replay_ratio 1040 / fps/policy 43.71 / fps/train 4.5e4

Writing metrics: /home/sk3686/logdir/dreamer/round2_walker_run_baseline_seed1_20260415_160724_della-adele/metrics.jsonl
Writing metrics: /home/sk3686/logdir/dreamer/round2_walker_run_baseline_seed1_20260415_160724_della-adele/scores.jsonl

--------------------[Agent Step 226_976]--------------------
Metrics filtered by: 'score|length|fps|ratio|train/loss/|train/rand/'
episode/score 234.95 / episode/length 1001 / train/loss/con 0.02 / train/loss/dyn 6.54 / train/loss/height 2.5e-3 / train/loss/orientations 0.15 / train/loss/policy -0.12 / train/loss/rep 6.54 / train/loss/repval 0.94 / train/loss/rew 0.52 / train/loss/value 1.07 / train/loss/velocity 1.04 / replay/replay_ratio 1040 / fps/policy 43.67 / fps/train 4.5e4

Writing metrics: /home/sk3686/logdir/dreamer/round2_walker_run_baseline_seed1_20260415_160724_della-adele/metrics.jsonl
Writing metrics: /home/sk3686/logdir/dreamer/round2_walker_run_baseline_seed1_20260415_160724_della-adele/scores.jsonl

--------------------[Agent Step 232_224]--------------------
Metrics filtered by: 'score|length|fps|ratio|train/loss/|train/rand/'
train/loss/con 0.02 / train/loss/dyn 6.5 / train/loss/height 2.5e-3 / train/loss/orientations 0.14 / train/loss/policy -0.1 / train/loss/rep 6.5 / train/loss/repval 0.97 / train/loss/rew 0.52 / train/loss/value 1.21 / train/loss/velocity 1.03 / replay/replay_ratio 1040 / fps/policy 43.68 / fps/train 4.5e4

Writing metrics: /home/sk3686/logdir/dreamer/round2_walker_run_baseline_seed1_20260415_160724_della-adele/metrics.jsonl
Writing metrics: /home/sk3686/logdir/dreamer/round2_walker_run_baseline_seed1_20260415_160724_della-adele/scores.jsonl
Saving checkpoint: /home/sk3686/logdir/dreamer/round2_walker_run_baseline_seed1_20260415_160724_della-adele/ckpt/20260415T173806F616576
Saved checkpoint.

--------------------[Agent Step 237_472]--------------------
Metrics filtered by: 'score|length|fps|ratio|train/loss/|train/rand/'
train/loss/con 0.02 / train/loss/dyn 6.46 / train/loss/height 2.4e-3 / train/loss/orientations 0.14 / train/loss/policy -0.11 / train/loss/rep 6.46 / train/loss/repval 1.08 / train/loss/rew 0.52 / train/loss/value 1.24 / train/loss/velocity 1.02 / replay/replay_ratio 1040 / fps/policy 43.67 / fps/train 4.5e4

Writing metrics: /home/sk3686/logdir/dreamer/round2_walker_run_baseline_seed1_20260415_160724_della-adele/scores.jsonl
Writing metrics: /home/sk3686/logdir/dreamer/round2_walker_run_baseline_seed1_20260415_160724_della-adele/metrics.jsonl

--------------------[Agent Step 242_720]--------------------
Metrics filtered by: 'score|length|fps|ratio|train/loss/|train/rand/'
episode/score 297.12 / episode/length 1001 / train/loss/con 0.02 / train/loss/dyn 6.41 / train/loss/height 2.3e-3 / train/loss/orientations 0.14 / train/loss/policy -0.11 / train/loss/rep 6.41 / train/loss/repval 1.2 / train/loss/rew 0.52 / train/loss/value 1.09 / train/loss/velocity 1.01 / replay/replay_ratio 1040 / fps/policy 43.66 / fps/train 4.5e4

Writing metrics: /home/sk3686/logdir/dreamer/round2_walker_run_baseline_seed1_20260415_160724_della-adele/scores.jsonl
Writing metrics: /home/sk3686/logdir/dreamer/round2_walker_run_baseline_seed1_20260415_160724_della-adele/metrics.jsonl

--------------------[Agent Step 247_968]--------------------
Metrics filtered by: 'score|length|fps|ratio|train/loss/|train/rand/'
train/loss/con 0.02 / train/loss/dyn 6.38 / train/loss/height 2.3e-3 / train/loss/orientations 0.13 / train/loss/policy -0.11 / train/loss/rep 6.38 / train/loss/repval 1.17 / train/loss/rew 0.52 / train/loss/value 0.88 / train/loss/velocity 1 / replay/replay_ratio 1040 / fps/policy 43.63 / fps/train 4.5e4

Writing metrics: /home/sk3686/logdir/dreamer/round2_walker_run_baseline_seed1_20260415_160724_della-adele/scores.jsonl
Writing metrics: /home/sk3686/logdir/dreamer/round2_walker_run_baseline_seed1_20260415_160724_della-adele/metrics.jsonl

--------------------[Agent Step 253_216]--------------------
Metrics filtered by: 'score|length|fps|ratio|train/loss/|train/rand/'
train/loss/con 0.02 / train/loss/dyn 6.34 / train/loss/height 2.2e-3 / train/loss/orientations 0.13 / train/loss/policy -0.13 / train/loss/rep 6.34 / train/loss/repval 0.95 / train/loss/rew 0.52 / train/loss/value 1.03 / train/loss/velocity 0.98 / replay/replay_ratio 1040 / fps/policy 43.7 / fps/train 4.5e4

Writing metrics: /home/sk3686/logdir/dreamer/round2_walker_run_baseline_seed1_20260415_160724_della-adele/metrics.jsonl
Writing metrics: /home/sk3686/logdir/dreamer/round2_walker_run_baseline_seed1_20260415_160724_della-adele/scores.jsonl

--------------------[Agent Step 258_464]--------------------
Metrics filtered by: 'score|length|fps|ratio|train/loss/|train/rand/'
episode/score 316.63 / episode/length 1001 / train/loss/con 0.02 / train/loss/dyn 6.3 / train/loss/height 2.1e-3 / train/loss/orientations 0.12 / train/loss/policy -0.1 / train/loss/rep 6.3 / train/loss/repval 0.97 / train/loss/rew 0.52 / train/loss/value 1.17 / train/loss/velocity 0.97 / replay/replay_ratio 1040 / fps/policy 43.63 / fps/train 4.5e4

Writing metrics: /home/sk3686/logdir/dreamer/round2_walker_run_baseline_seed1_20260415_160724_della-adele/metrics.jsonl
Writing metrics: /home/sk3686/logdir/dreamer/round2_walker_run_baseline_seed1_20260415_160724_della-adele/scores.jsonl

--------------------[Agent Step 263_712]--------------------
Metrics filtered by: 'score|length|fps|ratio|train/loss/|train/rand/'
train/loss/con 0.02 / train/loss/dyn 6.26 / train/loss/height 2.1e-3 / train/loss/orientations 0.12 / train/loss/policy -0.09 / train/loss/rep 6.26 / train/loss/repval 1.04 / train/loss/rew 0.52 / train/loss/value 1.23 / train/loss/velocity 0.96 / replay/replay_ratio 1040 / fps/policy 43.61 / fps/train 4.5e4

Writing metrics: /home/sk3686/logdir/dreamer/round2_walker_run_baseline_seed1_20260415_160724_della-adele/scores.jsonl
Writing metrics: /home/sk3686/logdir/dreamer/round2_walker_run_baseline_seed1_20260415_160724_della-adele/metrics.jsonl

--------------------[Agent Step 268_960]--------------------
Metrics filtered by: 'score|length|fps|ratio|train/loss/|train/rand/'
train/loss/con 0.02 / train/loss/dyn 6.21 / train/loss/height 2e-3 / train/loss/orientations 0.12 / train/loss/policy -0.09 / train/loss/rep 6.21 / train/loss/repval 1.15 / train/loss/rew 0.52 / train/loss/value 1.16 / train/loss/velocity 0.95 / replay/replay_ratio 1040 / fps/policy 43.7 / fps/train 4.5e4

Writing metrics: /home/sk3686/logdir/dreamer/round2_walker_run_baseline_seed1_20260415_160724_della-adele/metrics.jsonl
Writing metrics: /home/sk3686/logdir/dreamer/round2_walker_run_baseline_seed1_20260415_160724_della-adele/scores.jsonl

--------------------[Agent Step 274_208]--------------------
Metrics filtered by: 'score|length|fps|ratio|train/loss/|train/rand/'
episode/score 374.68 / episode/length 1001 / train/loss/con 0.02 / train/loss/dyn 6.16 / train/loss/height 1.9e-3 / train/loss/orientations 0.11 / train/loss/policy -0.09 / train/loss/rep 6.16 / train/loss/repval 1.15 / train/loss/rew 0.52 / train/loss/value 0.91 / train/loss/velocity 0.94 / replay/replay_ratio 1040 / fps/policy 43.67 / fps/train 4.5e4

Writing metrics: /home/sk3686/logdir/dreamer/round2_walker_run_baseline_seed1_20260415_160724_della-adele/scores.jsonl
Writing metrics: /home/sk3686/logdir/dreamer/round2_walker_run_baseline_seed1_20260415_160724_della-adele/metrics.jsonl
Saving checkpoint: /home/sk3686/logdir/dreamer/round2_walker_run_baseline_seed1_20260415_160724_della-adele/ckpt/20260415T175306F838009
Saved checkpoint.

--------------------[Agent Step 279_456]--------------------
Metrics filtered by: 'score|length|fps|ratio|train/loss/|train/rand/'
train/loss/con 0.02 / train/loss/dyn 6.13 / train/loss/height 1.9e-3 / train/loss/orientations 0.11 / train/loss/policy -0.12 / train/loss/rep 6.13 / train/loss/repval 1.02 / train/loss/rew 0.52 / train/loss/value 0.98 / train/loss/velocity 0.93 / replay/replay_ratio 1040 / fps/policy 43.63 / fps/train 4.5e4

Writing metrics: /home/sk3686/logdir/dreamer/round2_walker_run_baseline_seed1_20260415_160724_della-adele/metrics.jsonl
Writing metrics: /home/sk3686/logdir/dreamer/round2_walker_run_baseline_seed1_20260415_160724_della-adele/scores.jsonl

--------------------[Agent Step 284_704]--------------------
Metrics filtered by: 'score|length|fps|ratio|train/loss/|train/rand/'
train/loss/con 0.02 / train/loss/dyn 6.09 / train/loss/height 1.8e-3 / train/loss/orientations 0.11 / train/loss/policy -0.1 / train/loss/rep 6.09 / train/loss/repval 0.97 / train/loss/rew 0.52 / train/loss/value 1.11 / train/loss/velocity 0.92 / replay/replay_ratio 1040 / fps/policy 43.73 / fps/train 4.5e4

Writing metrics: /home/sk3686/logdir/dreamer/round2_walker_run_baseline_seed1_20260415_160724_della-adele/metrics.jsonl
Writing metrics: /home/sk3686/logdir/dreamer/round2_walker_run_baseline_seed1_20260415_160724_della-adele/scores.jsonl

--------------------[Agent Step 289_952]--------------------
Metrics filtered by: 'score|length|fps|ratio|train/loss/|train/rand/'
episode/score 375.19 / episode/length 1001 / train/loss/con 0.02 / train/loss/dyn 6.06 / train/loss/height 1.8e-3 / train/loss/orientations 0.11 / train/loss/policy -0.09 / train/loss/rep 6.06 / train/loss/repval 1.03 / train/loss/rew 0.52 / train/loss/value 1.21 / train/loss/velocity 0.92 / replay/replay_ratio 1040 / fps/policy 43.72 / fps/train 4.5e4

Writing metrics: /home/sk3686/logdir/dreamer/round2_walker_run_baseline_seed1_20260415_160724_della-adele/metrics.jsonl
Writing metrics: /home/sk3686/logdir/dreamer/round2_walker_run_baseline_seed1_20260415_160724_della-adele/scores.jsonl

--------------------[Agent Step 295_200]--------------------
Metrics filtered by: 'score|length|fps|ratio|train/loss/|train/rand/'
train/loss/con 0.02 / train/loss/dyn 6.03 / train/loss/height 1.8e-3 / train/loss/orientations 0.1 / train/loss/policy -0.08 / train/loss/rep 6.03 / train/loss/repval 1.11 / train/loss/rew 0.52 / train/loss/value 1.21 / train/loss/velocity 0.91 / replay/replay_ratio 1040 / fps/policy 43.68 / fps/train 4.5e4

Writing metrics: /home/sk3686/logdir/dreamer/round2_walker_run_baseline_seed1_20260415_160724_della-adele/scores.jsonl
Writing metrics: /home/sk3686/logdir/dreamer/round2_walker_run_baseline_seed1_20260415_160724_della-adele/metrics.jsonl

--------------------[Agent Step 300_464]--------------------
Metrics filtered by: 'score|length|fps|ratio|train/loss/|train/rand/'
train/loss/con 0.02 / train/loss/dyn 6 / train/loss/height 1.7e-3 / train/loss/orientations 0.1 / train/loss/policy -0.08 / train/loss/rep 6 / train/loss/repval 1.14 / train/loss/rew 0.52 / train/loss/value 1.11 / train/loss/velocity 0.9 / replay/replay_ratio 1040 / fps/policy 43.75 / fps/train 4.5e4

Writing metrics: /home/sk3686/logdir/dreamer/round2_walker_run_baseline_seed1_20260415_160724_della-adele/scores.jsonl
Writing metrics: /home/sk3686/logdir/dreamer/round2_walker_run_baseline_seed1_20260415_160724_della-adele/metrics.jsonl

--------------------[Agent Step 305_712]--------------------
Metrics filtered by: 'score|length|fps|ratio|train/loss/|train/rand/'
episode/score 377.55 / episode/length 1001 / train/loss/con 0.02 / train/loss/dyn 5.96 / train/loss/height 1.7e-3 / train/loss/orientations 0.1 / train/loss/policy -0.08 / train/loss/rep 5.96 / train/loss/repval 1.13 / train/loss/rew 0.52 / train/loss/value 0.93 / train/loss/velocity 0.89 / replay/replay_ratio 1040 / fps/policy 43.73 / fps/train 4.5e4

Writing metrics: /home/sk3686/logdir/dreamer/round2_walker_run_baseline_seed1_20260415_160724_della-adele/scores.jsonl
Writing metrics: /home/sk3686/logdir/dreamer/round2_walker_run_baseline_seed1_20260415_160724_della-adele/metrics.jsonl

--------------------[Agent Step 310_960]--------------------
Metrics filtered by: 'score|length|fps|ratio|train/loss/|train/rand/'
train/loss/con 0.02 / train/loss/dyn 5.92 / train/loss/height 1.7e-3 / train/loss/orientations 0.1 / train/loss/policy -0.09 / train/loss/rep 5.92 / train/loss/repval 1.06 / train/loss/rew 0.52 / train/loss/value 0.88 / train/loss/velocity 0.89 / replay/replay_ratio 1040 / fps/policy 43.68 / fps/train 4.5e4

Writing metrics: /home/sk3686/logdir/dreamer/round2_walker_run_baseline_seed1_20260415_160724_della-adele/scores.jsonl
Writing metrics: /home/sk3686/logdir/dreamer/round2_walker_run_baseline_seed1_20260415_160724_della-adele/metrics.jsonl
Saving checkpoint: /home/sk3686/logdir/dreamer/round2_walker_run_baseline_seed1_20260415_160724_della-adele/ckpt/20260415T180807F197392
Saved checkpoint.

--------------------[Agent Step 316_224]--------------------
Metrics filtered by: 'score|length|fps|ratio|train/loss/|train/rand/'
train/loss/con 0.02 / train/loss/dyn 5.89 / train/loss/height 1.6e-3 / train/loss/orientations 0.1 / train/loss/policy -0.08 / train/loss/rep 5.89 / train/loss/repval 0.99 / train/loss/rew 0.52 / train/loss/value 0.95 / train/loss/velocity 0.88 / replay/replay_ratio 1040 / fps/policy 43.74 / fps/train 4.5e4

Writing metrics: /home/sk3686/logdir/dreamer/round2_walker_run_baseline_seed1_20260415_160724_della-adele/scores.jsonl
Writing metrics: /home/sk3686/logdir/dreamer/round2_walker_run_baseline_seed1_20260415_160724_della-adele/metrics.jsonl

--------------------[Agent Step 321_472]--------------------
Metrics filtered by: 'score|length|fps|ratio|train/loss/|train/rand/'
episode/score 437.82 / episode/length 1001 / train/loss/con 0.02 / train/loss/dyn 5.86 / train/loss/height 1.6e-3 / train/loss/orientations 0.09 / train/loss/policy -0.08 / train/loss/rep 5.86 / train/loss/repval 0.98 / train/loss/rew 0.52 / train/loss/value 1.04 / train/loss/velocity 0.87 / replay/replay_ratio 1040 / fps/policy 43.64 / fps/train 4.5e4

Writing metrics: /home/sk3686/logdir/dreamer/round2_walker_run_baseline_seed1_20260415_160724_della-adele/scores.jsonl
Writing metrics: /home/sk3686/logdir/dreamer/round2_walker_run_baseline_seed1_20260415_160724_della-adele/metrics.jsonl

--------------------[Agent Step 326_704]--------------------
Metrics filtered by: 'score|length|fps|ratio|train/loss/|train/rand/'
train/loss/con 0.02 / train/loss/dyn 5.83 / train/loss/height 1.6e-3 / train/loss/orientations 0.09 / train/loss/policy -0.08 / train/loss/rep 5.83 / train/loss/repval 0.99 / train/loss/rew 0.52 / train/loss/value 1.15 / train/loss/velocity 0.86 / replay/replay_ratio 1040 / fps/policy 43.57 / fps/train 4.5e4

Writing metrics: /home/sk3686/logdir/dreamer/round2_walker_run_baseline_seed1_20260415_160724_della-adele/scores.jsonl
Writing metrics: /home/sk3686/logdir/dreamer/round2_walker_run_baseline_seed1_20260415_160724_della-adele/metrics.jsonl

--------------------[Agent Step 331_968]--------------------
Metrics filtered by: 'score|length|fps|ratio|train/loss/|train/rand/'
train/loss/con 0.02 / train/loss/dyn 5.78 / train/loss/height 1.5e-3 / train/loss/orientations 0.09 / train/loss/policy -0.08 / train/loss/rep 5.78 / train/loss/repval 1.04 / train/loss/rew 0.52 / train/loss/value 1.2 / train/loss/velocity 0.85 / replay/replay_ratio 1040 / fps/policy 43.74 / fps/train 4.5e4

Writing metrics: /home/sk3686/logdir/dreamer/round2_walker_run_baseline_seed1_20260415_160724_della-adele/scores.jsonl
Writing metrics: /home/sk3686/logdir/dreamer/round2_walker_run_baseline_seed1_20260415_160724_della-adele/metrics.jsonl

--------------------[Agent Step 337_216]--------------------
Metrics filtered by: 'score|length|fps|ratio|train/loss/|train/rand/'
episode/score 495.64 / episode/length 1001 / train/loss/con 0.02 / train/loss/dyn 5.74 / train/loss/height 1.5e-3 / train/loss/orientations 0.09 / train/loss/policy -0.07 / train/loss/rep 5.74 / train/loss/repval 1.1 / train/loss/rew 0.52 / train/loss/value 1.15 / train/loss/velocity 0.84 / replay/replay_ratio 1040 / fps/policy 43.7 / fps/train 4.5e4

Writing metrics: /home/sk3686/logdir/dreamer/round2_walker_run_baseline_seed1_20260415_160724_della-adele/metrics.jsonl
Writing metrics: /home/sk3686/logdir/dreamer/round2_walker_run_baseline_seed1_20260415_160724_della-adele/scores.jsonl

--------------------[Agent Step 342_448]--------------------
Metrics filtered by: 'score|length|fps|ratio|train/loss/|train/rand/'
train/loss/con 0.02 / train/loss/dyn 5.72 / train/loss/height 1.5e-3 / train/loss/orientations 0.09 / train/loss/policy -0.07 / train/loss/rep 5.72 / train/loss/repval 1.11 / train/loss/rew 0.52 / train/loss/value 1.09 / train/loss/velocity 0.84 / replay/replay_ratio 1040 / fps/policy 43.57 / fps/train 4.5e4

Writing metrics: /home/sk3686/logdir/dreamer/round2_walker_run_baseline_seed1_20260415_160724_della-adele/metrics.jsonl
Writing metrics: /home/sk3686/logdir/dreamer/round2_walker_run_baseline_seed1_20260415_160724_della-adele/scores.jsonl

--------------------[Agent Step 347_696]--------------------
Metrics filtered by: 'score|length|fps|ratio|train/loss/|train/rand/'
train/loss/con 0.02 / train/loss/dyn 5.68 / train/loss/height 1.5e-3 / train/loss/orientations 0.08 / train/loss/policy -0.07 / train/loss/rep 5.68 / train/loss/repval 1.1 / train/loss/rew 0.52 / train/loss/value 0.99 / train/loss/velocity 0.83 / replay/replay_ratio 1040 / fps/policy 43.68 / fps/train 4.5e4

Writing metrics: /home/sk3686/logdir/dreamer/round2_walker_run_baseline_seed1_20260415_160724_della-adele/scores.jsonl
Writing metrics: /home/sk3686/logdir/dreamer/round2_walker_run_baseline_seed1_20260415_160724_della-adele/metrics.jsonl

--------------------[Agent Step 352_944]--------------------
Metrics filtered by: 'score|length|fps|ratio|train/loss/|train/rand/'
episode/score 515.27 / episode/length 1001 / train/loss/con 0.02 / train/loss/dyn 5.62 / train/loss/height 1.4e-3 / train/loss/orientations 0.08 / train/loss/policy -0.07 / train/loss/rep 5.62 / train/loss/repval 1.07 / train/loss/rew 0.52 / train/loss/value 0.87 / train/loss/velocity 0.82 / replay/replay_ratio 1040 / fps/policy 43.65 / fps/train 4.5e4

Writing metrics: /home/sk3686/logdir/dreamer/round2_walker_run_baseline_seed1_20260415_160724_della-adele/metrics.jsonl
Writing metrics: /home/sk3686/logdir/dreamer/round2_walker_run_baseline_seed1_20260415_160724_della-adele/scores.jsonl
Saving checkpoint: /home/sk3686/logdir/dreamer/round2_walker_run_baseline_seed1_20260415_160724_della-adele/ckpt/20260415T182307F561371
Saved checkpoint.

--------------------[Agent Step 358_176]--------------------
Metrics filtered by: 'score|length|fps|ratio|train/loss/|train/rand/'
train/loss/con 0.02 / train/loss/dyn 5.59 / train/loss/height 1.4e-3 / train/loss/orientations 0.08 / train/loss/policy -0.08 / train/loss/rep 5.59 / train/loss/repval 1.08 / train/loss/rew 0.52 / train/loss/value 0.88 / train/loss/velocity 0.81 / replay/replay_ratio 1040 / fps/policy 43.5 / fps/train 4.5e4

Writing metrics: /home/sk3686/logdir/dreamer/round2_walker_run_baseline_seed1_20260415_160724_della-adele/metrics.jsonl
Writing metrics: /home/sk3686/logdir/dreamer/round2_walker_run_baseline_seed1_20260415_160724_della-adele/scores.jsonl

--------------------[Agent Step 363_424]--------------------
Metrics filtered by: 'score|length|fps|ratio|train/loss/|train/rand/'
train/loss/con 0.02 / train/loss/dyn 5.56 / train/loss/height 1.4e-3 / train/loss/orientations 0.08 / train/loss/policy -0.06 / train/loss/rep 5.56 / train/loss/repval 1.06 / train/loss/rew 0.52 / train/loss/value 0.86 / train/loss/velocity 0.8 / replay/replay_ratio 1040 / fps/policy 43.64 / fps/train 4.5e4

Writing metrics: /home/sk3686/logdir/dreamer/round2_walker_run_baseline_seed1_20260415_160724_della-adele/metrics.jsonl
Writing metrics: /home/sk3686/logdir/dreamer/round2_walker_run_baseline_seed1_20260415_160724_della-adele/scores.jsonl

--------------------[Agent Step 368_672]--------------------
Metrics filtered by: 'score|length|fps|ratio|train/loss/|train/rand/'
episode/score 499.08 / episode/length 1001 / train/loss/con 0.02 / train/loss/dyn 5.51 / train/loss/height 1.4e-3 / train/loss/orientations 0.08 / train/loss/policy -0.06 / train/loss/rep 5.51 / train/loss/repval 1.07 / train/loss/rew 0.52 / train/loss/value 0.86 / train/loss/velocity 0.79 / replay/replay_ratio 1040 / fps/policy 43.71 / fps/train 4.5e4

Writing metrics: /home/sk3686/logdir/dreamer/round2_walker_run_baseline_seed1_20260415_160724_della-adele/scores.jsonl
Writing metrics: /home/sk3686/logdir/dreamer/round2_walker_run_baseline_seed1_20260415_160724_della-adele/metrics.jsonl

--------------------[Agent Step 373_920]--------------------
Metrics filtered by: 'score|length|fps|ratio|train/loss/|train/rand/'
train/loss/con 0.02 / train/loss/dyn 5.47 / train/loss/height 1.3e-3 / train/loss/orientations 0.08 / train/loss/policy -0.06 / train/loss/rep 5.47 / train/loss/repval 1.06 / train/loss/rew 0.51 / train/loss/value 0.89 / train/loss/velocity 0.79 / replay/replay_ratio 1040 / fps/policy 43.64 / fps/train 4.5e4

Writing metrics: /home/sk3686/logdir/dreamer/round2_walker_run_baseline_seed1_20260415_160724_della-adele/metrics.jsonl
Writing metrics: /home/sk3686/logdir/dreamer/round2_walker_run_baseline_seed1_20260415_160724_della-adele/scores.jsonl

--------------------[Agent Step 379_184]--------------------
Metrics filtered by: 'score|length|fps|ratio|train/loss/|train/rand/'
train/loss/con 0.02 / train/loss/dyn 5.43 / train/loss/height 1.3e-3 / train/loss/orientations 0.08 / train/loss/policy -0.06 / train/loss/rep 5.43 / train/loss/repval 1.06 / train/loss/rew 0.51 / train/loss/value 0.9 / train/loss/velocity 0.78 / replay/replay_ratio 1040 / fps/policy 43.74 / fps/train 4.5e4

Writing metrics: /home/sk3686/logdir/dreamer/round2_walker_run_baseline_seed1_20260415_160724_della-adele/scores.jsonl
Writing metrics: /home/sk3686/logdir/dreamer/round2_walker_run_baseline_seed1_20260415_160724_della-adele/metrics.jsonl

--------------------[Agent Step 384_448]--------------------
Metrics filtered by: 'score|length|fps|ratio|train/loss/|train/rand/'
episode/score 536.39 / episode/length 1001 / train/loss/con 0.02 / train/loss/dyn 5.38 / train/loss/height 1.3e-3 / train/loss/orientations 0.07 / train/loss/policy -0.06 / train/loss/rep 5.38 / train/loss/repval 1.07 / train/loss/rew 0.51 / train/loss/value 0.91 / train/loss/velocity 0.76 / replay/replay_ratio 1040 / fps/policy 43.75 / fps/train 4.5e4

Writing metrics: /home/sk3686/logdir/dreamer/round2_walker_run_baseline_seed1_20260415_160724_della-adele/scores.jsonl
Writing metrics: /home/sk3686/logdir/dreamer/round2_walker_run_baseline_seed1_20260415_160724_della-adele/metrics.jsonl

--------------------[Agent Step 389_696]--------------------
Metrics filtered by: 'score|length|fps|ratio|train/loss/|train/rand/'
train/loss/con 0.02 / train/loss/dyn 5.35 / train/loss/height 1.3e-3 / train/loss/orientations 0.07 / train/loss/policy -0.06 / train/loss/rep 5.35 / train/loss/repval 1.06 / train/loss/rew 0.51 / train/loss/value 0.95 / train/loss/velocity 0.76 / replay/replay_ratio 1040 / fps/policy 43.63 / fps/train 4.5e4

Writing metrics: /home/sk3686/logdir/dreamer/round2_walker_run_baseline_seed1_20260415_160724_della-adele/metrics.jsonl
Writing metrics: /home/sk3686/logdir/dreamer/round2_walker_run_baseline_seed1_20260415_160724_della-adele/scores.jsonl
Saving checkpoint: /home/sk3686/logdir/dreamer/round2_walker_run_baseline_seed1_20260415_160724_della-adele/ckpt/20260415T183807F913607
Saved checkpoint.

--------------------[Agent Step 394_944]--------------------
Metrics filtered by: 'score|length|fps|ratio|train/loss/|train/rand/'
train/loss/con 0.02 / train/loss/dyn 5.31 / train/loss/height 1.3e-3 / train/loss/orientations 0.07 / train/loss/policy -0.06 / train/loss/rep 5.31 / train/loss/repval 1.06 / train/loss/rew 0.51 / train/loss/value 0.98 / train/loss/velocity 0.75 / replay/replay_ratio 1040 / fps/policy 43.64 / fps/train 4.5e4

Writing metrics: /home/sk3686/logdir/dreamer/round2_walker_run_baseline_seed1_20260415_160724_della-adele/scores.jsonl
Writing metrics: /home/sk3686/logdir/dreamer/round2_walker_run_baseline_seed1_20260415_160724_della-adele/metrics.jsonl

--------------------[Agent Step 400_208]--------------------
Metrics filtered by: 'score|length|fps|ratio|train/loss/|train/rand/'
train/loss/con 0.02 / train/loss/dyn 5.26 / train/loss/height 1.2e-3 / train/loss/orientations 0.07 / train/loss/policy -0.06 / train/loss/rep 5.26 / train/loss/repval 1.05 / train/loss/rew 0.51 / train/loss/value 1.02 / train/loss/velocity 0.74 / replay/replay_ratio 1040 / fps/policy 43.75 / fps/train 4.5e4

Writing metrics: /home/sk3686/logdir/dreamer/round2_walker_run_baseline_seed1_20260415_160724_della-adele/scores.jsonl
Writing metrics: /home/sk3686/logdir/dreamer/round2_walker_run_baseline_seed1_20260415_160724_della-adele/metrics.jsonl

--------------------[Agent Step 405_456]--------------------
Metrics filtered by: 'score|length|fps|ratio|train/loss/|train/rand/'
episode/score 510.44 / episode/length 1001 / train/loss/con 0.02 / train/loss/dyn 5.23 / train/loss/height 1.2e-3 / train/loss/orientations 0.07 / train/loss/policy -0.05 / train/loss/rep 5.23 / train/loss/repval 1.05 / train/loss/rew 0.51 / train/loss/value 1.05 / train/loss/velocity 0.73 / replay/replay_ratio 1040 / fps/policy 43.64 / fps/train 4.5e4

Writing metrics: /home/sk3686/logdir/dreamer/round2_walker_run_baseline_seed1_20260415_160724_della-adele/metrics.jsonl
Writing metrics: /home/sk3686/logdir/dreamer/round2_walker_run_baseline_seed1_20260415_160724_della-adele/scores.jsonl

--------------------[Agent Step 410_704]--------------------
Metrics filtered by: 'score|length|fps|ratio|train/loss/|train/rand/'
train/loss/con 0.02 / train/loss/dyn 5.19 / train/loss/height 1.2e-3 / train/loss/orientations 0.07 / train/loss/policy -0.06 / train/loss/rep 5.19 / train/loss/repval 1.05 / train/loss/rew 0.51 / train/loss/value 1.08 / train/loss/velocity 0.73 / replay/replay_ratio 1040 / fps/policy 43.72 / fps/train 4.5e4

Writing metrics: /home/sk3686/logdir/dreamer/round2_walker_run_baseline_seed1_20260415_160724_della-adele/scores.jsonl
Writing metrics: /home/sk3686/logdir/dreamer/round2_walker_run_baseline_seed1_20260415_160724_della-adele/metrics.jsonl

--------------------[Agent Step 415_952]--------------------
Metrics filtered by: 'score|length|fps|ratio|train/loss/|train/rand/'
train/loss/con 0.02 / train/loss/dyn 5.15 / train/loss/height 1.2e-3 / train/loss/orientations 0.07 / train/loss/policy -0.05 / train/loss/rep 5.15 / train/loss/repval 1.04 / train/loss/rew 0.5 / train/loss/value 1.14 / train/loss/velocity 0.72 / replay/replay_ratio 1040 / fps/policy 43.69 / fps/train 4.5e4

Writing metrics: /home/sk3686/logdir/dreamer/round2_walker_run_baseline_seed1_20260415_160724_della-adele/metrics.jsonl
Writing metrics: /home/sk3686/logdir/dreamer/round2_walker_run_baseline_seed1_20260415_160724_della-adele/scores.jsonl

--------------------[Agent Step 421_184]--------------------
Metrics filtered by: 'score|length|fps|ratio|train/loss/|train/rand/'
episode/score 553.36 / episode/length 1001 / train/loss/con 0.02 / train/loss/dyn 5.12 / train/loss/height 1.2e-3 / train/loss/orientations 0.07 / train/loss/policy -0.05 / train/loss/rep 5.12 / train/loss/repval 1.04 / train/loss/rew 0.5 / train/loss/value 1.17 / train/loss/velocity 0.71 / replay/replay_ratio 1040 / fps/policy 43.59 / fps/train 4.5e4

Writing metrics: /home/sk3686/logdir/dreamer/round2_walker_run_baseline_seed1_20260415_160724_della-adele/metrics.jsonl
Writing metrics: /home/sk3686/logdir/dreamer/round2_walker_run_baseline_seed1_20260415_160724_della-adele/scores.jsonl

--------------------[Agent Step 426_432]--------------------
Metrics filtered by: 'score|length|fps|ratio|train/loss/|train/rand/'
train/loss/con 0.02 / train/loss/dyn 5.1 / train/loss/height 1.2e-3 / train/loss/orientations 0.06 / train/loss/policy -0.05 / train/loss/rep 5.1 / train/loss/repval 1.05 / train/loss/rew 0.5 / train/loss/value 1.19 / train/loss/velocity 0.71 / replay/replay_ratio 1040 / fps/policy 43.69 / fps/train 4.5e4

Writing metrics: /home/sk3686/logdir/dreamer/round2_walker_run_baseline_seed1_20260415_160724_della-adele/metrics.jsonl
Writing metrics: /home/sk3686/logdir/dreamer/round2_walker_run_baseline_seed1_20260415_160724_della-adele/scores.jsonl

--------------------[Agent Step 431_696]--------------------
Metrics filtered by: 'score|length|fps|ratio|train/loss/|train/rand/'
train/loss/con 0.02 / train/loss/dyn 5.06 / train/loss/height 1.1e-3 / train/loss/orientations 0.06 / train/loss/policy -0.05 / train/loss/rep 5.06 / train/loss/repval 1.05 / train/loss/rew 0.5 / train/loss/value 1.19 / train/loss/velocity 0.7 / replay/replay_ratio 1040 / fps/policy 43.77 / fps/train 4.5e4

Writing metrics: /home/sk3686/logdir/dreamer/round2_walker_run_baseline_seed1_20260415_160724_della-adele/scores.jsonl
Writing metrics: /home/sk3686/logdir/dreamer/round2_walker_run_baseline_seed1_20260415_160724_della-adele/metrics.jsonl
Saving checkpoint: /home/sk3686/logdir/dreamer/round2_walker_run_baseline_seed1_20260415_160724_della-adele/ckpt/20260415T185308F188808
Saved checkpoint.

--------------------[Agent Step 436_928]--------------------
Metrics filtered by: 'score|length|fps|ratio|train/loss/|train/rand/'
episode/score 540.25 / episode/length 1001 / train/loss/con 0.02 / train/loss/dyn 5.04 / train/loss/height 1.1e-3 / train/loss/orientations 0.06 / train/loss/policy -0.05 / train/loss/rep 5.04 / train/loss/repval 1.05 / train/loss/rew 0.5 / train/loss/value 1.16 / train/loss/velocity 0.69 / replay/replay_ratio 1040 / fps/policy 43.56 / fps/train 4.5e4

Writing metrics: /home/sk3686/logdir/dreamer/round2_walker_run_baseline_seed1_20260415_160724_della-adele/metrics.jsonl
Writing metrics: /home/sk3686/logdir/dreamer/round2_walker_run_baseline_seed1_20260415_160724_della-adele/scores.jsonl

--------------------[Agent Step 442_176]--------------------
Metrics filtered by: 'score|length|fps|ratio|train/loss/|train/rand/'
train/loss/con 0.02 / train/loss/dyn 5.01 / train/loss/height 1.1e-3 / train/loss/orientations 0.06 / train/loss/policy -0.05 / train/loss/rep 5.01 / train/loss/repval 1.05 / train/loss/rew 0.5 / train/loss/value 1.11 / train/loss/velocity 0.69 / replay/replay_ratio 1040 / fps/policy 43.65 / fps/train 4.5e4

Writing metrics: /home/sk3686/logdir/dreamer/round2_walker_run_baseline_seed1_20260415_160724_della-adele/scores.jsonl
Writing metrics: /home/sk3686/logdir/dreamer/round2_walker_run_baseline_seed1_20260415_160724_della-adele/metrics.jsonl

--------------------[Agent Step 447_440]--------------------
Metrics filtered by: 'score|length|fps|ratio|train/loss/|train/rand/'
train/loss/con 0.02 / train/loss/dyn 4.97 / train/loss/height 1.1e-3 / train/loss/orientations 0.06 / train/loss/policy -0.05 / train/loss/rep 4.97 / train/loss/repval 1.04 / train/loss/rew 0.5 / train/loss/value 1.05 / train/loss/velocity 0.68 / replay/replay_ratio 1040 / fps/policy 43.76 / fps/train 4.5e4

Writing metrics: /home/sk3686/logdir/dreamer/round2_walker_run_baseline_seed1_20260415_160724_della-adele/scores.jsonl
Writing metrics: /home/sk3686/logdir/dreamer/round2_walker_run_baseline_seed1_20260415_160724_della-adele/metrics.jsonl

--------------------[Agent Step 452_672]--------------------
Metrics filtered by: 'score|length|fps|ratio|train/loss/|train/rand/'
episode/score 564.95 / episode/length 1001 / train/loss/con 0.02 / train/loss/dyn 4.95 / train/loss/height 1.1e-3 / train/loss/orientations 0.06 / train/loss/policy -0.05 / train/loss/rep 4.95 / train/loss/repval 1.02 / train/loss/rew 0.5 / train/loss/value 1 / train/loss/velocity 0.68 / replay/replay_ratio 1040 / fps/policy 43.59 / fps/train 4.5e4

Writing metrics: /home/sk3686/logdir/dreamer/round2_walker_run_baseline_seed1_20260415_160724_della-adele/metrics.jsonl
Writing metrics: /home/sk3686/logdir/dreamer/round2_walker_run_baseline_seed1_20260415_160724_della-adele/scores.jsonl

--------------------[Agent Step 457_920]--------------------
Metrics filtered by: 'score|length|fps|ratio|train/loss/|train/rand/'
train/loss/con 0.02 / train/loss/dyn 4.93 / train/loss/height 1e-3 / train/loss/orientations 0.06 / train/loss/policy -0.05 / train/loss/rep 4.93 / train/loss/repval 1 / train/loss/rew 0.5 / train/loss/value 0.92 / train/loss/velocity 0.67 / replay/replay_ratio 1040 / fps/policy 43.67 / fps/train 4.5e4

Writing metrics: /home/sk3686/logdir/dreamer/round2_walker_run_baseline_seed1_20260415_160724_della-adele/metrics.jsonl
Writing metrics: /home/sk3686/logdir/dreamer/round2_walker_run_baseline_seed1_20260415_160724_della-adele/scores.jsonl

--------------------[Agent Step 463_168]--------------------
Metrics filtered by: 'score|length|fps|ratio|train/loss/|train/rand/'
train/loss/con 0.02 / train/loss/dyn 4.9 / train/loss/height 1e-3 / train/loss/orientations 0.06 / train/loss/policy -0.06 / train/loss/rep 4.9 / train/loss/repval 1.02 / train/loss/rew 0.5 / train/loss/value 0.89 / train/loss/velocity 0.67 / replay/replay_ratio 1040 / fps/policy 43.7 / fps/train 4.5e4

Writing metrics: /home/sk3686/logdir/dreamer/round2_walker_run_baseline_seed1_20260415_160724_della-adele/scores.jsonl
Writing metrics: /home/sk3686/logdir/dreamer/round2_walker_run_baseline_seed1_20260415_160724_della-adele/metrics.jsonl

--------------------[Agent Step 468_400]--------------------
Metrics filtered by: 'score|length|fps|ratio|train/loss/|train/rand/'
episode/score 573.28 / episode/length 1001 / train/loss/con 0.02 / train/loss/dyn 4.88 / train/loss/height 1e-3 / train/loss/orientations 0.06 / train/loss/policy -0.04 / train/loss/rep 4.88 / train/loss/repval 1.1 / train/loss/rew 0.5 / train/loss/value 0.95 / train/loss/velocity 0.66 / replay/replay_ratio 1040 / fps/policy 43.59 / fps/train 4.5e4

Writing metrics: /home/sk3686/logdir/dreamer/round2_walker_run_baseline_seed1_20260415_160724_della-adele/metrics.jsonl
Writing metrics: /home/sk3686/logdir/dreamer/round2_walker_run_baseline_seed1_20260415_160724_della-adele/scores.jsonl
Saving checkpoint: /home/sk3686/logdir/dreamer/round2_walker_run_baseline_seed1_20260415_160724_della-adele/ckpt/20260415T190808F268206
Saved checkpoint.

--------------------[Agent Step 473_648]--------------------
Metrics filtered by: 'score|length|fps|ratio|train/loss/|train/rand/'
train/loss/con 0.02 / train/loss/dyn 4.85 / train/loss/height 9.9e-4 / train/loss/orientations 0.06 / train/loss/policy -0.04 / train/loss/rep 4.85 / train/loss/repval 1.01 / train/loss/rew 0.5 / train/loss/value 0.84 / train/loss/velocity 0.66 / replay/replay_ratio 1040 / fps/policy 43.7 / fps/train 4.5e4

Writing metrics: /home/sk3686/logdir/dreamer/round2_walker_run_baseline_seed1_20260415_160724_della-adele/scores.jsonl
Writing metrics: /home/sk3686/logdir/dreamer/round2_walker_run_baseline_seed1_20260415_160724_della-adele/metrics.jsonl

--------------------[Agent Step 478_896]--------------------
Metrics filtered by: 'score|length|fps|ratio|train/loss/|train/rand/'
train/loss/con 0.02 / train/loss/dyn 4.82 / train/loss/height 9.7e-4 / train/loss/orientations 0.06 / train/loss/policy -0.05 / train/loss/rep 4.82 / train/loss/repval 1 / train/loss/rew 0.5 / train/loss/value 0.83 / train/loss/velocity 0.65 / replay/replay_ratio 1040 / fps/policy 43.64 / fps/train 4.5e4

Writing metrics: /home/sk3686/logdir/dreamer/round2_walker_run_baseline_seed1_20260415_160724_della-adele/metrics.jsonl
Writing metrics: /home/sk3686/logdir/dreamer/round2_walker_run_baseline_seed1_20260415_160724_della-adele/scores.jsonl

--------------------[Agent Step 484_128]--------------------
Metrics filtered by: 'score|length|fps|ratio|train/loss/|train/rand/'
episode/score 616.97 / episode/length 1001 / train/loss/con 0.02 / train/loss/dyn 4.81 / train/loss/height 9.6e-4 / train/loss/orientations 0.06 / train/loss/policy -0.05 / train/loss/rep 4.81 / train/loss/repval 1.06 / train/loss/rew 0.5 / train/loss/value 0.88 / train/loss/velocity 0.65 / replay/replay_ratio 1040 / fps/policy 43.55 / fps/train 4.5e4

Writing metrics: /home/sk3686/logdir/dreamer/round2_walker_run_baseline_seed1_20260415_160724_della-adele/scores.jsonl
Writing metrics: /home/sk3686/logdir/dreamer/round2_walker_run_baseline_seed1_20260415_160724_della-adele/metrics.jsonl

--------------------[Agent Step 489_376]--------------------
Metrics filtered by: 'score|length|fps|ratio|train/loss/|train/rand/'
train/loss/con 0.02 / train/loss/dyn 4.8 / train/loss/height 9.5e-4 / train/loss/orientations 0.06 / train/loss/policy -0.04 / train/loss/rep 4.8 / train/loss/repval 1.07 / train/loss/rew 0.5 / train/loss/value 0.91 / train/loss/velocity 0.65 / replay/replay_ratio 1040 / fps/policy 43.65 / fps/train 4.5e4

Writing metrics: /home/sk3686/logdir/dreamer/round2_walker_run_baseline_seed1_20260415_160724_della-adele/scores.jsonl
Writing metrics: /home/sk3686/logdir/dreamer/round2_walker_run_baseline_seed1_20260415_160724_della-adele/metrics.jsonl

--------------------[Agent Step 494_640]--------------------
Metrics filtered by: 'score|length|fps|ratio|train/loss/|train/rand/'
train/loss/con 0.02 / train/loss/dyn 4.78 / train/loss/height 9.4e-4 / train/loss/orientations 0.05 / train/loss/policy -0.04 / train/loss/rep 4.78 / train/loss/repval 1.05 / train/loss/rew 0.5 / train/loss/value 0.87 / train/loss/velocity 0.64 / replay/replay_ratio 1040 / fps/policy 43.78 / fps/train 4.5e4

Writing metrics: /home/sk3686/logdir/dreamer/round2_walker_run_baseline_seed1_20260415_160724_della-adele/scores.jsonl
Writing metrics: /home/sk3686/logdir/dreamer/round2_walker_run_baseline_seed1_20260415_160724_della-adele/metrics.jsonl

--------------------[Agent Step 499_888]--------------------
Metrics filtered by: 'score|length|fps|ratio|train/loss/|train/rand/'
episode/score 608.27 / episode/length 1001 / train/loss/con 0.02 / train/loss/dyn 4.75 / train/loss/height 9.3e-4 / train/loss/orientations 0.05 / train/loss/policy -0.04 / train/loss/rep 4.75 / train/loss/repval 1.06 / train/loss/rew 0.5 / train/loss/value 0.88 / train/loss/velocity 0.64 / replay/replay_ratio 1040 / fps/policy 43.64 / fps/train 4.5e4

Writing metrics: /home/sk3686/logdir/dreamer/round2_walker_run_baseline_seed1_20260415_160724_della-adele/metrics.jsonl
Writing metrics: /home/sk3686/logdir/dreamer/round2_walker_run_baseline_seed1_20260415_160724_della-adele/scores.jsonl
