/home/sk3686/hazan/stu-dreamer-jax/.venv/lib/python3.13/site-packages/optax/_src/linear_algebra.py:44: DeprecationWarning: optax.global_norm is deprecated in favor of optax.tree.norm
  warnings.warn(
/home/sk3686/hazan/stu-dreamer-jax/.venv/lib/python3.13/site-packages/optax/_src/linear_algebra.py:44: DeprecationWarning: optax.global_norm is deprecated in favor of optax.tree.norm
  warnings.warn(
2026-04-14 21:36:20.311876: E external/xla/xla/python/profiler/internal/python_hooks.cc:412] Can't import tensorflow.python.profiler.trace
2026-04-14 21:36:21.017442: E external/xla/xla/python/profiler/internal/python_hooks.cc:412] Can't import tensorflow.python.profiler.trace
---  ___                           __   ______ ---
--- |   \ _ _ ___ __ _ _ __  ___ _ \ \ / /__ / ---
--- | |) | '_/ -_) _` | '  \/ -_) '/\ V / |_ \ ---
--- |___/|_| \___\__,_|_|_|_\___|_|  \_/ |___/ ---
Replica: 0 / 1
Logdir: /home/sk3686/logdir/dreamer/loginnode_hopper_hop_baseline_20260414_213513_della-mol
Run script: train
Observations
  reward           Space(float32, shape=(), low=-inf, high=inf)
  is_first         Space(bool, shape=(), low=False, high=True)
  is_last          Space(bool, shape=(), low=False, high=True)
  is_terminal      Space(bool, shape=(), low=False, high=True)
  position         Space(float32, shape=(6,), low=-inf, high=inf)
  velocity         Space(float32, shape=(7,), low=-inf, high=inf)
  touch            Space(float32, shape=(2,), low=-inf, high=inf)
Actions
  action           Space(float32, shape=(4,), low=-1.0, high=1.0)
Extras
  consec           Space(int32, shape=(), low=-2147483648, high=2147483647)
  stepid           Space(uint8, shape=(20,), low=0, high=255)
  dyn/deter        Space(float32, shape=(512,), low=-inf, high=inf)
  dyn/stoch        Space(float32, shape=(32, 4), low=-inf, high=inf)
JAX devices (1): [cuda:0]
Policy devices: cuda:0
Train devices:  cuda:0
Initializing parameters...
Optimizer opt has 639,318 params:
       364,288 dyn
        66,111 val
        57,663 rew
        50,511 dec
        50,056 pol
        41,153 con
         9,536 enc
Done initializing!
Compiling 1 checkpoint groups...
Largest checkpoint group: 0 GB
Compiling train and report...
Train cost analysis:
No available
Report cost analysis:
No available
Done compiling!
Did not find any checkpoint.
Saving checkpoint: /home/sk3686/logdir/dreamer/loginnode_hopper_hop_baseline_20260414_213513_della-mol/ckpt/20260414T213607F527007
Saved checkpoint.
Start training loop
Start JAX profiler: /home/sk3686/logdir/dreamer/loginnode_hopper_hop_baseline_20260414_213513_della-mol
Stop JAX profiler

--------------------[Agent Step 6_032]--------------------
Metrics filtered by: 'score|length|fps|ratio|train/loss/|train/rand/'
train/loss/con 0.05 / train/loss/dyn 3.71 / train/loss/policy 5.7e-3 / train/loss/position 0.59 / train/loss/rep 3.71 / train/loss/repval 3.3 / train/loss/rew 1.23 / train/loss/touch 0.4 / train/loss/value 2.3 / train/loss/velocity 1.88 / replay/replay_ratio 827.76 / fps/policy 48.1 / fps/train 3.3e4

Writing metrics: /home/sk3686/logdir/dreamer/loginnode_hopper_hop_baseline_20260414_213513_della-mol/metrics.jsonl
Writing metrics: /home/sk3686/logdir/dreamer/loginnode_hopper_hop_baseline_20260414_213513_della-mol/scores.jsonl

--------------------[Agent Step 10_224]--------------------
Metrics filtered by: 'score|length|fps|ratio|train/loss/|train/rand/'
train/loss/con 0.02 / train/loss/dyn 3.21 / train/loss/policy 2.5e-5 / train/loss/position 0.08 / train/loss/rep 3.21 / train/loss/repval 1.16 / train/loss/rew 0.01 / train/loss/touch 0.12 / train/loss/value 1.13 / train/loss/velocity 0.45 / replay/replay_ratio 1040 / fps/policy 34.99 / fps/train 3.6e4

Writing metrics: /home/sk3686/logdir/dreamer/loginnode_hopper_hop_baseline_20260414_213513_della-mol/metrics.jsonl
Writing metrics: /home/sk3686/logdir/dreamer/loginnode_hopper_hop_baseline_20260414_213513_della-mol/scores.jsonl

--------------------[Agent Step 14_560]--------------------
Metrics filtered by: 'score|length|fps|ratio|train/loss/|train/rand/'
train/loss/con 0.02 / train/loss/dyn 3.13 / train/loss/policy 7.2e-3 / train/loss/position 0.07 / train/loss/rep 3.13 / train/loss/repval 1.25 / train/loss/rew 2.8e-3 / train/loss/touch 0.11 / train/loss/value 1.2 / train/loss/velocity 0.37 / replay/replay_ratio 1040 / fps/policy 36.03 / fps/train 3.7e4

Writing metrics: /home/sk3686/logdir/dreamer/loginnode_hopper_hop_baseline_20260414_213513_della-mol/scores.jsonl
Writing metrics: /home/sk3686/logdir/dreamer/loginnode_hopper_hop_baseline_20260414_213513_della-mol/metrics.jsonl

--------------------[Agent Step 18_784]--------------------
Metrics filtered by: 'score|length|fps|ratio|train/loss/|train/rand/'
episode/score 0 / episode/length 1001 / train/loss/con 0.02 / train/loss/dyn 3.24 / train/loss/policy 1.2e-3 / train/loss/position 0.08 / train/loss/rep 3.24 / train/loss/repval 0.71 / train/loss/rew 1.1e-3 / train/loss/touch 0.09 / train/loss/value 0.63 / train/loss/velocity 0.43 / replay/replay_ratio 1040 / fps/policy 35.21 / fps/train 3.6e4

Writing metrics: /home/sk3686/logdir/dreamer/loginnode_hopper_hop_baseline_20260414_213513_della-mol/metrics.jsonl
Writing metrics: /home/sk3686/logdir/dreamer/loginnode_hopper_hop_baseline_20260414_213513_della-mol/scores.jsonl

--------------------[Agent Step 23_120]--------------------
Metrics filtered by: 'score|length|fps|ratio|train/loss/|train/rand/'
train/loss/con 0.02 / train/loss/dyn 3.18 / train/loss/policy 0.02 / train/loss/position 0.08 / train/loss/rep 3.18 / train/loss/repval 1.17 / train/loss/rew 5.7e-4 / train/loss/touch 0.07 / train/loss/value 1.04 / train/loss/velocity 0.43 / replay/replay_ratio 1040 / fps/policy 36.02 / fps/train 3.7e4

Writing metrics: /home/sk3686/logdir/dreamer/loginnode_hopper_hop_baseline_20260414_213513_della-mol/metrics.jsonl
Writing metrics: /home/sk3686/logdir/dreamer/loginnode_hopper_hop_baseline_20260414_213513_della-mol/scores.jsonl

--------------------[Agent Step 27_296]--------------------
Metrics filtered by: 'score|length|fps|ratio|train/loss/|train/rand/'
train/loss/con 0.02 / train/loss/dyn 3.24 / train/loss/policy -9.4e-3 / train/loss/position 0.07 / train/loss/rep 3.24 / train/loss/repval 1.02 / train/loss/rew 4.2e-4 / train/loss/touch 0.06 / train/loss/value 0.95 / train/loss/velocity 0.44 / replay/replay_ratio 1040 / fps/policy 34.71 / fps/train 3.6e4

Writing metrics: /home/sk3686/logdir/dreamer/loginnode_hopper_hop_baseline_20260414_213513_della-mol/scores.jsonl
Writing metrics: /home/sk3686/logdir/dreamer/loginnode_hopper_hop_baseline_20260414_213513_della-mol/metrics.jsonl

--------------------[Agent Step 31_520]--------------------
Metrics filtered by: 'score|length|fps|ratio|train/loss/|train/rand/'
train/loss/con 0.02 / train/loss/dyn 3.04 / train/loss/policy -5.9e-3 / train/loss/position 0.06 / train/loss/rep 3.04 / train/loss/repval 1.18 / train/loss/rew 2.7e-4 / train/loss/touch 0.06 / train/loss/value 1.16 / train/loss/velocity 0.39 / replay/replay_ratio 1040 / fps/policy 35.14 / fps/train 3.6e4

Writing metrics: /home/sk3686/logdir/dreamer/loginnode_hopper_hop_baseline_20260414_213513_della-mol/metrics.jsonl
Writing metrics: /home/sk3686/logdir/dreamer/loginnode_hopper_hop_baseline_20260414_213513_della-mol/scores.jsonl
Saving checkpoint: /home/sk3686/logdir/dreamer/loginnode_hopper_hop_baseline_20260414_213513_della-mol/ckpt/20260414T215111F218783
Saved checkpoint.

--------------------[Agent Step 35_856]--------------------
Metrics filtered by: 'score|length|fps|ratio|train/loss/|train/rand/'
episode/score 1.1e-3 / episode/length 1001 / train/loss/con 0.02 / train/loss/dyn 2.98 / train/loss/policy 0.02 / train/loss/position 0.06 / train/loss/rep 2.98 / train/loss/repval 1.01 / train/loss/rew 2.3e-4 / train/loss/touch 0.05 / train/loss/value 0.95 / train/loss/velocity 0.37 / replay/replay_ratio 1040 / fps/policy 36.08 / fps/train 3.7e4

Writing metrics: /home/sk3686/logdir/dreamer/loginnode_hopper_hop_baseline_20260414_213513_della-mol/metrics.jsonl
Writing metrics: /home/sk3686/logdir/dreamer/loginnode_hopper_hop_baseline_20260414_213513_della-mol/scores.jsonl

--------------------[Agent Step 40_192]--------------------
Metrics filtered by: 'score|length|fps|ratio|train/loss/|train/rand/'
train/loss/con 0.02 / train/loss/dyn 3.04 / train/loss/policy -3.4e-3 / train/loss/position 0.05 / train/loss/rep 3.04 / train/loss/repval 1.1 / train/loss/rew 1.9e-4 / train/loss/touch 0.05 / train/loss/value 1 / train/loss/velocity 0.36 / replay/replay_ratio 1040 / fps/policy 36.05 / fps/train 3.7e4

Writing metrics: /home/sk3686/logdir/dreamer/loginnode_hopper_hop_baseline_20260414_213513_della-mol/scores.jsonl
Writing metrics: /home/sk3686/logdir/dreamer/loginnode_hopper_hop_baseline_20260414_213513_della-mol/metrics.jsonl

--------------------[Agent Step 44_528]--------------------
Metrics filtered by: 'score|length|fps|ratio|train/loss/|train/rand/'
train/loss/con 0.02 / train/loss/dyn 3.07 / train/loss/policy 2.9e-3 / train/loss/position 0.05 / train/loss/rep 3.07 / train/loss/repval 1.15 / train/loss/rew 1.3e-4 / train/loss/touch 0.05 / train/loss/value 1.09 / train/loss/velocity 0.37 / replay/replay_ratio 1040 / fps/policy 36.09 / fps/train 3.7e4

Writing metrics: /home/sk3686/logdir/dreamer/loginnode_hopper_hop_baseline_20260414_213513_della-mol/metrics.jsonl
Writing metrics: /home/sk3686/logdir/dreamer/loginnode_hopper_hop_baseline_20260414_213513_della-mol/scores.jsonl

--------------------[Agent Step 48_864]--------------------
Metrics filtered by: 'score|length|fps|ratio|train/loss/|train/rand/'
episode/score 0 / episode/length 1001 / train/loss/con 0.02 / train/loss/dyn 3.05 / train/loss/policy 5.6e-3 / train/loss/position 0.04 / train/loss/rep 3.05 / train/loss/repval 1.13 / train/loss/rew 1.6e-4 / train/loss/touch 0.05 / train/loss/value 1.05 / train/loss/velocity 0.35 / replay/replay_ratio 1040 / fps/policy 36.12 / fps/train 3.7e4

Writing metrics: /home/sk3686/logdir/dreamer/loginnode_hopper_hop_baseline_20260414_213513_della-mol/scores.jsonl
Writing metrics: /home/sk3686/logdir/dreamer/loginnode_hopper_hop_baseline_20260414_213513_della-mol/metrics.jsonl

--------------------[Agent Step 53_168]--------------------
Metrics filtered by: 'score|length|fps|ratio|train/loss/|train/rand/'
train/loss/con 0.02 / train/loss/dyn 2.97 / train/loss/policy -8.5e-3 / train/loss/position 0.04 / train/loss/rep 2.97 / train/loss/repval 1.11 / train/loss/rew 2.1e-4 / train/loss/touch 0.05 / train/loss/value 1.07 / train/loss/velocity 0.34 / replay/replay_ratio 1040 / fps/policy 35.76 / fps/train 3.7e4

Writing metrics: /home/sk3686/logdir/dreamer/loginnode_hopper_hop_baseline_20260414_213513_della-mol/metrics.jsonl
Writing metrics: /home/sk3686/logdir/dreamer/loginnode_hopper_hop_baseline_20260414_213513_della-mol/scores.jsonl

--------------------[Agent Step 57_408]--------------------
Metrics filtered by: 'score|length|fps|ratio|train/loss/|train/rand/'
train/loss/con 0.02 / train/loss/dyn 2.95 / train/loss/policy -3.2e-4 / train/loss/position 0.04 / train/loss/rep 2.95 / train/loss/repval 1.18 / train/loss/rew 1.7e-4 / train/loss/touch 0.05 / train/loss/value 1.17 / train/loss/velocity 0.33 / replay/replay_ratio 1040 / fps/policy 35.3 / fps/train 3.6e4

Writing metrics: /home/sk3686/logdir/dreamer/loginnode_hopper_hop_baseline_20260414_213513_della-mol/scores.jsonl
Writing metrics: /home/sk3686/logdir/dreamer/loginnode_hopper_hop_baseline_20260414_213513_della-mol/metrics.jsonl

--------------------[Agent Step 61_616]--------------------
Metrics filtered by: 'score|length|fps|ratio|train/loss/|train/rand/'
train/loss/con 0.02 / train/loss/dyn 2.96 / train/loss/policy -2.5e-3 / train/loss/position 0.04 / train/loss/rep 2.96 / train/loss/repval 0.89 / train/loss/rew 1.3e-4 / train/loss/touch 0.05 / train/loss/value 0.89 / train/loss/velocity 0.32 / replay/replay_ratio 1040 / fps/policy 35.04 / fps/train 3.6e4

Writing metrics: /home/sk3686/logdir/dreamer/loginnode_hopper_hop_baseline_20260414_213513_della-mol/metrics.jsonl
Writing metrics: /home/sk3686/logdir/dreamer/loginnode_hopper_hop_baseline_20260414_213513_della-mol/scores.jsonl
Saving checkpoint: /home/sk3686/logdir/dreamer/loginnode_hopper_hop_baseline_20260414_213513_della-mol/ckpt/20260414T220611F590436
Saved checkpoint.

--------------------[Agent Step 65_888]--------------------
Metrics filtered by: 'score|length|fps|ratio|train/loss/|train/rand/'
episode/score 0 / episode/length 1001 / train/loss/con 0.02 / train/loss/dyn 2.89 / train/loss/policy -1.8e-3 / train/loss/position 0.03 / train/loss/rep 2.89 / train/loss/repval 0.51 / train/loss/rew 2.6e-4 / train/loss/touch 0.05 / train/loss/value 0.51 / train/loss/velocity 0.31 / replay/replay_ratio 1040 / fps/policy 35.48 / fps/train 3.6e4

Writing metrics: /home/sk3686/logdir/dreamer/loginnode_hopper_hop_baseline_20260414_213513_della-mol/metrics.jsonl
Writing metrics: /home/sk3686/logdir/dreamer/loginnode_hopper_hop_baseline_20260414_213513_della-mol/scores.jsonl

--------------------[Agent Step 70_128]--------------------
Metrics filtered by: 'score|length|fps|ratio|train/loss/|train/rand/'
train/loss/con 0.02 / train/loss/dyn 2.86 / train/loss/policy 3.7e-3 / train/loss/position 0.03 / train/loss/rep 2.86 / train/loss/repval 0.5 / train/loss/rew 3.5e-4 / train/loss/touch 0.05 / train/loss/value 0.49 / train/loss/velocity 0.31 / replay/replay_ratio 1040 / fps/policy 35.33 / fps/train 3.6e4

Writing metrics: /home/sk3686/logdir/dreamer/loginnode_hopper_hop_baseline_20260414_213513_della-mol/metrics.jsonl
Writing metrics: /home/sk3686/logdir/dreamer/loginnode_hopper_hop_baseline_20260414_213513_della-mol/scores.jsonl

--------------------[Agent Step 74_320]--------------------
Metrics filtered by: 'score|length|fps|ratio|train/loss/|train/rand/'
train/loss/con 0.02 / train/loss/dyn 2.85 / train/loss/policy 4.4e-3 / train/loss/position 0.03 / train/loss/rep 2.85 / train/loss/repval 1.24 / train/loss/rew 3.6e-4 / train/loss/touch 0.05 / train/loss/value 1.21 / train/loss/velocity 0.3 / replay/replay_ratio 1040 / fps/policy 34.82 / fps/train 3.6e4

Writing metrics: /home/sk3686/logdir/dreamer/loginnode_hopper_hop_baseline_20260414_213513_della-mol/scores.jsonl
Writing metrics: /home/sk3686/logdir/dreamer/loginnode_hopper_hop_baseline_20260414_213513_della-mol/metrics.jsonl

--------------------[Agent Step 78_576]--------------------
Metrics filtered by: 'score|length|fps|ratio|train/loss/|train/rand/'
train/loss/con 0.02 / train/loss/dyn 2.86 / train/loss/policy -5e-3 / train/loss/position 0.03 / train/loss/rep 2.86 / train/loss/repval 1.18 / train/loss/rew 2.7e-4 / train/loss/touch 0.05 / train/loss/value 1.16 / train/loss/velocity 0.3 / replay/replay_ratio 1040 / fps/policy 35.33 / fps/train 3.6e4

Writing metrics: /home/sk3686/logdir/dreamer/loginnode_hopper_hop_baseline_20260414_213513_della-mol/scores.jsonl
Writing metrics: /home/sk3686/logdir/dreamer/loginnode_hopper_hop_baseline_20260414_213513_della-mol/metrics.jsonl

--------------------[Agent Step 82_720]--------------------
Metrics filtered by: 'score|length|fps|ratio|train/loss/|train/rand/'
episode/score 1.43 / episode/length 1001 / train/loss/con 0.02 / train/loss/dyn 2.82 / train/loss/policy -2.8e-3 / train/loss/position 0.03 / train/loss/rep 2.82 / train/loss/repval 0.81 / train/loss/rew 3.3e-4 / train/loss/touch 0.05 / train/loss/value 0.81 / train/loss/velocity 0.3 / replay/replay_ratio 1040 / fps/policy 34.51 / fps/train 3.5e4

Writing metrics: /home/sk3686/logdir/dreamer/loginnode_hopper_hop_baseline_20260414_213513_della-mol/metrics.jsonl
Writing metrics: /home/sk3686/logdir/dreamer/loginnode_hopper_hop_baseline_20260414_213513_della-mol/scores.jsonl

--------------------[Agent Step 87_024]--------------------
Metrics filtered by: 'score|length|fps|ratio|train/loss/|train/rand/'
train/loss/con 0.02 / train/loss/dyn 2.79 / train/loss/policy -2e-3 / train/loss/position 0.03 / train/loss/rep 2.79 / train/loss/repval 0.4 / train/loss/rew 2.8e-4 / train/loss/touch 0.05 / train/loss/value 0.4 / train/loss/velocity 0.29 / replay/replay_ratio 1040 / fps/policy 35.81 / fps/train 3.7e4

Writing metrics: /home/sk3686/logdir/dreamer/loginnode_hopper_hop_baseline_20260414_213513_della-mol/metrics.jsonl
Writing metrics: /home/sk3686/logdir/dreamer/loginnode_hopper_hop_baseline_20260414_213513_della-mol/scores.jsonl

--------------------[Agent Step 91_360]--------------------
Metrics filtered by: 'score|length|fps|ratio|train/loss/|train/rand/'
train/loss/con 0.02 / train/loss/dyn 2.75 / train/loss/policy -1.6e-3 / train/loss/position 0.02 / train/loss/rep 2.75 / train/loss/repval 0.23 / train/loss/rew 2.7e-4 / train/loss/touch 0.05 / train/loss/value 0.24 / train/loss/velocity 0.29 / replay/replay_ratio 1040 / fps/policy 36.02 / fps/train 3.7e4

Writing metrics: /home/sk3686/logdir/dreamer/loginnode_hopper_hop_baseline_20260414_213513_della-mol/scores.jsonl
Writing metrics: /home/sk3686/logdir/dreamer/loginnode_hopper_hop_baseline_20260414_213513_della-mol/metrics.jsonl

--------------------[Agent Step 95_680]--------------------
Metrics filtered by: 'score|length|fps|ratio|train/loss/|train/rand/'
train/loss/con 0.02 / train/loss/dyn 2.73 / train/loss/policy -5.7e-4 / train/loss/position 0.02 / train/loss/rep 2.73 / train/loss/repval 0.31 / train/loss/rew 2.9e-4 / train/loss/touch 0.05 / train/loss/value 0.31 / train/loss/velocity 0.28 / replay/replay_ratio 1040 / fps/policy 35.97 / fps/train 3.7e4

Writing metrics: /home/sk3686/logdir/dreamer/loginnode_hopper_hop_baseline_20260414_213513_della-mol/scores.jsonl
Writing metrics: /home/sk3686/logdir/dreamer/loginnode_hopper_hop_baseline_20260414_213513_della-mol/metrics.jsonl
Saving checkpoint: /home/sk3686/logdir/dreamer/loginnode_hopper_hop_baseline_20260414_213513_della-mol/ckpt/20260414T222111F662302
Saved checkpoint.

--------------------[Agent Step 100_000]--------------------
Metrics filtered by: 'score|length|fps|ratio|train/loss/|train/rand/'
episode/score 0.02 / episode/length 1001 / train/loss/con 0.02 / train/loss/dyn 2.72 / train/loss/policy -7.4e-4 / train/loss/position 0.02 / train/loss/rep 2.72 / train/loss/repval 0.42 / train/loss/rew 3.9e-4 / train/loss/touch 0.04 / train/loss/value 0.41 / train/loss/velocity 0.28 / replay/replay_ratio 1040 / fps/policy 35.91 / fps/train 3.7e4

Writing metrics: /home/sk3686/logdir/dreamer/loginnode_hopper_hop_baseline_20260414_213513_della-mol/metrics.jsonl
Writing metrics: /home/sk3686/logdir/dreamer/loginnode_hopper_hop_baseline_20260414_213513_della-mol/scores.jsonl

--------------------[Agent Step 104_160]--------------------
Metrics filtered by: 'score|length|fps|ratio|train/loss/|train/rand/'
train/loss/con 0.02 / train/loss/dyn 2.7 / train/loss/policy 2.2e-4 / train/loss/position 0.02 / train/loss/rep 2.7 / train/loss/repval 0.61 / train/loss/rew 3.8e-4 / train/loss/touch 0.04 / train/loss/value 0.61 / train/loss/velocity 0.28 / replay/replay_ratio 1040 / fps/policy 34.57 / fps/train 3.5e4

Writing metrics: /home/sk3686/logdir/dreamer/loginnode_hopper_hop_baseline_20260414_213513_della-mol/metrics.jsonl
Writing metrics: /home/sk3686/logdir/dreamer/loginnode_hopper_hop_baseline_20260414_213513_della-mol/scores.jsonl

--------------------[Agent Step 108_400]--------------------
Metrics filtered by: 'score|length|fps|ratio|train/loss/|train/rand/'
train/loss/con 0.02 / train/loss/dyn 2.68 / train/loss/policy 1e-3 / train/loss/position 0.02 / train/loss/rep 2.68 / train/loss/repval 0.57 / train/loss/rew 3.4e-4 / train/loss/touch 0.04 / train/loss/value 0.54 / train/loss/velocity 0.27 / replay/replay_ratio 1040 / fps/policy 35.32 / fps/train 3.6e4

Writing metrics: /home/sk3686/logdir/dreamer/loginnode_hopper_hop_baseline_20260414_213513_della-mol/metrics.jsonl
Writing metrics: /home/sk3686/logdir/dreamer/loginnode_hopper_hop_baseline_20260414_213513_della-mol/scores.jsonl

--------------------[Agent Step 112_704]--------------------
Metrics filtered by: 'score|length|fps|ratio|train/loss/|train/rand/'
episode/score 0 / episode/length 1001 / train/loss/con 0.02 / train/loss/dyn 2.66 / train/loss/policy -3.9e-4 / train/loss/position 0.02 / train/loss/rep 2.66 / train/loss/repval 1.03 / train/loss/rew 3.7e-4 / train/loss/touch 0.05 / train/loss/value 1.01 / train/loss/velocity 0.27 / replay/replay_ratio 1040 / fps/policy 35.84 / fps/train 3.7e4

Writing metrics: /home/sk3686/logdir/dreamer/loginnode_hopper_hop_baseline_20260414_213513_della-mol/scores.jsonl
Writing metrics: /home/sk3686/logdir/dreamer/loginnode_hopper_hop_baseline_20260414_213513_della-mol/metrics.jsonl

--------------------[Agent Step 116_896]--------------------
Metrics filtered by: 'score|length|fps|ratio|train/loss/|train/rand/'
train/loss/con 0.02 / train/loss/dyn 2.68 / train/loss/policy -5.3e-4 / train/loss/position 0.02 / train/loss/rep 2.68 / train/loss/repval 1.14 / train/loss/rew 3.5e-4 / train/loss/touch 0.05 / train/loss/value 1.13 / train/loss/velocity 0.27 / replay/replay_ratio 1040 / fps/policy 34.88 / fps/train 3.6e4

Writing metrics: /home/sk3686/logdir/dreamer/loginnode_hopper_hop_baseline_20260414_213513_della-mol/metrics.jsonl
Writing metrics: /home/sk3686/logdir/dreamer/loginnode_hopper_hop_baseline_20260414_213513_della-mol/scores.jsonl

--------------------[Agent Step 121_232]--------------------
Metrics filtered by: 'score|length|fps|ratio|train/loss/|train/rand/'
train/loss/con 0.02 / train/loss/dyn 2.67 / train/loss/policy -1.6e-3 / train/loss/position 0.02 / train/loss/rep 2.67 / train/loss/repval 1.07 / train/loss/rew 4.3e-4 / train/loss/touch 0.05 / train/loss/value 1.07 / train/loss/velocity 0.27 / replay/replay_ratio 1040 / fps/policy 36.03 / fps/train 3.7e4

Writing metrics: /home/sk3686/logdir/dreamer/loginnode_hopper_hop_baseline_20260414_213513_della-mol/metrics.jsonl
Writing metrics: /home/sk3686/logdir/dreamer/loginnode_hopper_hop_baseline_20260414_213513_della-mol/scores.jsonl

--------------------[Agent Step 125_392]--------------------
Metrics filtered by: 'score|length|fps|ratio|train/loss/|train/rand/'
train/loss/con 0.02 / train/loss/dyn 2.65 / train/loss/policy -2.4e-3 / train/loss/position 0.02 / train/loss/rep 2.65 / train/loss/repval 0.68 / train/loss/rew 3.5e-4 / train/loss/touch 0.04 / train/loss/value 0.68 / train/loss/velocity 0.26 / replay/replay_ratio 1040 / fps/policy 34.61 / fps/train 3.5e4

Writing metrics: /home/sk3686/logdir/dreamer/loginnode_hopper_hop_baseline_20260414_213513_della-mol/metrics.jsonl
Writing metrics: /home/sk3686/logdir/dreamer/loginnode_hopper_hop_baseline_20260414_213513_della-mol/scores.jsonl
Saving checkpoint: /home/sk3686/logdir/dreamer/loginnode_hopper_hop_baseline_20260414_213513_della-mol/ckpt/20260414T223612F060565
Saved checkpoint.

--------------------[Agent Step 129_680]--------------------
Metrics filtered by: 'score|length|fps|ratio|train/loss/|train/rand/'
episode/score 0 / episode/length 1001 / train/loss/con 0.02 / train/loss/dyn 2.62 / train/loss/policy -1.6e-3 / train/loss/position 0.02 / train/loss/rep 2.62 / train/loss/repval 0.38 / train/loss/rew 3.1e-4 / train/loss/touch 0.04 / train/loss/value 0.38 / train/loss/velocity 0.26 / replay/replay_ratio 1040 / fps/policy 35.72 / fps/train 3.7e4

Writing metrics: /home/sk3686/logdir/dreamer/loginnode_hopper_hop_baseline_20260414_213513_della-mol/metrics.jsonl
Writing metrics: /home/sk3686/logdir/dreamer/loginnode_hopper_hop_baseline_20260414_213513_della-mol/scores.jsonl

--------------------[Agent Step 133_904]--------------------
Metrics filtered by: 'score|length|fps|ratio|train/loss/|train/rand/'
train/loss/con 0.02 / train/loss/dyn 2.61 / train/loss/policy -1.7e-3 / train/loss/position 0.02 / train/loss/rep 2.61 / train/loss/repval 0.27 / train/loss/rew 2.9e-4 / train/loss/touch 0.04 / train/loss/value 0.28 / train/loss/velocity 0.26 / replay/replay_ratio 1040 / fps/policy 35.18 / fps/train 3.6e4

Writing metrics: /home/sk3686/logdir/dreamer/loginnode_hopper_hop_baseline_20260414_213513_della-mol/metrics.jsonl
Writing metrics: /home/sk3686/logdir/dreamer/loginnode_hopper_hop_baseline_20260414_213513_della-mol/scores.jsonl

--------------------[Agent Step 138_240]--------------------
Metrics filtered by: 'score|length|fps|ratio|train/loss/|train/rand/'
train/loss/con 0.02 / train/loss/dyn 2.59 / train/loss/policy -1.5e-3 / train/loss/position 0.02 / train/loss/rep 2.59 / train/loss/repval 0.17 / train/loss/rew 2.9e-4 / train/loss/touch 0.04 / train/loss/value 0.17 / train/loss/velocity 0.25 / replay/replay_ratio 1040 / fps/policy 36.09 / fps/train 3.7e4

Writing metrics: /home/sk3686/logdir/dreamer/loginnode_hopper_hop_baseline_20260414_213513_della-mol/metrics.jsonl
Writing metrics: /home/sk3686/logdir/dreamer/loginnode_hopper_hop_baseline_20260414_213513_della-mol/scores.jsonl

--------------------[Agent Step 142_560]--------------------
Metrics filtered by: 'score|length|fps|ratio|train/loss/|train/rand/'
train/loss/con 0.02 / train/loss/dyn 2.57 / train/loss/policy -1.2e-3 / train/loss/position 0.02 / train/loss/rep 2.57 / train/loss/repval 0.31 / train/loss/rew 3e-4 / train/loss/touch 0.04 / train/loss/value 0.31 / train/loss/velocity 0.25 / replay/replay_ratio 1040 / fps/policy 35.87 / fps/train 3.7e4

Writing metrics: /home/sk3686/logdir/dreamer/loginnode_hopper_hop_baseline_20260414_213513_della-mol/metrics.jsonl
Writing metrics: /home/sk3686/logdir/dreamer/loginnode_hopper_hop_baseline_20260414_213513_della-mol/scores.jsonl

--------------------[Agent Step 146_864]--------------------
Metrics filtered by: 'score|length|fps|ratio|train/loss/|train/rand/'
episode/score 0 / episode/length 1001 / train/loss/con 0.02 / train/loss/dyn 2.58 / train/loss/policy -8.9e-4 / train/loss/position 0.02 / train/loss/rep 2.58 / train/loss/repval 0.47 / train/loss/rew 3.1e-4 / train/loss/touch 0.04 / train/loss/value 0.48 / train/loss/velocity 0.25 / replay/replay_ratio 1040 / fps/policy 35.81 / fps/train 3.7e4

Writing metrics: /home/sk3686/logdir/dreamer/loginnode_hopper_hop_baseline_20260414_213513_della-mol/scores.jsonl
Writing metrics: /home/sk3686/logdir/dreamer/loginnode_hopper_hop_baseline_20260414_213513_della-mol/metrics.jsonl

--------------------[Agent Step 151_152]--------------------
Metrics filtered by: 'score|length|fps|ratio|train/loss/|train/rand/'
train/loss/con 0.02 / train/loss/dyn 2.58 / train/loss/policy -1.2e-3 / train/loss/position 0.02 / train/loss/rep 2.58 / train/loss/repval 0.52 / train/loss/rew 3.3e-4 / train/loss/touch 0.04 / train/loss/value 0.52 / train/loss/velocity 0.25 / replay/replay_ratio 1040 / fps/policy 35.65 / fps/train 3.7e4

Writing metrics: /home/sk3686/logdir/dreamer/loginnode_hopper_hop_baseline_20260414_213513_della-mol/metrics.jsonl
Writing metrics: /home/sk3686/logdir/dreamer/loginnode_hopper_hop_baseline_20260414_213513_della-mol/scores.jsonl

--------------------[Agent Step 155_472]--------------------
Metrics filtered by: 'score|length|fps|ratio|train/loss/|train/rand/'
train/loss/con 0.02 / train/loss/dyn 2.58 / train/loss/policy -9e-4 / train/loss/position 0.02 / train/loss/rep 2.58 / train/loss/repval 0.5 / train/loss/rew 3.4e-4 / train/loss/touch 0.04 / train/loss/value 0.51 / train/loss/velocity 0.24 / replay/replay_ratio 1040 / fps/policy 35.94 / fps/train 3.7e4

Writing metrics: /home/sk3686/logdir/dreamer/loginnode_hopper_hop_baseline_20260414_213513_della-mol/scores.jsonl
Writing metrics: /home/sk3686/logdir/dreamer/loginnode_hopper_hop_baseline_20260414_213513_della-mol/metrics.jsonl

--------------------[Agent Step 159_792]--------------------
Metrics filtered by: 'score|length|fps|ratio|train/loss/|train/rand/'
train/loss/con 0.02 / train/loss/dyn 2.57 / train/loss/policy -1e-4 / train/loss/position 0.02 / train/loss/rep 2.57 / train/loss/repval 0.6 / train/loss/rew 3e-4 / train/loss/touch 0.04 / train/loss/value 0.59 / train/loss/velocity 0.24 / replay/replay_ratio 1040 / fps/policy 35.94 / fps/train 3.7e4

Writing metrics: /home/sk3686/logdir/dreamer/loginnode_hopper_hop_baseline_20260414_213513_della-mol/scores.jsonl
Writing metrics: /home/sk3686/logdir/dreamer/loginnode_hopper_hop_baseline_20260414_213513_della-mol/metrics.jsonl
Saving checkpoint: /home/sk3686/logdir/dreamer/loginnode_hopper_hop_baseline_20260414_213513_della-mol/ckpt/20260414T225112F250627
Saved checkpoint.

--------------------[Agent Step 164_112]--------------------
Metrics filtered by: 'score|length|fps|ratio|train/loss/|train/rand/'
episode/score 0 / episode/length 1001 / train/loss/con 0.02 / train/loss/dyn 2.57 / train/loss/policy 3.6e-4 / train/loss/position 0.01 / train/loss/rep 2.57 / train/loss/repval 0.58 / train/loss/rew 3.5e-4 / train/loss/touch 0.04 / train/loss/value 0.56 / train/loss/velocity 0.24 / replay/replay_ratio 1040 / fps/policy 36 / fps/train 3.7e4

Writing metrics: /home/sk3686/logdir/dreamer/loginnode_hopper_hop_baseline_20260414_213513_della-mol/metrics.jsonl
Writing metrics: /home/sk3686/logdir/dreamer/loginnode_hopper_hop_baseline_20260414_213513_della-mol/scores.jsonl

--------------------[Agent Step 168_432]--------------------
Metrics filtered by: 'score|length|fps|ratio|train/loss/|train/rand/'
train/loss/con 0.02 / train/loss/dyn 2.55 / train/loss/policy -1.8e-3 / train/loss/position 0.01 / train/loss/rep 2.55 / train/loss/repval 0.61 / train/loss/rew 3.7e-4 / train/loss/touch 0.04 / train/loss/value 0.59 / train/loss/velocity 0.24 / replay/replay_ratio 1040 / fps/policy 35.96 / fps/train 3.7e4

Writing metrics: /home/sk3686/logdir/dreamer/loginnode_hopper_hop_baseline_20260414_213513_della-mol/metrics.jsonl
Writing metrics: /home/sk3686/logdir/dreamer/loginnode_hopper_hop_baseline_20260414_213513_della-mol/scores.jsonl

--------------------[Agent Step 172_768]--------------------
Metrics filtered by: 'score|length|fps|ratio|train/loss/|train/rand/'
train/loss/con 0.02 / train/loss/dyn 2.55 / train/loss/policy -1.9e-3 / train/loss/position 0.01 / train/loss/rep 2.55 / train/loss/repval 0.49 / train/loss/rew 3.3e-4 / train/loss/touch 0.04 / train/loss/value 0.49 / train/loss/velocity 0.24 / replay/replay_ratio 1040 / fps/policy 36.05 / fps/train 3.7e4

Writing metrics: /home/sk3686/logdir/dreamer/loginnode_hopper_hop_baseline_20260414_213513_della-mol/metrics.jsonl
Writing metrics: /home/sk3686/logdir/dreamer/loginnode_hopper_hop_baseline_20260414_213513_della-mol/scores.jsonl

--------------------[Agent Step 177_104]--------------------
Metrics filtered by: 'score|length|fps|ratio|train/loss/|train/rand/'
episode/score 0 / episode/length 1001 / train/loss/con 0.02 / train/loss/dyn 2.54 / train/loss/policy -7e-5 / train/loss/position 0.01 / train/loss/rep 2.54 / train/loss/repval 0.44 / train/loss/rew 4e-4 / train/loss/touch 0.04 / train/loss/value 0.43 / train/loss/velocity 0.24 / replay/replay_ratio 1040 / fps/policy 36.03 / fps/train 3.7e4

Writing metrics: /home/sk3686/logdir/dreamer/loginnode_hopper_hop_baseline_20260414_213513_della-mol/scores.jsonl
Writing metrics: /home/sk3686/logdir/dreamer/loginnode_hopper_hop_baseline_20260414_213513_della-mol/metrics.jsonl

--------------------[Agent Step 181_456]--------------------
Metrics filtered by: 'score|length|fps|ratio|train/loss/|train/rand/'
train/loss/con 0.02 / train/loss/dyn 2.55 / train/loss/policy 3.3e-3 / train/loss/position 0.01 / train/loss/rep 2.55 / train/loss/repval 0.4 / train/loss/rew 4.7e-4 / train/loss/touch 0.04 / train/loss/value 0.4 / train/loss/velocity 0.24 / replay/replay_ratio 1040 / fps/policy 36.2 / fps/train 3.7e4

Writing metrics: /home/sk3686/logdir/dreamer/loginnode_hopper_hop_baseline_20260414_213513_della-mol/metrics.jsonl
Writing metrics: /home/sk3686/logdir/dreamer/loginnode_hopper_hop_baseline_20260414_213513_della-mol/scores.jsonl

--------------------[Agent Step 185_776]--------------------
Metrics filtered by: 'score|length|fps|ratio|train/loss/|train/rand/'
train/loss/con 0.02 / train/loss/dyn 2.54 / train/loss/policy 6e-3 / train/loss/position 0.01 / train/loss/rep 2.54 / train/loss/repval 0.65 / train/loss/rew 4.4e-4 / train/loss/touch 0.04 / train/loss/value 0.64 / train/loss/velocity 0.23 / replay/replay_ratio 1040 / fps/policy 35.98 / fps/train 3.7e4

Writing metrics: /home/sk3686/logdir/dreamer/loginnode_hopper_hop_baseline_20260414_213513_della-mol/metrics.jsonl
Writing metrics: /home/sk3686/logdir/dreamer/loginnode_hopper_hop_baseline_20260414_213513_della-mol/scores.jsonl

--------------------[Agent Step 190_112]--------------------
Metrics filtered by: 'score|length|fps|ratio|train/loss/|train/rand/'
train/loss/con 0.02 / train/loss/dyn 2.52 / train/loss/policy -5.6e-4 / train/loss/position 0.01 / train/loss/rep 2.52 / train/loss/repval 0.76 / train/loss/rew 3.4e-4 / train/loss/touch 0.04 / train/loss/value 0.76 / train/loss/velocity 0.23 / replay/replay_ratio 1040 / fps/policy 36 / fps/train 3.7e4

Writing metrics: /home/sk3686/logdir/dreamer/loginnode_hopper_hop_baseline_20260414_213513_della-mol/metrics.jsonl
Writing metrics: /home/sk3686/logdir/dreamer/loginnode_hopper_hop_baseline_20260414_213513_della-mol/scores.jsonl
Saving checkpoint: /home/sk3686/logdir/dreamer/loginnode_hopper_hop_baseline_20260414_213513_della-mol/ckpt/20260414T230612F647820
Saved checkpoint.

--------------------[Agent Step 194_448]--------------------
Metrics filtered by: 'score|length|fps|ratio|train/loss/|train/rand/'
episode/score 0.15 / episode/length 1001 / train/loss/con 0.02 / train/loss/dyn 2.51 / train/loss/policy 5.3e-4 / train/loss/position 0.01 / train/loss/rep 2.51 / train/loss/repval 0.78 / train/loss/rew 3.7e-4 / train/loss/touch 0.04 / train/loss/value 0.77 / train/loss/velocity 0.23 / replay/replay_ratio 1040 / fps/policy 36.07 / fps/train 3.7e4

Writing metrics: /home/sk3686/logdir/dreamer/loginnode_hopper_hop_baseline_20260414_213513_della-mol/scores.jsonl
Writing metrics: /home/sk3686/logdir/dreamer/loginnode_hopper_hop_baseline_20260414_213513_della-mol/metrics.jsonl

--------------------[Agent Step 198_784]--------------------
Metrics filtered by: 'score|length|fps|ratio|train/loss/|train/rand/'
train/loss/con 0.02 / train/loss/dyn 2.52 / train/loss/policy 7.9e-3 / train/loss/position 0.01 / train/loss/rep 2.52 / train/loss/repval 0.71 / train/loss/rew 9.6e-4 / train/loss/touch 0.04 / train/loss/value 0.69 / train/loss/velocity 0.23 / replay/replay_ratio 1040 / fps/policy 36.07 / fps/train 3.7e4

Writing metrics: /home/sk3686/logdir/dreamer/loginnode_hopper_hop_baseline_20260414_213513_della-mol/scores.jsonl
Writing metrics: /home/sk3686/logdir/dreamer/loginnode_hopper_hop_baseline_20260414_213513_della-mol/metrics.jsonl

--------------------[Agent Step 203_120]--------------------
Metrics filtered by: 'score|length|fps|ratio|train/loss/|train/rand/'
train/loss/con 0.02 / train/loss/dyn 2.52 / train/loss/policy 3.7e-3 / train/loss/position 0.01 / train/loss/rep 2.52 / train/loss/repval 0.8 / train/loss/rew 1e-3 / train/loss/touch 0.04 / train/loss/value 0.8 / train/loss/velocity 0.23 / replay/replay_ratio 1040 / fps/policy 36.06 / fps/train 3.7e4

Writing metrics: /home/sk3686/logdir/dreamer/loginnode_hopper_hop_baseline_20260414_213513_della-mol/scores.jsonl
Writing metrics: /home/sk3686/logdir/dreamer/loginnode_hopper_hop_baseline_20260414_213513_della-mol/metrics.jsonl

--------------------[Agent Step 207_456]--------------------
Metrics filtered by: 'score|length|fps|ratio|train/loss/|train/rand/'
train/loss/con 0.02 / train/loss/dyn 2.52 / train/loss/policy 0.01 / train/loss/position 0.01 / train/loss/rep 2.52 / train/loss/repval 1.02 / train/loss/rew 9.6e-4 / train/loss/touch 0.04 / train/loss/value 0.99 / train/loss/velocity 0.23 / replay/replay_ratio 1040 / fps/policy 36.01 / fps/train 3.7e4

Writing metrics: /home/sk3686/logdir/dreamer/loginnode_hopper_hop_baseline_20260414_213513_della-mol/scores.jsonl
Writing metrics: /home/sk3686/logdir/dreamer/loginnode_hopper_hop_baseline_20260414_213513_della-mol/metrics.jsonl

--------------------[Agent Step 211_776]--------------------
Metrics filtered by: 'score|length|fps|ratio|train/loss/|train/rand/'
episode/score 0 / episode/length 1001 / train/loss/con 0.02 / train/loss/dyn 2.52 / train/loss/policy 7.1e-3 / train/loss/position 0.01 / train/loss/rep 2.52 / train/loss/repval 1.29 / train/loss/rew 1.2e-3 / train/loss/touch 0.04 / train/loss/value 1.21 / train/loss/velocity 0.23 / replay/replay_ratio 1040 / fps/policy 35.98 / fps/train 3.7e4

Writing metrics: /home/sk3686/logdir/dreamer/loginnode_hopper_hop_baseline_20260414_213513_della-mol/metrics.jsonl
Writing metrics: /home/sk3686/logdir/dreamer/loginnode_hopper_hop_baseline_20260414_213513_della-mol/scores.jsonl

--------------------[Agent Step 216_112]--------------------
Metrics filtered by: 'score|length|fps|ratio|train/loss/|train/rand/'
train/loss/con 0.02 / train/loss/dyn 2.52 / train/loss/policy 4.9e-3 / train/loss/position 0.01 / train/loss/rep 2.52 / train/loss/repval 1.07 / train/loss/rew 1.6e-3 / train/loss/touch 0.04 / train/loss/value 1.02 / train/loss/velocity 0.23 / replay/replay_ratio 1040 / fps/policy 36.12 / fps/train 3.7e4

Writing metrics: /home/sk3686/logdir/dreamer/loginnode_hopper_hop_baseline_20260414_213513_della-mol/metrics.jsonl
Writing metrics: /home/sk3686/logdir/dreamer/loginnode_hopper_hop_baseline_20260414_213513_della-mol/scores.jsonl

--------------------[Agent Step 220_448]--------------------
Metrics filtered by: 'score|length|fps|ratio|train/loss/|train/rand/'
train/loss/con 0.02 / train/loss/dyn 2.51 / train/loss/policy 9.3e-3 / train/loss/position 0.01 / train/loss/rep 2.51 / train/loss/repval 0.77 / train/loss/rew 1.9e-3 / train/loss/touch 0.04 / train/loss/value 0.7 / train/loss/velocity 0.23 / replay/replay_ratio 1040 / fps/policy 36.1 / fps/train 3.7e4

Writing metrics: /home/sk3686/logdir/dreamer/loginnode_hopper_hop_baseline_20260414_213513_della-mol/scores.jsonl
Writing metrics: /home/sk3686/logdir/dreamer/loginnode_hopper_hop_baseline_20260414_213513_della-mol/metrics.jsonl

--------------------[Agent Step 224_800]--------------------
Metrics filtered by: 'score|length|fps|ratio|train/loss/|train/rand/'
episode/score 1.6e-3 / episode/length 1001 / train/loss/con 0.02 / train/loss/dyn 2.52 / train/loss/policy 2.9e-3 / train/loss/position 0.01 / train/loss/rep 2.52 / train/loss/repval 0.58 / train/loss/rew 2e-3 / train/loss/touch 0.04 / train/loss/value 0.54 / train/loss/velocity 0.23 / replay/replay_ratio 1040 / fps/policy 36.24 / fps/train 3.7e4

Writing metrics: /home/sk3686/logdir/dreamer/loginnode_hopper_hop_baseline_20260414_213513_della-mol/scores.jsonl
Writing metrics: /home/sk3686/logdir/dreamer/loginnode_hopper_hop_baseline_20260414_213513_della-mol/metrics.jsonl
Saving checkpoint: /home/sk3686/logdir/dreamer/loginnode_hopper_hop_baseline_20260414_213513_della-mol/ckpt/20260414T232112F748377
Saved checkpoint.

--------------------[Agent Step 229_136]--------------------
Metrics filtered by: 'score|length|fps|ratio|train/loss/|train/rand/'
train/loss/con 0.02 / train/loss/dyn 2.52 / train/loss/policy 6.3e-3 / train/loss/position 0.01 / train/loss/rep 2.52 / train/loss/repval 0.71 / train/loss/rew 2.6e-3 / train/loss/touch 0.04 / train/loss/value 0.66 / train/loss/velocity 0.23 / replay/replay_ratio 1040 / fps/policy 36.1 / fps/train 3.7e4

Writing metrics: /home/sk3686/logdir/dreamer/loginnode_hopper_hop_baseline_20260414_213513_della-mol/metrics.jsonl
Writing metrics: /home/sk3686/logdir/dreamer/loginnode_hopper_hop_baseline_20260414_213513_della-mol/scores.jsonl

--------------------[Agent Step 233_488]--------------------
Metrics filtered by: 'score|length|fps|ratio|train/loss/|train/rand/'
train/loss/con 0.02 / train/loss/dyn 2.52 / train/loss/policy 7.9e-3 / train/loss/position 0.01 / train/loss/rep 2.52 / train/loss/repval 0.64 / train/loss/rew 3.4e-3 / train/loss/touch 0.04 / train/loss/value 0.56 / train/loss/velocity 0.23 / replay/replay_ratio 1040 / fps/policy 36.23 / fps/train 3.7e4

Writing metrics: /home/sk3686/logdir/dreamer/loginnode_hopper_hop_baseline_20260414_213513_della-mol/metrics.jsonl
Writing metrics: /home/sk3686/logdir/dreamer/loginnode_hopper_hop_baseline_20260414_213513_della-mol/scores.jsonl

--------------------[Agent Step 237_824]--------------------
Metrics filtered by: 'score|length|fps|ratio|train/loss/|train/rand/'
train/loss/con 0.02 / train/loss/dyn 2.51 / train/loss/policy 8.6e-3 / train/loss/position 0.01 / train/loss/rep 2.51 / train/loss/repval 1.02 / train/loss/rew 4.3e-3 / train/loss/touch 0.04 / train/loss/value 0.94 / train/loss/velocity 0.22 / replay/replay_ratio 1040 / fps/policy 36.07 / fps/train 3.7e4

Writing metrics: /home/sk3686/logdir/dreamer/loginnode_hopper_hop_baseline_20260414_213513_della-mol/metrics.jsonl
Writing metrics: /home/sk3686/logdir/dreamer/loginnode_hopper_hop_baseline_20260414_213513_della-mol/scores.jsonl

--------------------[Agent Step 242_176]--------------------
Metrics filtered by: 'score|length|fps|ratio|train/loss/|train/rand/'
episode/score 32.52 / episode/length 1001 / train/loss/con 0.02 / train/loss/dyn 2.5 / train/loss/policy 9.1e-3 / train/loss/position 0.01 / train/loss/rep 2.5 / train/loss/repval 1.01 / train/loss/rew 5.3e-3 / train/loss/touch 0.04 / train/loss/value 0.96 / train/loss/velocity 0.22 / replay/replay_ratio 1040 / fps/policy 36.14 / fps/train 3.7e4

Writing metrics: /home/sk3686/logdir/dreamer/loginnode_hopper_hop_baseline_20260414_213513_della-mol/metrics.jsonl
Writing metrics: /home/sk3686/logdir/dreamer/loginnode_hopper_hop_baseline_20260414_213513_della-mol/scores.jsonl

--------------------[Agent Step 246_528]--------------------
Metrics filtered by: 'score|length|fps|ratio|train/loss/|train/rand/'
train/loss/con 0.02 / train/loss/dyn 2.51 / train/loss/policy 8.1e-3 / train/loss/position 0.01 / train/loss/rep 2.51 / train/loss/repval 0.95 / train/loss/rew 6.4e-3 / train/loss/touch 0.04 / train/loss/value 0.87 / train/loss/velocity 0.22 / replay/replay_ratio 1040 / fps/policy 36.18 / fps/train 3.7e4

Writing metrics: /home/sk3686/logdir/dreamer/loginnode_hopper_hop_baseline_20260414_213513_della-mol/metrics.jsonl
Writing metrics: /home/sk3686/logdir/dreamer/loginnode_hopper_hop_baseline_20260414_213513_della-mol/scores.jsonl

--------------------[Agent Step 250_880]--------------------
Metrics filtered by: 'score|length|fps|ratio|train/loss/|train/rand/'
train/loss/con 0.02 / train/loss/dyn 2.5 / train/loss/policy 7.9e-3 / train/loss/position 0.01 / train/loss/rep 2.5 / train/loss/repval 1.04 / train/loss/rew 7.1e-3 / train/loss/touch 0.03 / train/loss/value 0.96 / train/loss/velocity 0.22 / replay/replay_ratio 1040 / fps/policy 36.26 / fps/train 3.7e4

Writing metrics: /home/sk3686/logdir/dreamer/loginnode_hopper_hop_baseline_20260414_213513_della-mol/scores.jsonl
Writing metrics: /home/sk3686/logdir/dreamer/loginnode_hopper_hop_baseline_20260414_213513_della-mol/metrics.jsonl

--------------------[Agent Step 255_232]--------------------
Metrics filtered by: 'score|length|fps|ratio|train/loss/|train/rand/'
train/loss/con 0.02 / train/loss/dyn 2.5 / train/loss/policy 6.7e-3 / train/loss/position 0.01 / train/loss/rep 2.5 / train/loss/repval 1.02 / train/loss/rew 7.9e-3 / train/loss/touch 0.03 / train/loss/value 0.88 / train/loss/velocity 0.22 / replay/replay_ratio 1040 / fps/policy 36.21 / fps/train 3.7e4

Writing metrics: /home/sk3686/logdir/dreamer/loginnode_hopper_hop_baseline_20260414_213513_della-mol/metrics.jsonl
Writing metrics: /home/sk3686/logdir/dreamer/loginnode_hopper_hop_baseline_20260414_213513_della-mol/scores.jsonl
Saving checkpoint: /home/sk3686/logdir/dreamer/loginnode_hopper_hop_baseline_20260414_213513_della-mol/ckpt/20260414T233613F180063
Saved checkpoint.

--------------------[Agent Step 259_584]--------------------
Metrics filtered by: 'score|length|fps|ratio|train/loss/|train/rand/'
episode/score 0 / episode/length 1001 / train/loss/con 0.02 / train/loss/dyn 2.5 / train/loss/policy 6.9e-3 / train/loss/position 0.01 / train/loss/rep 2.5 / train/loss/repval 1.22 / train/loss/rew 8.6e-3 / train/loss/touch 0.03 / train/loss/value 1.12 / train/loss/velocity 0.22 / replay/replay_ratio 1040 / fps/policy 36.17 / fps/train 3.7e4

Writing metrics: /home/sk3686/logdir/dreamer/loginnode_hopper_hop_baseline_20260414_213513_della-mol/scores.jsonl
Writing metrics: /home/sk3686/logdir/dreamer/loginnode_hopper_hop_baseline_20260414_213513_della-mol/metrics.jsonl

--------------------[Agent Step 263_920]--------------------
Metrics filtered by: 'score|length|fps|ratio|train/loss/|train/rand/'
train/loss/con 0.02 / train/loss/dyn 2.49 / train/loss/policy 0.02 / train/loss/position 0.01 / train/loss/rep 2.49 / train/loss/repval 1.41 / train/loss/rew 9.7e-3 / train/loss/touch 0.03 / train/loss/value 1.24 / train/loss/velocity 0.22 / replay/replay_ratio 1040 / fps/policy 36.09 / fps/train 3.7e4

Writing metrics: /home/sk3686/logdir/dreamer/loginnode_hopper_hop_baseline_20260414_213513_della-mol/metrics.jsonl
Writing metrics: /home/sk3686/logdir/dreamer/loginnode_hopper_hop_baseline_20260414_213513_della-mol/scores.jsonl

--------------------[Agent Step 268_272]--------------------
Metrics filtered by: 'score|length|fps|ratio|train/loss/|train/rand/'
train/loss/con 0.02 / train/loss/dyn 2.48 / train/loss/policy 0.01 / train/loss/position 0.01 / train/loss/rep 2.48 / train/loss/repval 1.3 / train/loss/rew 0.01 / train/loss/touch 0.03 / train/loss/value 1.15 / train/loss/velocity 0.22 / replay/replay_ratio 1040 / fps/policy 36.23 / fps/train 3.7e4

Writing metrics: /home/sk3686/logdir/dreamer/loginnode_hopper_hop_baseline_20260414_213513_della-mol/metrics.jsonl
Writing metrics: /home/sk3686/logdir/dreamer/loginnode_hopper_hop_baseline_20260414_213513_della-mol/scores.jsonl

--------------------[Agent Step 272_640]--------------------
Metrics filtered by: 'score|length|fps|ratio|train/loss/|train/rand/'
episode/score 74.72 / episode/length 1001 / train/loss/con 0.02 / train/loss/dyn 2.48 / train/loss/policy 1.9e-3 / train/loss/position 1e-2 / train/loss/rep 2.48 / train/loss/repval 1.3 / train/loss/rew 0.01 / train/loss/touch 0.03 / train/loss/value 1.12 / train/loss/velocity 0.22 / replay/replay_ratio 1040 / fps/policy 36.28 / fps/train 3.7e4

Writing metrics: /home/sk3686/logdir/dreamer/loginnode_hopper_hop_baseline_20260414_213513_della-mol/metrics.jsonl
Writing metrics: /home/sk3686/logdir/dreamer/loginnode_hopper_hop_baseline_20260414_213513_della-mol/scores.jsonl

--------------------[Agent Step 276_992]--------------------
Metrics filtered by: 'score|length|fps|ratio|train/loss/|train/rand/'
train/loss/con 0.02 / train/loss/dyn 2.47 / train/loss/policy 9.3e-3 / train/loss/position 1e-2 / train/loss/rep 2.47 / train/loss/repval 1.38 / train/loss/rew 0.01 / train/loss/touch 0.03 / train/loss/value 1.17 / train/loss/velocity 0.22 / replay/replay_ratio 1040 / fps/policy 36.22 / fps/train 3.7e4

Writing metrics: /home/sk3686/logdir/dreamer/loginnode_hopper_hop_baseline_20260414_213513_della-mol/metrics.jsonl
Writing metrics: /home/sk3686/logdir/dreamer/loginnode_hopper_hop_baseline_20260414_213513_della-mol/scores.jsonl

--------------------[Agent Step 281_376]--------------------
Metrics filtered by: 'score|length|fps|ratio|train/loss/|train/rand/'
train/loss/con 0.02 / train/loss/dyn 2.47 / train/loss/policy 2.8e-3 / train/loss/position 9.9e-3 / train/loss/rep 2.47 / train/loss/repval 1.2 / train/loss/rew 0.01 / train/loss/touch 0.03 / train/loss/value 1.1 / train/loss/velocity 0.22 / replay/replay_ratio 1040 / fps/policy 36.43 / fps/train 3.7e4

Writing metrics: /home/sk3686/logdir/dreamer/loginnode_hopper_hop_baseline_20260414_213513_della-mol/metrics.jsonl
Writing metrics: /home/sk3686/logdir/dreamer/loginnode_hopper_hop_baseline_20260414_213513_della-mol/scores.jsonl

--------------------[Agent Step 285_712]--------------------
Metrics filtered by: 'score|length|fps|ratio|train/loss/|train/rand/'
train/loss/con 0.02 / train/loss/dyn 2.46 / train/loss/policy 6e-3 / train/loss/position 9.8e-3 / train/loss/rep 2.46 / train/loss/repval 1.28 / train/loss/rew 0.01 / train/loss/touch 0.03 / train/loss/value 1.15 / train/loss/velocity 0.22 / replay/replay_ratio 1040 / fps/policy 36.13 / fps/train 3.7e4

Writing metrics: /home/sk3686/logdir/dreamer/loginnode_hopper_hop_baseline_20260414_213513_della-mol/metrics.jsonl
Writing metrics: /home/sk3686/logdir/dreamer/loginnode_hopper_hop_baseline_20260414_213513_della-mol/scores.jsonl

--------------------[Agent Step 290_048]--------------------
Metrics filtered by: 'score|length|fps|ratio|train/loss/|train/rand/'
episode/score 75.83 / episode/length 1001 / train/loss/con 0.02 / train/loss/dyn 2.46 / train/loss/policy 8e-3 / train/loss/position 9.8e-3 / train/loss/rep 2.46 / train/loss/repval 1.29 / train/loss/rew 0.02 / train/loss/touch 0.03 / train/loss/value 1.2 / train/loss/velocity 0.22 / replay/replay_ratio 1040 / fps/policy 36.04 / fps/train 3.7e4

Writing metrics: /home/sk3686/logdir/dreamer/loginnode_hopper_hop_baseline_20260414_213513_della-mol/metrics.jsonl
Writing metrics: /home/sk3686/logdir/dreamer/loginnode_hopper_hop_baseline_20260414_213513_della-mol/scores.jsonl
Saving checkpoint: /home/sk3686/logdir/dreamer/loginnode_hopper_hop_baseline_20260414_213513_della-mol/ckpt/20260414T235113F250295
Saved checkpoint.

--------------------[Agent Step 294_384]--------------------
Metrics filtered by: 'score|length|fps|ratio|train/loss/|train/rand/'
train/loss/con 0.02 / train/loss/dyn 2.48 / train/loss/policy 5.3e-3 / train/loss/position 9.9e-3 / train/loss/rep 2.48 / train/loss/repval 1.19 / train/loss/rew 0.02 / train/loss/touch 0.03 / train/loss/value 1.06 / train/loss/velocity 0.22 / replay/replay_ratio 1040 / fps/policy 36.01 / fps/train 3.7e4

Writing metrics: /home/sk3686/logdir/dreamer/loginnode_hopper_hop_baseline_20260414_213513_della-mol/metrics.jsonl
Writing metrics: /home/sk3686/logdir/dreamer/loginnode_hopper_hop_baseline_20260414_213513_della-mol/scores.jsonl

--------------------[Agent Step 298_720]--------------------
Metrics filtered by: 'score|length|fps|ratio|train/loss/|train/rand/'
train/loss/con 0.02 / train/loss/dyn 2.47 / train/loss/policy 7.5e-3 / train/loss/position 9.8e-3 / train/loss/rep 2.47 / train/loss/repval 1.21 / train/loss/rew 0.02 / train/loss/touch 0.03 / train/loss/value 1.06 / train/loss/velocity 0.22 / replay/replay_ratio 1040 / fps/policy 36.07 / fps/train 3.7e4

Writing metrics: /home/sk3686/logdir/dreamer/loginnode_hopper_hop_baseline_20260414_213513_della-mol/scores.jsonl
Writing metrics: /home/sk3686/logdir/dreamer/loginnode_hopper_hop_baseline_20260414_213513_della-mol/metrics.jsonl

--------------------[Agent Step 303_072]--------------------
Metrics filtered by: 'score|length|fps|ratio|train/loss/|train/rand/'
train/loss/con 0.02 / train/loss/dyn 2.47 / train/loss/policy 8e-3 / train/loss/position 9.8e-3 / train/loss/rep 2.47 / train/loss/repval 1.29 / train/loss/rew 0.02 / train/loss/touch 0.03 / train/loss/value 1.08 / train/loss/velocity 0.22 / replay/replay_ratio 1040 / fps/policy 36.14 / fps/train 3.7e4

Writing metrics: /home/sk3686/logdir/dreamer/loginnode_hopper_hop_baseline_20260414_213513_della-mol/scores.jsonl
Writing metrics: /home/sk3686/logdir/dreamer/loginnode_hopper_hop_baseline_20260414_213513_della-mol/metrics.jsonl

--------------------[Agent Step 307_456]--------------------
Metrics filtered by: 'score|length|fps|ratio|train/loss/|train/rand/'
episode/score 0 / episode/length 1001 / train/loss/con 0.02 / train/loss/dyn 2.46 / train/loss/policy 7.1e-3 / train/loss/position 9.7e-3 / train/loss/rep 2.46 / train/loss/repval 1.27 / train/loss/rew 0.02 / train/loss/touch 0.03 / train/loss/value 1.11 / train/loss/velocity 0.22 / replay/replay_ratio 1040 / fps/policy 36.48 / fps/train 3.7e4

Writing metrics: /home/sk3686/logdir/dreamer/loginnode_hopper_hop_baseline_20260414_213513_della-mol/metrics.jsonl
Writing metrics: /home/sk3686/logdir/dreamer/loginnode_hopper_hop_baseline_20260414_213513_della-mol/scores.jsonl

--------------------[Agent Step 311_824]--------------------
Metrics filtered by: 'score|length|fps|ratio|train/loss/|train/rand/'
train/loss/con 0.02 / train/loss/dyn 2.45 / train/loss/policy 7e-3 / train/loss/position 9.6e-3 / train/loss/rep 2.45 / train/loss/repval 1.26 / train/loss/rew 0.02 / train/loss/touch 0.03 / train/loss/value 1.08 / train/loss/velocity 0.22 / replay/replay_ratio 1040 / fps/policy 36.35 / fps/train 3.7e4

Writing metrics: /home/sk3686/logdir/dreamer/loginnode_hopper_hop_baseline_20260414_213513_della-mol/metrics.jsonl
Writing metrics: /home/sk3686/logdir/dreamer/loginnode_hopper_hop_baseline_20260414_213513_della-mol/scores.jsonl

--------------------[Agent Step 316_208]--------------------
Metrics filtered by: 'score|length|fps|ratio|train/loss/|train/rand/'
train/loss/con 0.02 / train/loss/dyn 2.44 / train/loss/policy 6e-3 / train/loss/position 9.5e-3 / train/loss/rep 2.44 / train/loss/repval 1.13 / train/loss/rew 0.02 / train/loss/touch 0.03 / train/loss/value 1.07 / train/loss/velocity 0.22 / replay/replay_ratio 1040 / fps/policy 36.45 / fps/train 3.7e4

Writing metrics: /home/sk3686/logdir/dreamer/loginnode_hopper_hop_baseline_20260414_213513_della-mol/scores.jsonl
Writing metrics: /home/sk3686/logdir/dreamer/loginnode_hopper_hop_baseline_20260414_213513_della-mol/metrics.jsonl

--------------------[Agent Step 320_592]--------------------
Metrics filtered by: 'score|length|fps|ratio|train/loss/|train/rand/'
episode/score 70.67 / episode/length 1001 / train/loss/con 0.02 / train/loss/dyn 2.44 / train/loss/policy 7e-3 / train/loss/position 9.4e-3 / train/loss/rep 2.44 / train/loss/repval 1.2 / train/loss/rew 0.02 / train/loss/touch 0.03 / train/loss/value 1.07 / train/loss/velocity 0.22 / replay/replay_ratio 1040 / fps/policy 36.44 / fps/train 3.7e4

Writing metrics: /home/sk3686/logdir/dreamer/loginnode_hopper_hop_baseline_20260414_213513_della-mol/metrics.jsonl
Writing metrics: /home/sk3686/logdir/dreamer/loginnode_hopper_hop_baseline_20260414_213513_della-mol/scores.jsonl
Saving checkpoint: /home/sk3686/logdir/dreamer/loginnode_hopper_hop_baseline_20260414_213513_della-mol/ckpt/20260415T000613F640857
Saved checkpoint.

--------------------[Agent Step 324_960]--------------------
Metrics filtered by: 'score|length|fps|ratio|train/loss/|train/rand/'
train/loss/con 0.02 / train/loss/dyn 2.44 / train/loss/policy 0.01 / train/loss/position 9.2e-3 / train/loss/rep 2.44 / train/loss/repval 1.23 / train/loss/rew 0.02 / train/loss/touch 0.03 / train/loss/value 1.1 / train/loss/velocity 0.21 / replay/replay_ratio 1040 / fps/policy 36.39 / fps/train 3.7e4

Writing metrics: /home/sk3686/logdir/dreamer/loginnode_hopper_hop_baseline_20260414_213513_della-mol/metrics.jsonl
Writing metrics: /home/sk3686/logdir/dreamer/loginnode_hopper_hop_baseline_20260414_213513_della-mol/scores.jsonl

--------------------[Agent Step 329_312]--------------------
Metrics filtered by: 'score|length|fps|ratio|train/loss/|train/rand/'
train/loss/con 0.02 / train/loss/dyn 2.45 / train/loss/policy 0.01 / train/loss/position 9.1e-3 / train/loss/rep 2.45 / train/loss/repval 1.21 / train/loss/rew 0.02 / train/loss/touch 0.03 / train/loss/value 1.09 / train/loss/velocity 0.21 / replay/replay_ratio 1040 / fps/policy 36.24 / fps/train 3.7e4

Writing metrics: /home/sk3686/logdir/dreamer/loginnode_hopper_hop_baseline_20260414_213513_della-mol/scores.jsonl
Writing metrics: /home/sk3686/logdir/dreamer/loginnode_hopper_hop_baseline_20260414_213513_della-mol/metrics.jsonl

--------------------[Agent Step 333_712]--------------------
Metrics filtered by: 'score|length|fps|ratio|train/loss/|train/rand/'
train/loss/con 0.02 / train/loss/dyn 2.44 / train/loss/policy 0.02 / train/loss/position 9.1e-3 / train/loss/rep 2.44 / train/loss/repval 1.19 / train/loss/rew 0.02 / train/loss/touch 0.03 / train/loss/value 1.12 / train/loss/velocity 0.21 / replay/replay_ratio 1040 / fps/policy 36.62 / fps/train 3.7e4

Writing metrics: /home/sk3686/logdir/dreamer/loginnode_hopper_hop_baseline_20260414_213513_della-mol/metrics.jsonl
Writing metrics: /home/sk3686/logdir/dreamer/loginnode_hopper_hop_baseline_20260414_213513_della-mol/scores.jsonl

--------------------[Agent Step 338_080]--------------------
Metrics filtered by: 'score|length|fps|ratio|train/loss/|train/rand/'
episode/score 17.95 / episode/length 1001 / train/loss/con 0.02 / train/loss/dyn 2.43 / train/loss/policy 0.02 / train/loss/position 8.9e-3 / train/loss/rep 2.43 / train/loss/repval 1.08 / train/loss/rew 0.03 / train/loss/touch 0.03 / train/loss/value 1.1 / train/loss/velocity 0.21 / replay/replay_ratio 1040 / fps/policy 36.3 / fps/train 3.7e4

Writing metrics: /home/sk3686/logdir/dreamer/loginnode_hopper_hop_baseline_20260414_213513_della-mol/scores.jsonl
Writing metrics: /home/sk3686/logdir/dreamer/loginnode_hopper_hop_baseline_20260414_213513_della-mol/metrics.jsonl

--------------------[Agent Step 342_480]--------------------
Metrics filtered by: 'score|length|fps|ratio|train/loss/|train/rand/'
train/loss/con 0.02 / train/loss/dyn 2.42 / train/loss/policy 0.02 / train/loss/position 8.8e-3 / train/loss/rep 2.42 / train/loss/repval 1.15 / train/loss/rew 0.03 / train/loss/touch 0.03 / train/loss/value 1.1 / train/loss/velocity 0.21 / replay/replay_ratio 1040 / fps/policy 36.54 / fps/train 3.7e4

Writing metrics: /home/sk3686/logdir/dreamer/loginnode_hopper_hop_baseline_20260414_213513_della-mol/metrics.jsonl
Writing metrics: /home/sk3686/logdir/dreamer/loginnode_hopper_hop_baseline_20260414_213513_della-mol/scores.jsonl

--------------------[Agent Step 346_864]--------------------
Metrics filtered by: 'score|length|fps|ratio|train/loss/|train/rand/'
train/loss/con 0.02 / train/loss/dyn 2.41 / train/loss/policy 0.02 / train/loss/position 8.6e-3 / train/loss/rep 2.41 / train/loss/repval 1.05 / train/loss/rew 0.03 / train/loss/touch 0.03 / train/loss/value 1.08 / train/loss/velocity 0.21 / replay/replay_ratio 1040 / fps/policy 36.47 / fps/train 3.7e4

Writing metrics: /home/sk3686/logdir/dreamer/loginnode_hopper_hop_baseline_20260414_213513_della-mol/scores.jsonl
Writing metrics: /home/sk3686/logdir/dreamer/loginnode_hopper_hop_baseline_20260414_213513_della-mol/metrics.jsonl

--------------------[Agent Step 351_216]--------------------
Metrics filtered by: 'score|length|fps|ratio|train/loss/|train/rand/'
train/loss/con 0.02 / train/loss/dyn 2.4 / train/loss/policy 0.02 / train/loss/position 8.6e-3 / train/loss/rep 2.4 / train/loss/repval 1.12 / train/loss/rew 0.03 / train/loss/touch 0.03 / train/loss/value 1.06 / train/loss/velocity 0.2 / replay/replay_ratio 1040 / fps/policy 36.25 / fps/train 3.7e4

Writing metrics: /home/sk3686/logdir/dreamer/loginnode_hopper_hop_baseline_20260414_213513_della-mol/metrics.jsonl
Writing metrics: /home/sk3686/logdir/dreamer/loginnode_hopper_hop_baseline_20260414_213513_della-mol/scores.jsonl

--------------------[Agent Step 355_584]--------------------
Metrics filtered by: 'score|length|fps|ratio|train/loss/|train/rand/'
episode/score 94.24 / episode/length 1001 / train/loss/con 0.02 / train/loss/dyn 2.39 / train/loss/policy 0.01 / train/loss/position 8.4e-3 / train/loss/rep 2.39 / train/loss/repval 1.13 / train/loss/rew 0.03 / train/loss/touch 0.03 / train/loss/value 0.94 / train/loss/velocity 0.2 / replay/replay_ratio 1040 / fps/policy 36.34 / fps/train 3.7e4

Writing metrics: /home/sk3686/logdir/dreamer/loginnode_hopper_hop_baseline_20260414_213513_della-mol/scores.jsonl
Writing metrics: /home/sk3686/logdir/dreamer/loginnode_hopper_hop_baseline_20260414_213513_della-mol/metrics.jsonl
Saving checkpoint: /home/sk3686/logdir/dreamer/loginnode_hopper_hop_baseline_20260414_213513_della-mol/ckpt/20260415T002113F765302
Saved checkpoint.

--------------------[Agent Step 359_952]--------------------
Metrics filtered by: 'score|length|fps|ratio|train/loss/|train/rand/'
train/loss/con 0.02 / train/loss/dyn 2.38 / train/loss/policy 0.01 / train/loss/position 8.3e-3 / train/loss/rep 2.38 / train/loss/repval 1.11 / train/loss/rew 0.03 / train/loss/touch 0.03 / train/loss/value 0.86 / train/loss/velocity 0.2 / replay/replay_ratio 1040 / fps/policy 36.32 / fps/train 3.7e4

Writing metrics: /home/sk3686/logdir/dreamer/loginnode_hopper_hop_baseline_20260414_213513_della-mol/metrics.jsonl
Writing metrics: /home/sk3686/logdir/dreamer/loginnode_hopper_hop_baseline_20260414_213513_della-mol/scores.jsonl

--------------------[Agent Step 364_336]--------------------
Metrics filtered by: 'score|length|fps|ratio|train/loss/|train/rand/'
train/loss/con 0.02 / train/loss/dyn 2.38 / train/loss/policy 0.02 / train/loss/position 8.2e-3 / train/loss/rep 2.38 / train/loss/repval 1.03 / train/loss/rew 0.04 / train/loss/touch 0.03 / train/loss/value 1.01 / train/loss/velocity 0.2 / replay/replay_ratio 1040 / fps/policy 36.48 / fps/train 3.7e4

Writing metrics: /home/sk3686/logdir/dreamer/loginnode_hopper_hop_baseline_20260414_213513_della-mol/scores.jsonl
Writing metrics: /home/sk3686/logdir/dreamer/loginnode_hopper_hop_baseline_20260414_213513_della-mol/metrics.jsonl

--------------------[Agent Step 368_704]--------------------
Metrics filtered by: 'score|length|fps|ratio|train/loss/|train/rand/'
episode/score 97.47 / episode/length 1001 / train/loss/con 0.02 / train/loss/dyn 2.37 / train/loss/policy 0.02 / train/loss/position 8.2e-3 / train/loss/rep 2.37 / train/loss/repval 1.02 / train/loss/rew 0.04 / train/loss/touch 0.03 / train/loss/value 1.09 / train/loss/velocity 0.2 / replay/replay_ratio 1040 / fps/policy 36.39 / fps/train 3.7e4

Writing metrics: /home/sk3686/logdir/dreamer/loginnode_hopper_hop_baseline_20260414_213513_della-mol/metrics.jsonl
Writing metrics: /home/sk3686/logdir/dreamer/loginnode_hopper_hop_baseline_20260414_213513_della-mol/scores.jsonl

--------------------[Agent Step 373_072]--------------------
Metrics filtered by: 'score|length|fps|ratio|train/loss/|train/rand/'
train/loss/con 0.02 / train/loss/dyn 2.36 / train/loss/policy 0.02 / train/loss/position 8.1e-3 / train/loss/rep 2.36 / train/loss/repval 1.01 / train/loss/rew 0.04 / train/loss/touch 0.03 / train/loss/value 1.16 / train/loss/velocity 0.2 / replay/replay_ratio 1040 / fps/policy 36.29 / fps/train 3.7e4

Writing metrics: /home/sk3686/logdir/dreamer/loginnode_hopper_hop_baseline_20260414_213513_della-mol/metrics.jsonl
Writing metrics: /home/sk3686/logdir/dreamer/loginnode_hopper_hop_baseline_20260414_213513_della-mol/scores.jsonl

--------------------[Agent Step 377_456]--------------------
Metrics filtered by: 'score|length|fps|ratio|train/loss/|train/rand/'
train/loss/con 0.02 / train/loss/dyn 2.35 / train/loss/policy 0.01 / train/loss/position 8e-3 / train/loss/rep 2.35 / train/loss/repval 1.07 / train/loss/rew 0.04 / train/loss/touch 0.03 / train/loss/value 1.19 / train/loss/velocity 0.19 / replay/replay_ratio 1040 / fps/policy 36.53 / fps/train 3.7e4

Writing metrics: /home/sk3686/logdir/dreamer/loginnode_hopper_hop_baseline_20260414_213513_della-mol/metrics.jsonl
Writing metrics: /home/sk3686/logdir/dreamer/loginnode_hopper_hop_baseline_20260414_213513_della-mol/scores.jsonl

--------------------[Agent Step 381_856]--------------------
Metrics filtered by: 'score|length|fps|ratio|train/loss/|train/rand/'
train/loss/con 0.02 / train/loss/dyn 2.34 / train/loss/policy 0.02 / train/loss/position 7.8e-3 / train/loss/rep 2.34 / train/loss/repval 1.12 / train/loss/rew 0.04 / train/loss/touch 0.03 / train/loss/value 1.12 / train/loss/velocity 0.19 / replay/replay_ratio 1040 / fps/policy 36.55 / fps/train 3.7e4

Writing metrics: /home/sk3686/logdir/dreamer/loginnode_hopper_hop_baseline_20260414_213513_della-mol/metrics.jsonl
Writing metrics: /home/sk3686/logdir/dreamer/loginnode_hopper_hop_baseline_20260414_213513_della-mol/scores.jsonl

--------------------[Agent Step 386_224]--------------------
Metrics filtered by: 'score|length|fps|ratio|train/loss/|train/rand/'
episode/score 0 / episode/length 1001 / train/loss/con 0.02 / train/loss/dyn 2.33 / train/loss/policy 0.02 / train/loss/position 7.7e-3 / train/loss/rep 2.33 / train/loss/repval 1.14 / train/loss/rew 0.04 / train/loss/touch 0.03 / train/loss/value 1.03 / train/loss/velocity 0.19 / replay/replay_ratio 1040 / fps/policy 36.35 / fps/train 3.7e4

Writing metrics: /home/sk3686/logdir/dreamer/loginnode_hopper_hop_baseline_20260414_213513_della-mol/metrics.jsonl
Writing metrics: /home/sk3686/logdir/dreamer/loginnode_hopper_hop_baseline_20260414_213513_della-mol/scores.jsonl
Saving checkpoint: /home/sk3686/logdir/dreamer/loginnode_hopper_hop_baseline_20260414_213513_della-mol/ckpt/20260415T003614F023498
Saved checkpoint.

--------------------[Agent Step 390_592]--------------------
Metrics filtered by: 'score|length|fps|ratio|train/loss/|train/rand/'
train/loss/con 0.02 / train/loss/dyn 2.33 / train/loss/policy 0.02 / train/loss/position 7.6e-3 / train/loss/rep 2.33 / train/loss/repval 1.1 / train/loss/rew 0.04 / train/loss/touch 0.03 / train/loss/value 0.93 / train/loss/velocity 0.19 / replay/replay_ratio 1040 / fps/policy 36.31 / fps/train 3.7e4

Writing metrics: /home/sk3686/logdir/dreamer/loginnode_hopper_hop_baseline_20260414_213513_della-mol/metrics.jsonl
Writing metrics: /home/sk3686/logdir/dreamer/loginnode_hopper_hop_baseline_20260414_213513_della-mol/scores.jsonl

--------------------[Agent Step 394_960]--------------------
Metrics filtered by: 'score|length|fps|ratio|train/loss/|train/rand/'
train/loss/con 0.02 / train/loss/dyn 2.32 / train/loss/policy 0.01 / train/loss/position 7.5e-3 / train/loss/rep 2.32 / train/loss/repval 1 / train/loss/rew 0.05 / train/loss/touch 0.03 / train/loss/value 1.03 / train/loss/velocity 0.19 / replay/replay_ratio 1040 / fps/policy 36.31 / fps/train 3.7e4

Writing metrics: /home/sk3686/logdir/dreamer/loginnode_hopper_hop_baseline_20260414_213513_della-mol/metrics.jsonl
Writing metrics: /home/sk3686/logdir/dreamer/loginnode_hopper_hop_baseline_20260414_213513_della-mol/scores.jsonl

--------------------[Agent Step 399_360]--------------------
Metrics filtered by: 'score|length|fps|ratio|train/loss/|train/rand/'
train/loss/con 0.02 / train/loss/dyn 2.32 / train/loss/policy 0.01 / train/loss/position 7.4e-3 / train/loss/rep 2.32 / train/loss/repval 1.01 / train/loss/rew 0.05 / train/loss/touch 0.03 / train/loss/value 1.14 / train/loss/velocity 0.19 / replay/replay_ratio 1040 / fps/policy 36.62 / fps/train 3.7e4

Writing metrics: /home/sk3686/logdir/dreamer/loginnode_hopper_hop_baseline_20260414_213513_della-mol/scores.jsonl
Writing metrics: /home/sk3686/logdir/dreamer/loginnode_hopper_hop_baseline_20260414_213513_della-mol/metrics.jsonl

--------------------[Agent Step 403_728]--------------------
Metrics filtered by: 'score|length|fps|ratio|train/loss/|train/rand/'
episode/score 114.86 / episode/length 1001 / train/loss/con 0.02 / train/loss/dyn 2.31 / train/loss/policy 0.01 / train/loss/position 7.4e-3 / train/loss/rep 2.31 / train/loss/repval 1.07 / train/loss/rew 0.05 / train/loss/touch 0.03 / train/loss/value 1.16 / train/loss/velocity 0.18 / replay/replay_ratio 1040 / fps/policy 36.34 / fps/train 3.7e4

Writing metrics: /home/sk3686/logdir/dreamer/loginnode_hopper_hop_baseline_20260414_213513_della-mol/scores.jsonl
Writing metrics: /home/sk3686/logdir/dreamer/loginnode_hopper_hop_baseline_20260414_213513_della-mol/metrics.jsonl

--------------------[Agent Step 408_096]--------------------
Metrics filtered by: 'score|length|fps|ratio|train/loss/|train/rand/'
train/loss/con 0.02 / train/loss/dyn 2.3 / train/loss/policy 0.01 / train/loss/position 7.3e-3 / train/loss/rep 2.3 / train/loss/repval 1.1 / train/loss/rew 0.05 / train/loss/touch 0.03 / train/loss/value 1.13 / train/loss/velocity 0.18 / replay/replay_ratio 1040 / fps/policy 36.34 / fps/train 3.7e4

Writing metrics: /home/sk3686/logdir/dreamer/loginnode_hopper_hop_baseline_20260414_213513_della-mol/scores.jsonl
Writing metrics: /home/sk3686/logdir/dreamer/loginnode_hopper_hop_baseline_20260414_213513_della-mol/metrics.jsonl

--------------------[Agent Step 412_480]--------------------
Metrics filtered by: 'score|length|fps|ratio|train/loss/|train/rand/'
train/loss/con 0.02 / train/loss/dyn 2.3 / train/loss/policy 0.01 / train/loss/position 7.2e-3 / train/loss/rep 2.3 / train/loss/repval 1.14 / train/loss/rew 0.05 / train/loss/touch 0.03 / train/loss/value 1.11 / train/loss/velocity 0.18 / replay/replay_ratio 1040 / fps/policy 36.45 / fps/train 3.7e4

Writing metrics: /home/sk3686/logdir/dreamer/loginnode_hopper_hop_baseline_20260414_213513_della-mol/scores.jsonl
Writing metrics: /home/sk3686/logdir/dreamer/loginnode_hopper_hop_baseline_20260414_213513_della-mol/metrics.jsonl

--------------------[Agent Step 416_864]--------------------
Metrics filtered by: 'score|length|fps|ratio|train/loss/|train/rand/'
episode/score 108.79 / episode/length 1001 / train/loss/con 0.02 / train/loss/dyn 2.29 / train/loss/policy 0.01 / train/loss/position 7.1e-3 / train/loss/rep 2.29 / train/loss/repval 1.16 / train/loss/rew 0.06 / train/loss/touch 0.03 / train/loss/value 1.04 / train/loss/velocity 0.18 / replay/replay_ratio 1040 / fps/policy 36.46 / fps/train 3.7e4

Writing metrics: /home/sk3686/logdir/dreamer/loginnode_hopper_hop_baseline_20260414_213513_della-mol/metrics.jsonl
Writing metrics: /home/sk3686/logdir/dreamer/loginnode_hopper_hop_baseline_20260414_213513_della-mol/scores.jsonl

--------------------[Agent Step 421_264]--------------------
Metrics filtered by: 'score|length|fps|ratio|train/loss/|train/rand/'
train/loss/con 0.02 / train/loss/dyn 2.29 / train/loss/policy 0.01 / train/loss/position 7.2e-3 / train/loss/rep 2.29 / train/loss/repval 1.16 / train/loss/rew 0.06 / train/loss/touch 0.03 / train/loss/value 0.98 / train/loss/velocity 0.18 / replay/replay_ratio 1040 / fps/policy 36.56 / fps/train 3.7e4

Writing metrics: /home/sk3686/logdir/dreamer/loginnode_hopper_hop_baseline_20260414_213513_della-mol/metrics.jsonl
Writing metrics: /home/sk3686/logdir/dreamer/loginnode_hopper_hop_baseline_20260414_213513_della-mol/scores.jsonl
Saving checkpoint: /home/sk3686/logdir/dreamer/loginnode_hopper_hop_baseline_20260414_213513_della-mol/ckpt/20260415T005114F342764
Saved checkpoint.

--------------------[Agent Step 425_648]--------------------
Metrics filtered by: 'score|length|fps|ratio|train/loss/|train/rand/'
train/loss/con 0.02 / train/loss/dyn 2.29 / train/loss/policy 0.01 / train/loss/position 7e-3 / train/loss/rep 2.29 / train/loss/repval 1.13 / train/loss/rew 0.06 / train/loss/touch 0.03 / train/loss/value 0.93 / train/loss/velocity 0.18 / replay/replay_ratio 1040 / fps/policy 36.49 / fps/train 3.7e4

Writing metrics: /home/sk3686/logdir/dreamer/loginnode_hopper_hop_baseline_20260414_213513_della-mol/metrics.jsonl
Writing metrics: /home/sk3686/logdir/dreamer/loginnode_hopper_hop_baseline_20260414_213513_della-mol/scores.jsonl

--------------------[Agent Step 430_032]--------------------
Metrics filtered by: 'score|length|fps|ratio|train/loss/|train/rand/'
train/loss/con 0.02 / train/loss/dyn 2.28 / train/loss/policy 0.01 / train/loss/position 6.9e-3 / train/loss/rep 2.28 / train/loss/repval 1.07 / train/loss/rew 0.06 / train/loss/touch 0.03 / train/loss/value 0.91 / train/loss/velocity 0.18 / replay/replay_ratio 1040 / fps/policy 36.51 / fps/train 3.7e4

Writing metrics: /home/sk3686/logdir/dreamer/loginnode_hopper_hop_baseline_20260414_213513_della-mol/metrics.jsonl
Writing metrics: /home/sk3686/logdir/dreamer/loginnode_hopper_hop_baseline_20260414_213513_della-mol/scores.jsonl

--------------------[Agent Step 434_416]--------------------
Metrics filtered by: 'score|length|fps|ratio|train/loss/|train/rand/'
episode/score 131.33 / episode/length 1001 / train/loss/con 0.02 / train/loss/dyn 2.28 / train/loss/policy 0.01 / train/loss/position 6.9e-3 / train/loss/rep 2.28 / train/loss/repval 1.02 / train/loss/rew 0.06 / train/loss/touch 0.03 / train/loss/value 1.09 / train/loss/velocity 0.18 / replay/replay_ratio 1040 / fps/policy 36.43 / fps/train 3.7e4

Writing metrics: /home/sk3686/logdir/dreamer/loginnode_hopper_hop_baseline_20260414_213513_della-mol/metrics.jsonl
Writing metrics: /home/sk3686/logdir/dreamer/loginnode_hopper_hop_baseline_20260414_213513_della-mol/scores.jsonl

--------------------[Agent Step 438_800]--------------------
Metrics filtered by: 'score|length|fps|ratio|train/loss/|train/rand/'
train/loss/con 0.02 / train/loss/dyn 2.27 / train/loss/policy 0.01 / train/loss/position 6.8e-3 / train/loss/rep 2.27 / train/loss/repval 1.1 / train/loss/rew 0.06 / train/loss/touch 0.03 / train/loss/value 1.16 / train/loss/velocity 0.18 / replay/replay_ratio 1040 / fps/policy 36.41 / fps/train 3.7e4

Writing metrics: /home/sk3686/logdir/dreamer/loginnode_hopper_hop_baseline_20260414_213513_della-mol/scores.jsonl
Writing metrics: /home/sk3686/logdir/dreamer/loginnode_hopper_hop_baseline_20260414_213513_della-mol/metrics.jsonl

--------------------[Agent Step 443_168]--------------------
Metrics filtered by: 'score|length|fps|ratio|train/loss/|train/rand/'
train/loss/con 0.02 / train/loss/dyn 2.26 / train/loss/policy 0.01 / train/loss/position 6.7e-3 / train/loss/rep 2.26 / train/loss/repval 1.15 / train/loss/rew 0.06 / train/loss/touch 0.03 / train/loss/value 1.13 / train/loss/velocity 0.17 / replay/replay_ratio 1040 / fps/policy 36.31 / fps/train 3.7e4

Writing metrics: /home/sk3686/logdir/dreamer/loginnode_hopper_hop_baseline_20260414_213513_della-mol/metrics.jsonl
Writing metrics: /home/sk3686/logdir/dreamer/loginnode_hopper_hop_baseline_20260414_213513_della-mol/scores.jsonl

--------------------[Agent Step 447_552]--------------------
Metrics filtered by: 'score|length|fps|ratio|train/loss/|train/rand/'
train/loss/con 0.02 / train/loss/dyn 2.25 / train/loss/policy 0.01 / train/loss/position 6.6e-3 / train/loss/rep 2.25 / train/loss/repval 1.14 / train/loss/rew 0.06 / train/loss/touch 0.03 / train/loss/value 1.01 / train/loss/velocity 0.17 / replay/replay_ratio 1040 / fps/policy 36.42 / fps/train 3.7e4

Writing metrics: /home/sk3686/logdir/dreamer/loginnode_hopper_hop_baseline_20260414_213513_della-mol/metrics.jsonl
Writing metrics: /home/sk3686/logdir/dreamer/loginnode_hopper_hop_baseline_20260414_213513_della-mol/scores.jsonl

--------------------[Agent Step 451_904]--------------------
Metrics filtered by: 'score|length|fps|ratio|train/loss/|train/rand/'
episode/score 144.06 / episode/length 1001 / train/loss/con 0.02 / train/loss/dyn 2.25 / train/loss/policy 0.01 / train/loss/position 6.5e-3 / train/loss/rep 2.25 / train/loss/repval 1.05 / train/loss/rew 0.06 / train/loss/touch 0.03 / train/loss/value 0.95 / train/loss/velocity 0.17 / replay/replay_ratio 1040 / fps/policy 36.17 / fps/train 3.7e4

Writing metrics: /home/sk3686/logdir/dreamer/loginnode_hopper_hop_baseline_20260414_213513_della-mol/scores.jsonl
Writing metrics: /home/sk3686/logdir/dreamer/loginnode_hopper_hop_baseline_20260414_213513_della-mol/metrics.jsonl
Saving checkpoint: /home/sk3686/logdir/dreamer/loginnode_hopper_hop_baseline_20260414_213513_della-mol/ckpt/20260415T010614F543062
Saved checkpoint.

--------------------[Agent Step 456_272]--------------------
Metrics filtered by: 'score|length|fps|ratio|train/loss/|train/rand/'
train/loss/con 0.02 / train/loss/dyn 2.25 / train/loss/policy 0.01 / train/loss/position 6.5e-3 / train/loss/rep 2.25 / train/loss/repval 1.02 / train/loss/rew 0.07 / train/loss/touch 0.03 / train/loss/value 1.12 / train/loss/velocity 0.17 / replay/replay_ratio 1040 / fps/policy 36.29 / fps/train 3.7e4

Writing metrics: /home/sk3686/logdir/dreamer/loginnode_hopper_hop_baseline_20260414_213513_della-mol/metrics.jsonl
Writing metrics: /home/sk3686/logdir/dreamer/loginnode_hopper_hop_baseline_20260414_213513_della-mol/scores.jsonl

--------------------[Agent Step 460_672]--------------------
Metrics filtered by: 'score|length|fps|ratio|train/loss/|train/rand/'
train/loss/con 0.02 / train/loss/dyn 2.23 / train/loss/policy 0.01 / train/loss/position 6.4e-3 / train/loss/rep 2.23 / train/loss/repval 1.07 / train/loss/rew 0.07 / train/loss/touch 0.03 / train/loss/value 1.13 / train/loss/velocity 0.17 / replay/replay_ratio 1040 / fps/policy 36.62 / fps/train 3.7e4

Writing metrics: /home/sk3686/logdir/dreamer/loginnode_hopper_hop_baseline_20260414_213513_della-mol/metrics.jsonl
Writing metrics: /home/sk3686/logdir/dreamer/loginnode_hopper_hop_baseline_20260414_213513_della-mol/scores.jsonl

--------------------[Agent Step 465_088]--------------------
Metrics filtered by: 'score|length|fps|ratio|train/loss/|train/rand/'
episode/score 154.2 / episode/length 1001 / train/loss/con 0.02 / train/loss/dyn 2.23 / train/loss/policy 0.01 / train/loss/position 6.3e-3 / train/loss/rep 2.23 / train/loss/repval 1.13 / train/loss/rew 0.07 / train/loss/touch 0.03 / train/loss/value 1.13 / train/loss/velocity 0.17 / replay/replay_ratio 1040 / fps/policy 36.78 / fps/train 3.8e4

Writing metrics: /home/sk3686/logdir/dreamer/loginnode_hopper_hop_baseline_20260414_213513_della-mol/metrics.jsonl
Writing metrics: /home/sk3686/logdir/dreamer/loginnode_hopper_hop_baseline_20260414_213513_della-mol/scores.jsonl

--------------------[Agent Step 469_472]--------------------
Metrics filtered by: 'score|length|fps|ratio|train/loss/|train/rand/'
train/loss/con 0.02 / train/loss/dyn 2.23 / train/loss/policy 0.01 / train/loss/position 6.3e-3 / train/loss/rep 2.23 / train/loss/repval 1.15 / train/loss/rew 0.07 / train/loss/touch 0.03 / train/loss/value 1.11 / train/loss/velocity 0.17 / replay/replay_ratio 1040 / fps/policy 36.52 / fps/train 3.7e4

Writing metrics: /home/sk3686/logdir/dreamer/loginnode_hopper_hop_baseline_20260414_213513_della-mol/scores.jsonl
Writing metrics: /home/sk3686/logdir/dreamer/loginnode_hopper_hop_baseline_20260414_213513_della-mol/metrics.jsonl

--------------------[Agent Step 473_872]--------------------
Metrics filtered by: 'score|length|fps|ratio|train/loss/|train/rand/'
train/loss/con 0.02 / train/loss/dyn 2.22 / train/loss/policy 0.01 / train/loss/position 6.2e-3 / train/loss/rep 2.22 / train/loss/repval 1.16 / train/loss/rew 0.07 / train/loss/touch 0.03 / train/loss/value 1.1 / train/loss/velocity 0.16 / replay/replay_ratio 1040 / fps/policy 36.55 / fps/train 3.7e4

Writing metrics: /home/sk3686/logdir/dreamer/loginnode_hopper_hop_baseline_20260414_213513_della-mol/scores.jsonl
Writing metrics: /home/sk3686/logdir/dreamer/loginnode_hopper_hop_baseline_20260414_213513_della-mol/metrics.jsonl

--------------------[Agent Step 478_256]--------------------
Metrics filtered by: 'score|length|fps|ratio|train/loss/|train/rand/'
train/loss/con 0.02 / train/loss/dyn 2.21 / train/loss/policy 0.01 / train/loss/position 6.2e-3 / train/loss/rep 2.21 / train/loss/repval 1.15 / train/loss/rew 0.07 / train/loss/touch 0.03 / train/loss/value 1.08 / train/loss/velocity 0.16 / replay/replay_ratio 1040 / fps/policy 36.5 / fps/train 3.7e4

Writing metrics: /home/sk3686/logdir/dreamer/loginnode_hopper_hop_baseline_20260414_213513_della-mol/metrics.jsonl
Writing metrics: /home/sk3686/logdir/dreamer/loginnode_hopper_hop_baseline_20260414_213513_della-mol/scores.jsonl

--------------------[Agent Step 482_640]--------------------
Metrics filtered by: 'score|length|fps|ratio|train/loss/|train/rand/'
episode/score 115.31 / episode/length 1001 / train/loss/con 0.02 / train/loss/dyn 2.21 / train/loss/policy 0.01 / train/loss/position 6.1e-3 / train/loss/rep 2.21 / train/loss/repval 1.16 / train/loss/rew 0.07 / train/loss/touch 0.03 / train/loss/value 0.99 / train/loss/velocity 0.16 / replay/replay_ratio 1040 / fps/policy 36.41 / fps/train 3.7e4

Writing metrics: /home/sk3686/logdir/dreamer/loginnode_hopper_hop_baseline_20260414_213513_della-mol/scores.jsonl
Writing metrics: /home/sk3686/logdir/dreamer/loginnode_hopper_hop_baseline_20260414_213513_della-mol/metrics.jsonl

--------------------[Agent Step 487_024]--------------------
Metrics filtered by: 'score|length|fps|ratio|train/loss/|train/rand/'
train/loss/con 0.02 / train/loss/dyn 2.2 / train/loss/policy 0.01 / train/loss/position 6.1e-3 / train/loss/rep 2.2 / train/loss/repval 1.11 / train/loss/rew 0.07 / train/loss/touch 0.03 / train/loss/value 0.87 / train/loss/velocity 0.16 / replay/replay_ratio 1040 / fps/policy 36.46 / fps/train 3.7e4

Writing metrics: /home/sk3686/logdir/dreamer/loginnode_hopper_hop_baseline_20260414_213513_della-mol/scores.jsonl
Writing metrics: /home/sk3686/logdir/dreamer/loginnode_hopper_hop_baseline_20260414_213513_della-mol/metrics.jsonl
Saving checkpoint: /home/sk3686/logdir/dreamer/loginnode_hopper_hop_baseline_20260414_213513_della-mol/ckpt/20260415T012114F935375
Saved checkpoint.

--------------------[Agent Step 491_408]--------------------
Metrics filtered by: 'score|length|fps|ratio|train/loss/|train/rand/'
train/loss/con 0.02 / train/loss/dyn 2.2 / train/loss/policy 0.01 / train/loss/position 6e-3 / train/loss/rep 2.2 / train/loss/repval 1.09 / train/loss/rew 0.07 / train/loss/touch 0.03 / train/loss/value 0.85 / train/loss/velocity 0.16 / replay/replay_ratio 1040 / fps/policy 36.44 / fps/train 3.7e4

Writing metrics: /home/sk3686/logdir/dreamer/loginnode_hopper_hop_baseline_20260414_213513_della-mol/metrics.jsonl
Writing metrics: /home/sk3686/logdir/dreamer/loginnode_hopper_hop_baseline_20260414_213513_della-mol/scores.jsonl

--------------------[Agent Step 495_792]--------------------
Metrics filtered by: 'score|length|fps|ratio|train/loss/|train/rand/'
train/loss/con 0.02 / train/loss/dyn 2.19 / train/loss/policy 0.01 / train/loss/position 5.9e-3 / train/loss/rep 2.19 / train/loss/repval 1.04 / train/loss/rew 0.08 / train/loss/touch 0.03 / train/loss/value 0.87 / train/loss/velocity 0.16 / replay/replay_ratio 1040 / fps/policy 36.46 / fps/train 3.7e4

Writing metrics: /home/sk3686/logdir/dreamer/loginnode_hopper_hop_baseline_20260414_213513_della-mol/metrics.jsonl
Writing metrics: /home/sk3686/logdir/dreamer/loginnode_hopper_hop_baseline_20260414_213513_della-mol/scores.jsonl

--------------------[Agent Step 499_696]--------------------
Metrics filtered by: 'score|length|fps|ratio|train/loss/|train/rand/'
episode/score 152.15 / episode/length 1001

Writing metrics: /home/sk3686/logdir/dreamer/loginnode_hopper_hop_baseline_20260414_213513_della-mol/scores.jsonl
Writing metrics: /home/sk3686/logdir/dreamer/loginnode_hopper_hop_baseline_20260414_213513_della-mol/metrics.jsonl
